Component: ARM Compiler 5.06 update 6 (build 750) Tool: armlink [4d35ed]

==============================================================================

Section Cross References

    main.o(i.advertising_start) refers to app_error.o(i.app_error_handler_bare) for app_error_handler_bare
    main.o(i.advertising_start) refers to main.o(.data) for .data
    main.o(i.assert_nrf_callback) refers to app_error_handler_keil.o(.emb_text) for app_error_handler
    main.o(i.ble_evt_handler) refers to app_error.o(i.app_error_handler_bare) for app_error_handler_bare
    main.o(i.ble_evt_handler) refers to main.o(i.on_adv_report) for on_adv_report
    main.o(i.ble_evt_handler) refers to main.o(i.report_advertising_init) for report_advertising_init
    main.o(i.ble_evt_handler) refers to main.o(i.advertising_start) for advertising_start
    main.o(i.ble_evt_handler) refers to main.o(i.ping_advertising_init) for ping_advertising_init
    main.o(i.ble_evt_handler) refers to main.o(.data) for .data
    main.o(i.ble_evt_handler) refers to main.o(.constdata) for .constdata
    main.o(i.button_event_handler) refers to ble_lbs_c.o(i.ble_lbs_led_status_send) for ble_lbs_led_status_send
    main.o(i.button_event_handler) refers to app_error.o(i.app_error_handler_bare) for app_error_handler_bare
    main.o(i.button_event_handler) refers to main.o(.bss) for .bss
    main.o(i.db_disc_handler) refers to ble_lbs_c.o(i.ble_lbs_on_db_disc_evt) for ble_lbs_on_db_disc_evt
    main.o(i.db_disc_handler) refers to main.o(.bss) for .bss
    main.o(i.main) refers to nrf_log_frontend.o(i.nrf_log_init) for nrf_log_init
    main.o(i.main) refers to app_error.o(i.app_error_handler_bare) for app_error_handler_bare
    main.o(i.main) refers to nrf_log_default_backends.o(i.nrf_log_default_backends_init) for nrf_log_default_backends_init
    main.o(i.main) refers to app_timer.o(i.app_timer_init) for app_timer_init
    main.o(i.main) refers to boards.o(i.bsp_board_init) for bsp_board_init
    main.o(i.main) refers to app_button.o(i.app_button_init) for app_button_init
    main.o(i.main) refers to nrf_pwr_mgmt.o(i.nrf_pwr_mgmt_init) for nrf_pwr_mgmt_init
    main.o(i.main) refers to nrf_sdh.o(i.nrf_sdh_enable_request) for nrf_sdh_enable_request
    main.o(i.main) refers to nrf_sdh_ble.o(i.nrf_sdh_ble_default_cfg_set) for nrf_sdh_ble_default_cfg_set
    main.o(i.main) refers to nrf_sdh_ble.o(i.nrf_sdh_ble_enable) for nrf_sdh_ble_enable
    main.o(i.main) refers to nrf_ble_gatt.o(i.nrf_ble_gatt_init) for nrf_ble_gatt_init
    main.o(i.main) refers to ble_db_discovery.o(i.ble_db_discovery_init) for ble_db_discovery_init
    main.o(i.main) refers to ble_lbs_c.o(i.ble_lbs_c_init) for ble_lbs_c_init
    main.o(i.main) refers to main.o(i.ping_advertising_init) for ping_advertising_init
    main.o(i.main) refers to nrf_log_frontend.o(i.nrf_log_frontend_std_0) for nrf_log_frontend_std_0
    main.o(i.main) refers to main.o(i.advertising_start) for advertising_start
    main.o(i.main) refers to nrf_pwr_mgmt.o(i.nrf_pwr_mgmt_run) for nrf_pwr_mgmt_run
    main.o(i.main) refers to main.o(.data) for .data
    main.o(i.main) refers to main.o(.bss) for .bss
    main.o(i.main) refers to main.o(i.db_disc_handler) for db_disc_handler
    main.o(i.main) refers to main.o(i.lbs_c_evt_handler) for lbs_c_evt_handler
    main.o(i.main) refers to nrf_log_frontend.o(log_dynamic_data) for m_nrf_log_app_logs_data_dynamic
    main.o(i.on_adv_report) refers to printf8.o(i.__0sprintf$8) for __2sprintf
    main.o(i.on_adv_report) refers to main.o(i.update_device_list) for update_device_list
    main.o(i.on_adv_report) refers to app_error.o(i.app_error_handler_bare) for app_error_handler_bare
    main.o(i.on_adv_report) refers to main.o(.data) for .data
    main.o(i.ping_advertising_init) refers to memseta.o(.text) for __aeabi_memclr4
    main.o(i.ping_advertising_init) refers to app_error.o(i.app_error_handler_bare) for app_error_handler_bare
    main.o(i.ping_advertising_init) refers to main.o(.data) for .data
    main.o(i.ping_advertising_init) refers to main.o(.bss) for .bss
    main.o(i.report_advertising_init) refers to memseta.o(.text) for __aeabi_memclr4
    main.o(i.report_advertising_init) refers to memcpya.o(.text) for __aeabi_memcpy4
    main.o(i.report_advertising_init) refers to app_error.o(i.app_error_handler_bare) for app_error_handler_bare
    main.o(i.report_advertising_init) refers to main.o(.bss) for .bss
    main.o(i.report_advertising_init) refers to main.o(.data) for .data
    main.o(i.update_device_list) refers to memcmp.o(.text) for memcmp
    main.o(i.update_device_list) refers to main.o(.bss) for .bss
    main.o(.data) refers to main.o(.bss) for m_scan_buffer_data
    main.o(.data) refers to main.o(i.button_event_handler) for button_event_handler
    main.o(.data) refers to main.o(.bss) for m_enc_advdata_ping
    main.o(.data) refers to main.o(.bss) for m_enc_advdata_rep
[...]
    __tagsym$$used                           0x200021ac   Number         0  nrf_fstorage_sd.o(log_dynamic_data)
    log_dynamic_data                         0x200021b0   Section        4  nrf_pwr_mgmt.o(log_dynamic_data)
    __tagsym$$used                           0x200021b0   Number         0  nrf_pwr_mgmt.o(log_dynamic_data)
    log_dynamic_data                         0x200021b4   Section        8  nrf_log_frontend.o(log_dynamic_data)
    __tagsym$$used                           0x200021b4   Number         0  nrf_log_frontend.o(log_dynamic_data)
    __tagsym$$used                           0x200021b8   Number         0  nrf_log_frontend.o(log_dynamic_data)
    log_dynamic_data                         0x200021bc   Section        4  nrf_sdh.o(log_dynamic_data)
    __tagsym$$used                           0x200021bc   Number         0  nrf_sdh.o(log_dynamic_data)
    log_dynamic_data                         0x200021c0   Section        4  nrf_sdh_ble.o(log_dynamic_data)
    __tagsym$$used                           0x200021c0   Number         0  nrf_sdh_ble.o(log_dynamic_data)
    log_dynamic_data                         0x200021c4   Section        4  nrf_sdh_soc.o(log_dynamic_data)
    __tagsym$$used                           0x200021c4   Number         0  nrf_sdh_soc.o(log_dynamic_data)
    .bss                                     0x200021c8   Section      144  main.o(.bss)
    m_ble_lbs_c                              0x200021c8   Data          16  main.o(.bss)
    m_gatt                                   0x200021d8   Data          20  main.o(.bss)
    devices_found                            0x200021ec   Data          28  main.o(.bss)
    m_adv_params_ping                        0x20002208   Data          24  main.o(.bss)
    m_enc_advdata_rep                        0x20002220   Data          31  main.o(.bss)
    m_adv_params_rep                         0x20002240   Data          24  main.o(.bss)
    .bss                                     0x20002258   Section       31  main.o(.bss)
    m_enc_advdata_ping                       0x20002258   Data          31  main.o(.bss)
    .bss                                     0x20002277   Section       31  main.o(.bss)
    m_scan_buffer_data                       0x20002277   Data          31  main.o(.bss)
    .bss                                     0x20002296   Section       12  bsp.o(.bss)
    m_events_list                            0x20002296   Data          12  bsp.o(.bss)
    .bss                                     0x200022a4   Section      120  ble_conn_state.o(.bss)
    m_bcs                                    0x200022a4   Data         120  ble_conn_state.o(.bss)
    .bss                                     0x2000231c   Section      792  ble_db_discovery.o(.bss)
    m_registered_handlers                    0x2000231c   Data          24  ble_db_discovery.o(.bss)
    m_pending_user_evts                      0x20002334   Data         768  ble_db_discovery.o(.bss)
    .bss                                     0x20002634   Section      160  ble_lbs_c.o(.bss)
    m_tx_buffer                              0x20002634   Data         160  ble_lbs_c.o(.bss)
    .bss                                     0x200026d4   Section       20  nrf_drv_clock.o(.bss)
    m_clock_cb                               0x200026d4   Data          20  nrf_drv_clock.o(.bss)
    .bss                                     0x200026e8   Section       92  nrfx_gpiote.o(.bss)
    m_cb                                     0x200026e8   Data          92  nrfx_gpiote.o(.bss)
    .bss                                     0x20002744   Section       44  nrfx_uart.o(.bss)
    m_cb                                     0x20002744   Data          44  nrfx_uart.o(.bss)
    .bss                                     0x20002770   Section       36  nrfx_uarte.o(.bss)
    m_cb                                     0x20002770   Data          36  nrfx_uarte.o(.bss)
    .bss                                     0x20002794   Section       32  app_button.o(.bss)
    m_detection_delay_timer_id_data          0x20002794   Data          32  app_button.o(.bss)
    .bss                                     0x200027b4   Section      268  app_timer.o(.bss)
    m_op_queue                               0x200027b4   Data         268  app_timer.o(.bss)
    .bss                                     0x200028c0   Section       12  app_util_platform.o(.bss)
    .bss                                     0x200028cc   Section      160  nrf_fstorage_sd.o(.bss)
    m_fifo_data                              0x200028cc   Data         140  nrf_fstorage_sd.o(.bss)
    m_flags                                  0x20002958   Data          20  nrf_fstorage_sd.o(.bss)
    .bss                                     0x2000296c   Section       12  nrf_pwr_mgmt.o(.bss)
    m_handlers_iter                          0x2000296c   Data          12  nrf_pwr_mgmt.o(.bss)
    .bss                                     0x20002978   Section       64  nrf_log_backend_uart.o(.bss)
    m_string_buff                            0x20002978   Data          64  nrf_log_backend_uart.o(.bss)
    .bss                                     0x200029b8   Section      192  nrf_log_frontend.o(.bss)
    log_mempool_nrf_balloc_pool_mem          0x200029b8   Data         192  nrf_log_frontend.o(.bss)
    .bss                                     0x20002a78   Section     1060  nrf_log_frontend.o(.bss)
    m_log_data                               0x20002a78   Data        1060  nrf_log_frontend.o(.bss)
    STACK                                    0x20002ea0   Section     8192  arm_startup_nrf52.o(STACK)

    Global Symbols

    Symbol Name                              Value     Ov Type        Size  Object(Section)

    BuildAttributes$$THM_ISAv4$E$P$D$K$B$S$7EM$VFPi3$EXTD16$VFPS$VFMA$PE$A:L22UL41UL21$X:L11$S22US41US21$IEEE1$IW$USESV6$~STKCKD$USESV7$~SHL$OSPACE$ROPI$EBA8$MICROLIB$REQ8$EABIv2 0x00000000   Number         0  anon$$obj.o ABSOLUTE
    __ARM_use_no_argv                        0x00000000   Number         0  main.o ABSOLUTE
    __use_no_errno                           0x00000000   Number         0  useno.o ABSOLUTE
    __use_no_exception_handling              0x00000000   Number         0  useno.o ABSOLUTE
    __use_no_fp                              0x00000000   Number         0  useno.o ABSOLUTE
    __use_no_heap                            0x00000000   Number         0  useno.o ABSOLUTE
    __use_no_heap_region                     0x00000000   Number         0  useno.o ABSOLUTE
    __use_no_semihosting                     0x00000000   Number         0  useno.o ABSOLUTE
    __use_no_semihosting_swi                 0x00000000   Number         0  useno.o ABSOLUTE
    __use_no_signal_handling                 0x00000000   Number         0  useno.o ABSOLUTE
    _printf_a                                0x00000000   Number         0  stubs.o ABSOLUTE
    _printf_c                                0x00000000   Number         0  stubs.o ABSOLUTE
    _printf_charcount                        0x00000000   Number         0  stubs.o ABSOLUTE
    _printf_d                                0x00000000   Number         0  stubs.o ABSOLUTE
    _printf_e                                0x00000000   Number         0  stubs.o ABSOLUTE
    _printf_f                                0x00000000   Number         0  stubs.o ABSOLUTE
    _printf_flags                            0x00000000   Number         0  stubs.o ABSOLUTE
    _printf_fp_dec                           0x00000000   Number         0  stubs.o ABSOLUTE
    _printf_fp_hex                           0x00000000   Number         0  stubs.o ABSOLUTE
    _printf_g                                0x00000000   Number         0  stubs.o ABSOLUTE
    _printf_i                                0x00000000   Number         0  stubs.o ABSOLUTE
    _printf_int_dec                          0x00000000   Number         0  stubs.o ABSOLUTE
    _printf_l                                0x00000000   Number         0  stubs.o ABSOLUTE
    _printf_lc                               0x00000000   Number         0  stubs.o ABSOLUTE
    _printf_ll                               0x00000000   Number         0  stubs.o ABSOLUTE
    _printf_lld                              0x00000000   Number         0  stubs.o ABSOLUTE
    _printf_lli                              0x00000000   Number         0  stubs.o ABSOLUTE
    _printf_llo                              0x00000000   Number         0  stubs.o ABSOLUTE
    _printf_llu                              0x00000000   Number         0  stubs.o ABSOLUTE
    _printf_llx                              0x00000000   Number         0  stubs.o ABSOLUTE
    _printf_longlong_dec                     0x00000000   Number         0  stubs.o ABSOLUTE
    _printf_longlong_hex                     0x00000000   Number         0  stubs.o ABSOLUTE
    _printf_longlong_oct                     0x00000000   Number         0  stubs.o ABSOLUTE
    _printf_ls                               0x00000000   Number         0  stubs.o ABSOLUTE
    _printf_mbtowc                           0x00000000   Number         0  stubs.o ABSOLUTE
    _printf_n                                0x00000000   Number         0  stubs.o ABSOLUTE
    _printf_o                                0x00000000   Number         0  stubs.o ABSOLUTE
    _printf_p                                0x00000000   Number         0  stubs.o ABSOLUTE
    _printf_percent                          0x00000000   Number         0  stubs.o ABSOLUTE
    _printf_pre_padding                      0x00000000   Number         0  stubs.o ABSOLUTE
    _printf_return_value                     0x00000000   Number         0  stubs.o ABSOLUTE
    _printf_s                                0x00000000   Number         0  stubs.o ABSOLUTE
    _printf_sizespec                         0x00000000   Number         0  stubs.o ABSOLUTE
    _printf_str                              0x00000000   Number         0  stubs.o ABSOLUTE
    _printf_truncate_signed                  0x00000000   Number         0  stubs.o ABSOLUTE
    _printf_truncate_unsigned                0x00000000   Number         0  stubs.o ABSOLUTE
    _printf_u                                0x00000000   Number         0  stubs.o ABSOLUTE
    _printf_wc                               0x00000000   Number         0  stubs.o ABSOLUTE
    _printf_wctomb                           0x00000000   Number         0  stubs.o ABSOLUTE
    _printf_widthprec                        0x00000000   Number         0  stubs.o ABSOLUTE
    _printf_x                                0x00000000   Number         0  stubs.o ABSOLUTE
    __cpp_initialize__aeabi_                  - Undefined Weak Reference
    __cxa_finalize                            - Undefined Weak Reference
    _clock_init                               - Undefined Weak Reference
    _microlib_exit                            - Undefined Weak Reference
    fs_data$$Base                             - Undefined Reference
    fs_data$$Limit                            - Undefined Reference
    pwr_mgmt_data0$$Base                      - Undefined Reference
    pwr_mgmt_data0$$Limit                     - Undefined Reference
    pwr_mgmt_data1$$Base                      - Undefined Reference
    pwr_mgmt_data1$$Limit                     - Undefined Reference
    pwr_mgmt_data2$$Base                      - Undefined Reference
    pwr_mgmt_data2$$Limit                     - Undefined Reference
    sdh_req_observers1$$Base                  - Undefined Reference
    sdh_req_observers1$$Limit                 - Undefined Reference
    sdh_soc_observers1$$Base                  - Undefined Reference
    sdh_soc_observers1$$Limit                 - Undefined Reference
    sdh_stack_observers1$$Base                - Undefined Reference
    sdh_stack_observers1$$Limit               - Undefined Reference
    sdh_state_observers1$$Base                - Undefined Reference
    sdh_state_observers1$$Limit               - Undefined Reference
    __Vectors_Size                           0x00000200   Number         0  arm_startup_nrf52.o ABSOLUTE
    __Vectors                                0x00026000   Data           4  arm_startup_nrf52.o(RESET)
    __Vectors_End                            0x00026200   Data           0  arm_startup_nrf52.o(RESET)
    __main                                   0x00026201   Thumb Code     0  entry.o(.ARM.Collect$$$$00000000)
    _main_stk                                0x00026201   Thumb Code     0  entry2.o(.ARM.Collect$$$$00000001)
    _main_scatterload                        0x00026205   Thumb Code     0  entry5.o(.ARM.Collect$$$$00000004)
    __main_after_scatterload                 0x00026209   Thumb Code     0  entry5.o(.ARM.Collect$$$$00000004)
    _main_clock                              0x00026209   Thumb Code     0  entry7b.o(.ARM.Collect$$$$00000008)
    _main_cpp_init                           0x00026209   Thumb Code     0  entry8b.o(.ARM.Collect$$$$0000000A)
    _main_init                               0x00026209   Thumb Code     0  entry9a.o(.ARM.Collect$$$$0000000B)
    __rt_final_cpp                           0x00026211   Thumb Code     0  entry10a.o(.ARM.Collect$$$$0000000D)
    __rt_final_exit                          0x00026211   Thumb Code     0  entry11a.o(.ARM.Collect$$$$0000000F)
    __asm___12_nrf_atfifo_c_51f461e1__nrf_atfifo_wspace_req 0x00026215   Thumb Code    56  nrf_atfifo.o(.emb_text)
    __asm___12_nrf_atfifo_c_51f461e1__nrf_atfifo_wspace_close 0x0002624d   Thumb Code    18  nrf_atfifo.o(.emb_text)
    __asm___12_nrf_atfifo_c_51f461e1__nrf_atfifo_rspace_req 0x0002625f   Thumb Code    58  nrf_atfifo.o(.emb_text)
    __asm___12_nrf_atfifo_c_51f461e1__nrf_atfifo_rspace_close 0x00026299   Thumb Code    18  nrf_atfifo.o(.emb_text)
    __asm___12_nrf_atfifo_c_51f461e1__nrf_atfifo_space_clear 0x000262ab   Thumb Code    50  nrf_atfifo.o(.emb_text)
    __asm___12_nrf_atomic_c_85ca2469__nrf_atomic_internal_mov 0x000262dd   Thumb Code    24  nrf_atomic.o(.emb_text)
    __asm___12_nrf_atomic_c_85ca2469__nrf_atomic_internal_orr 0x000262f5   Thumb Code    26  nrf_atomic.o(.emb_text)
    __asm___12_nrf_atomic_c_85ca2469__nrf_atomic_internal_and 0x0002630f   Thumb Code    26  nrf_atomic.o(.emb_text)
    __asm___12_nrf_atomic_c_85ca2469__nrf_atomic_internal_eor 0x00026329   Thumb Code    26  nrf_atomic.o(.emb_text)
    __asm___12_nrf_atomic_c_85ca2469__nrf_atomic_internal_add 0x00026343   Thumb Code    26  nrf_atomic.o(.emb_text)
    __asm___12_nrf_atomic_c_85ca2469__nrf_atomic_internal_sub 0x0002635d   Thumb Code    26  nrf_atomic.o(.emb_text)
    __asm___12_nrf_atomic_c_85ca2469__nrf_atomic_internal_cmp_exch 0x00026377   Thumb Code    42  nrf_atomic.o(.emb_text)
    __asm___12_nrf_atomic_c_85ca2469__nrf_atomic_internal_sub_hs 0x000263a1   Thumb Code    30  nrf_atomic.o(.emb_text)
    Reset_Handler                            0x000263c1   Thumb Code     8  arm_startup_nrf52.o(.text)
    NMI_Handler                              0x000263c9   Thumb Code     2  arm_startup_nrf52.o(.text)
    HardFault_Handler                        0x000263cb   Thumb Code     2  arm_startup_nrf52.o(.text)
    MemoryManagement_Handler                 0x000263cd   Thumb Code     2  arm_startup_nrf52.o(.text)
    BusFault_Handler                         0x000263cf   Thumb Code     2  arm_startup_nrf52.o(.text)
    UsageFault_Handler                       0x000263d1   Thumb Code     2  arm_startup_nrf52.o(.text)
    SVC_Handler                              0x000263d3   Thumb Code     2  arm_startup_nrf52.o(.text)
    DebugMon_Handler                         0x000263d5   Thumb Code     2  arm_startup_nrf52.o(.text)
    PendSV_Handler                           0x000263d7   Thumb Code     2  arm_startup_nrf52.o(.text)
    SysTick_Handler                          0x000263d9   Thumb Code     2  arm_startup_nrf52.o(.text)
    CCM_AAR_IRQHandler                       0x000263db   Thumb Code     0  arm_startup_nrf52.o(.text)
    COMP_LPCOMP_IRQHandler                   0x000263db   Thumb Code     0  arm_startup_nrf52.o(.text)
    ECB_IRQHandler                           0x000263db   Thumb Code     0  arm_startup_nrf52.o(.text)
    FPU_IRQHandler                           0x000263db   Thumb Code     0  arm_startup_nrf52.o(.text)
    I2S_IRQHandler                           0x000263db   Thumb Code     0  arm_startup_nrf52.o(.text)
    MWU_IRQHandler                           0x000263db   Thumb Code     0  arm_startup_nrf52.o(.text)
    NFCT_IRQHandler                          0x000263db   Thumb Code     0  arm_startup_nrf52.o(.text)
    PDM_IRQHandler                           0x000263db   Thumb Code     0  arm_startup_nrf52.o(.text)
    PWM0_IRQHandler                          0x000263db   Thumb Code     0  arm_startup_nrf52.o(.text)
    PWM1_IRQHandler                          0x000263db   Thumb Code     0  arm_startup_nrf52.o(.text)
    PWM2_IRQHandler                          0x000263db   Thumb Code     0  arm_startup_nrf52.o(.text)
    QDEC_IRQHandler                          0x000263db   Thumb Code     0  arm_startup_nrf52.o(.text)
    RADIO_IRQHandler                         0x000263db   Thumb Code     0  arm_startup_nrf52.o(.text)
    RNG_IRQHandler                           0x000263db   Thumb Code     0  arm_startup_nrf52.o(.text)
    RTC0_IRQHandler                          0x000263db   Thumb Code     0  arm_startup_nrf52.o(.text)
    RTC2_IRQHandler                          0x000263db   Thumb Code     0  arm_startup_nrf52.o(.text)
    SAADC_IRQHandler                         0x000263db   Thumb Code     0  arm_startup_nrf52.o(.text)
    SPIM0_SPIS0_TWIM0_TWIS0_SPI0_TWI0_IRQHandler 0x000263db   Thumb Code     0  arm_startup_nrf52.o(.text)
    SPIM1_SPIS1_TWIM1_TWIS1_SPI1_TWI1_IRQHandler 0x000263db   Thumb Code     0  arm_startup_nrf52.o(.text)
    SPIM2_SPIS2_SPI2_IRQHandler              0x000263db   Thumb Code     0  arm_startup_nrf52.o(.text)
    SWI1_EGU1_IRQHandler                     0x000263db   Thumb Code     0  arm_startup_nrf52.o(.text)
    SWI3_EGU3_IRQHandler                     0x000263db   Thumb Code     0  arm_startup_nrf52.o(.text)
    SWI4_EGU4_IRQHandler                     0x000263db   Thumb Code     0  arm_startup_nrf52.o(.text)
    SWI5_EGU5_IRQHandler                     0x000263db   Thumb Code     0  arm_startup_nrf52.o(.text)
    TEMP_IRQHandler                          0x000263db   Thumb Code     0  arm_startup_nrf52.o(.text)
    TIMER0_IRQHandler                        0x000263db   Thumb Code     0  arm_startup_nrf52.o(.text)
    TIMER1_IRQHandler                        0x000263db   Thumb Code     0  arm_startup_nrf52.o(.text)
    TIMER2_IRQHandler                        0x000263db   Thumb Code     0  arm_startup_nrf52.o(.text)
    TIMER3_IRQHandler                        0x000263db   Thumb Code     0  arm_startup_nrf52.o(.text)
    TIMER4_IRQHandler                        0x000263db   Thumb Code     0  arm_startup_nrf52.o(.text)
    WDT_IRQHandler                           0x000263db   Thumb Code     0  arm_startup_nrf52.o(.text)
    __aeabi_uldivmod                         0x000263e5   Thumb Code    98  uldiv.o(.text)
    __aeabi_llsl                             0x00026447   Thumb Code    30  llshl.o(.text)
    _ll_shift_l                              0x00026447   Thumb Code     0  llshl.o(.text)
    __rt_ctype_table                         0x00026465   Thumb Code     4  ctype_o.o(.text)
    __aeabi_memcpy                           0x0002646d   Thumb Code    36  memcpya.o(.text)
    __aeabi_memcpy4                          0x0002646d   Thumb Code     0  memcpya.o(.text)
    __aeabi_memcpy8                          0x0002646d   Thumb Code     0  memcpya.o(.text)
    __aeabi_memset                           0x00026491   Thumb Code    14  memseta.o(.text)
    __aeabi_memset4                          0x00026491   Thumb Code     0  memseta.o(.text)
    __aeabi_memset8                          0x00026491   Thumb Code     0  memseta.o(.text)
    __aeabi_memclr                           0x0002649f   Thumb Code     4  memseta.o(.text)
    __aeabi_memclr4                          0x0002649f   Thumb Code     0  memseta.o(.text)
    __aeabi_memclr8                          0x0002649f   Thumb Code     0  memseta.o(.text)
    _memset$wrapper                          0x000264a3   Thumb Code    18  memseta.o(.text)
    strlen                                   0x000264b5   Thumb Code    14  strlen.o(.text)
    memcmp                                   0x000264c3   Thumb Code    26  memcmp.o(.text)
    __aeabi_llsr                             0x000264dd   Thumb Code    32  llushr.o(.text)
    _ll_ushift_r                             0x000264dd   Thumb Code     0  llushr.o(.text)
    __scatterload                            0x000264fd   Thumb Code    28  init.o(.text)
    __scatterload_rt2                        0x000264fd   Thumb Code     0  init.o(.text)
    __decompress                             0x00026521   Thumb Code     0  __dczerorl2.o(.text)
    __decompress1                            0x00026521   Thumb Code    86  __dczerorl2.o(.text)
    GPIOTE_IRQHandler                        0x00026579   Thumb Code   346  nrfx_gpiote.o(i.GPIOTE_IRQHandler)
    POWER_CLOCK_IRQHandler                   0x00026741   Thumb Code    82  nrfx_clock.o(i.POWER_CLOCK_IRQHandler)
    RTC1_IRQHandler                          0x00026799   Thumb Code    32  app_timer.o(i.RTC1_IRQHandler)
    SWI0_EGU0_IRQHandler                     0x000267bd   Thumb Code     4  app_timer.o(i.SWI0_EGU0_IRQHandler)
    SWI2_EGU2_IRQHandler                     0x000267c1   Thumb Code     4  nrf_sdh.o(i.SWI2_EGU2_IRQHandler)
    SystemInit                               0x000267c5   Thumb Code   726  system_nrf52.o(i.SystemInit)
    UARTE0_UART0_IRQHandler                  0x00026ae1   Thumb Code     6  nrfx_prs.o(i.UARTE0_UART0_IRQHandler)
    __0sprintf$8                             0x00026aed   Thumb Code    34  printf8.o(i.__0sprintf$8)
    __1sprintf$8                             0x00026aed   Thumb Code     0  printf8.o(i.__0sprintf$8)
    __2sprintf                               0x00026aed   Thumb Code     0  printf8.o(i.__0sprintf$8)
    __scatterload_copy                       0x00026b15   Thumb Code    14  handlers.o(i.__scatterload_copy)
    __scatterload_null                       0x00026b23   Thumb Code     2  handlers.o(i.__scatterload_null)
    __scatterload_zeroinit                   0x00026b25   Thumb Code    14  handlers.o(i.__scatterload_zeroinit)
    app_button_init                          0x0002702d   Thumb Code   102  app_button.o(i.app_button_init)
    app_error_fault_handler                  0x000270a5   Thumb Code    84  app_error_weak.o(i.app_error_fault_handler)
    app_error_handler_bare                   0x00027121   Thumb Code    22  app_error.o(i.app_error_handler_bare)
    app_timer_create                         0x00027139   Thumb Code    36  app_timer.o(i.app_timer_create)
    app_timer_init                           0x00027161   Thumb Code    70  app_timer.o(i.app_timer_init)
    app_timer_start                          0x000271b5   Thumb Code   128  app_timer.o(i.app_timer_start)
    app_timer_stop                           0x0002723d   Thumb Code    26  app_timer.o(i.app_timer_stop)
    app_util_critical_region_enter           0x0002725d   Thumb Code    64  app_util_platform.o(i.app_util_critical_region_enter)
    app_util_critical_region_exit            0x000272a5   Thumb Code    46  app_util_platform.o(i.app_util_critical_region_exit)
    ble_db_discovery_evt_register            0x000273e9   Thumb Code    56  ble_db_discovery.o(i.ble_db_discovery_evt_register)
    ble_db_discovery_init                    0x00027429   Thumb Code    24  ble_db_discovery.o(i.ble_db_discovery_init)
    ble_db_discovery_on_ble_evt              0x00027445   Thumb Code   138  ble_db_discovery.o(i.ble_db_discovery_on_ble_evt)
    ble_lbs_c_init                           0x000276b1   Thumb Code    80  ble_lbs_c.o(i.ble_lbs_c_init)
    ble_lbs_c_on_ble_evt                     0x00027705   Thumb Code   116  ble_lbs_c.o(i.ble_lbs_c_on_ble_evt)
    ble_lbs_led_status_send                  0x00027779   Thumb Code    80  ble_lbs_c.o(i.ble_lbs_led_status_send)
    ble_lbs_on_db_disc_evt                   0x000277d1   Thumb Code   140  ble_lbs_c.o(i.ble_lbs_on_db_disc_evt)
    bsp_board_init                           0x0002785d   Thumb Code    80  boards.o(i.bsp_board_init)
    bsp_board_led_off                        0x000278b1   Thumb Code    10  boards.o(i.bsp_board_led_off)
    bsp_board_leds_off                       0x000278c1   Thumb Code    18  boards.o(i.bsp_board_leds_off)
    bsp_event_to_button_action_assign        0x000278d5   Thumb Code    64  bsp.o(i.bsp_event_to_button_action_assign)
    buffer_is_empty                          0x000279c9   Thumb Code    16  nrf_log_frontend.o(i.buffer_is_empty)
    conn_handle_list_get                     0x00027bb1   Thumb Code    62  ble_conn_state.o(i.conn_handle_list_get)
    main                                     0x0002839d   Thumb Code   234  main.o(i.main)
    nrf_atfifo_item_free                     0x00028561   Thumb Code    22  nrf_atfifo.o(i.nrf_atfifo_item_free)
    nrf_atfifo_item_get                      0x00028577   Thumb Code    22  nrf_atfifo.o(i.nrf_atfifo_item_get)
    nrf_atflags_clear                        0x0002858d   Thumb Code    22  nrf_atflags.o(i.nrf_atflags_clear)
    nrf_atflags_get                          0x000285a3   Thumb Code    22  nrf_atflags.o(i.nrf_atflags_get)
    nrf_atflags_set                          0x000285b9   Thumb Code    20  nrf_atflags.o(i.nrf_atflags_set)
    nrf_atomic_flag_clear_fetch              0x000285cd   Thumb Code     6  nrf_atomic.o(i.nrf_atomic_flag_clear_fetch)
    nrf_atomic_flag_set                      0x000285d3   Thumb Code     6  nrf_atomic.o(i.nrf_atomic_flag_set)
    nrf_atomic_u32_add                       0x000285d9   Thumb Code    12  nrf_atomic.o(i.nrf_atomic_u32_add)
    nrf_atomic_u32_and                       0x000285e5   Thumb Code    12  nrf_atomic.o(i.nrf_atomic_u32_and)
    nrf_atomic_u32_fetch_and                 0x000285f1   Thumb Code    10  nrf_atomic.o(i.nrf_atomic_u32_fetch_and)
    nrf_atomic_u32_fetch_store               0x000285fb   Thumb Code    10  nrf_atomic.o(i.nrf_atomic_u32_fetch_store)
    nrf_atomic_u32_or                        0x00028605   Thumb Code    12  nrf_atomic.o(i.nrf_atomic_u32_or)
    nrf_atomic_u32_sub                       0x00028611   Thumb Code    12  nrf_atomic.o(i.nrf_atomic_u32_sub)
    nrf_balloc_alloc                         0x0002861d   Thumb Code    68  nrf_balloc.o(i.nrf_balloc_alloc)
    nrf_balloc_free                          0x00028661   Thumb Code    48  nrf_balloc.o(i.nrf_balloc_free)
    nrf_balloc_init                          0x00028691   Thumb Code    48  nrf_balloc.o(i.nrf_balloc_init)
    nrf_ble_gatt_init                        0x000286e5   Thumb Code    34  nrf_ble_gatt.o(i.nrf_ble_gatt_init)
    nrf_ble_gatt_on_ble_evt                  0x00028709   Thumb Code   266  nrf_ble_gatt.o(i.nrf_ble_gatt_on_ble_evt)
    nrf_drv_clock_init                       0x00028871   Thumb Code    48  nrf_drv_clock.o(i.nrf_drv_clock_init)
    nrf_drv_clock_lfclk_release              0x000288a9   Thumb Code    42  nrf_drv_clock.o(i.nrf_drv_clock_lfclk_release)
    nrf_drv_uart_init                        0x000288d9   Thumb Code    90  nrf_drv_uart.o(i.nrf_drv_uart_init)
    nrf_fprintf                              0x00028941   Thumb Code    26  nrf_fprintf.o(i.nrf_fprintf)
    nrf_fprintf_buffer_flush                 0x0002895b   Thumb Code    24  nrf_fprintf.o(i.nrf_fprintf_buffer_flush)
    nrf_fprintf_fmt                          0x00028973   Thumb Code   474  nrf_fprintf_format.o(i.nrf_fprintf_fmt)
    nrf_fstorage_sdh_req_handler             0x00028b4d   Thumb Code    18  nrf_fstorage_sd.o(i.nrf_fstorage_sdh_req_handler)
    nrf_fstorage_sdh_state_handler           0x00028b65   Thumb Code    28  nrf_fstorage_sd.o(i.nrf_fstorage_sdh_state_handler)
    nrf_fstorage_sys_evt_handler             0x00028b85   Thumb Code   154  nrf_fstorage_sd.o(i.nrf_fstorage_sys_evt_handler)
    nrf_log_backend_add                      0x00028dad   Thumb Code    74  nrf_log_frontend.o(i.nrf_log_backend_add)
    nrf_log_backend_serial_put               0x00028dfd   Thumb Code   200  nrf_log_backend_serial.o(i.nrf_log_backend_serial_put)
    nrf_log_backend_uart_init                0x00028ec7   Thumb Code     6  nrf_log_backend_uart.o(i.nrf_log_backend_uart_init)
    nrf_log_color_id_get                     0x00028f11   Thumb Code    42  nrf_log_frontend.o(i.nrf_log_color_id_get)
    nrf_log_default_backends_init            0x00028f41   Thumb Code    22  nrf_log_default_backends.o(i.nrf_log_default_backends_init)
    nrf_log_frontend_dequeue                 0x00028f5d   Thumb Code   510  nrf_log_frontend.o(i.nrf_log_frontend_dequeue)
    nrf_log_frontend_std_0                   0x0002917d   Thumb Code     8  nrf_log_frontend.o(i.nrf_log_frontend_std_0)
    nrf_log_frontend_std_1                   0x00029185   Thumb Code    14  nrf_log_frontend.o(i.nrf_log_frontend_std_1)
    nrf_log_frontend_std_2                   0x00029193   Thumb Code    16  nrf_log_frontend.o(i.nrf_log_frontend_std_2)
    nrf_log_hexdump_entry_process            0x000291a5   Thumb Code   146  nrf_log_str_formatter.o(i.nrf_log_hexdump_entry_process)
    nrf_log_init                             0x00029251   Thumb Code    66  nrf_log_frontend.o(i.nrf_log_init)
    nrf_log_module_cnt_get                   0x000292a9   Thumb Code    10  nrf_log_frontend.o(i.nrf_log_module_cnt_get)
    nrf_log_module_name_get                  0x000292bd   Thumb Code    24  nrf_log_frontend.o(i.nrf_log_module_name_get)
    nrf_log_panic                            0x000292d9   Thumb Code    34  nrf_log_frontend.o(i.nrf_log_panic)
    nrf_log_std_entry_process                0x00029301   Thumb Code   182  nrf_log_str_formatter.o(i.nrf_log_std_entry_process)
    nrf_memobj_alloc                         0x000293b7   Thumb Code    96  nrf_memobj.o(i.nrf_memobj_alloc)
    nrf_memobj_free                          0x00029417   Thumb Code    50  nrf_memobj.o(i.nrf_memobj_free)
    nrf_memobj_get                           0x00029449   Thumb Code     8  nrf_memobj.o(i.nrf_memobj_get)
    nrf_memobj_pool_init                     0x00029451   Thumb Code     4  nrf_memobj.o(i.nrf_memobj_pool_init)
    nrf_memobj_put                           0x00029455   Thumb Code    30  nrf_memobj.o(i.nrf_memobj_put)
    nrf_memobj_read                          0x00029473   Thumb Code    12  nrf_memobj.o(i.nrf_memobj_read)
    nrf_memobj_write                         0x0002947f   Thumb Code    12  nrf_memobj.o(i.nrf_memobj_write)
    nrf_pwr_mgmt_init                        0x0002948d   Thumb Code    28  nrf_pwr_mgmt.o(i.nrf_pwr_mgmt_init)
    nrf_pwr_mgmt_run                         0x000294b5   Thumb Code    64  nrf_pwr_mgmt.o(i.nrf_pwr_mgmt_run)
    nrf_sdh_ble_app_ram_start_get            0x000294f9   Thumb Code    16  nrf_sdh_ble.o(i.nrf_sdh_ble_app_ram_start_get)
    nrf_sdh_ble_default_cfg_set              0x0002950d   Thumb Code   236  nrf_sdh_ble.o(i.nrf_sdh_ble_default_cfg_set)
    nrf_sdh_ble_enable                       0x00029611   Thumb Code   116  nrf_sdh_ble.o(i.nrf_sdh_ble_enable)
    nrf_sdh_disable_request                  0x00029799   Thumb Code    80  nrf_sdh.o(i.nrf_sdh_disable_request)
    nrf_sdh_enable_request                   0x000297ed   Thumb Code   130  nrf_sdh.o(i.nrf_sdh_enable_request)
    nrf_sdh_evts_poll                        0x0002987d   Thumb Code    32  nrf_sdh.o(i.nrf_sdh_evts_poll)
    nrf_sdh_is_enabled                       0x000298a1   Thumb Code     6  nrf_sdh.o(i.nrf_sdh_is_enabled)
    nrf_sdh_request_continue                 0x000298ad   Thumb Code    22  nrf_sdh.o(i.nrf_sdh_request_continue)
    nrf_section_iter_init                    0x00029905   Thumb Code    10  nrf_section_iter.o(i.nrf_section_iter_init)
    nrf_section_iter_next                    0x00029933   Thumb Code    32  nrf_section_iter.o(i.nrf_section_iter_next)
    nrf_strerror_find                        0x00029955   Thumb Code    52  nrf_strerror.o(i.nrf_strerror_find)
    nrf_strerror_get                         0x0002998d   Thumb Code    14  nrf_strerror.o(i.nrf_strerror_get)
    nrfx_clock_enable                        0x000299d9   Thumb Code    36  nrfx_clock.o(i.nrfx_clock_enable)
    nrfx_clock_init                          0x00029a05   Thumb Code    26  nrfx_clock.o(i.nrfx_clock_init)
    nrfx_clock_lfclk_stop                    0x00029a25   Thumb Code    20  nrfx_clock.o(i.nrfx_clock_lfclk_stop)
    nrfx_gpiote_in_init                      0x00029a51   Thumb Code   194  nrfx_gpiote.o(i.nrfx_gpiote_in_init)
    nrfx_gpiote_in_is_set                    0x00029b21   Thumb Code    20  nrfx_gpiote.o(i.nrfx_gpiote_in_is_set)
    nrfx_gpiote_init                         0x00029b35   Thumb Code    98  nrfx_gpiote.o(i.nrfx_gpiote_init)
    nrfx_gpiote_is_init                      0x00029ba5   Thumb Code    14  nrfx_gpiote.o(i.nrfx_gpiote_is_init)
    nrfx_prs_acquire                         0x00029bc9   Thumb Code    58  nrfx_prs.o(i.nrfx_prs_acquire)
    nrfx_prs_release                         0x00029c03   Thumb Code    18  nrfx_prs.o(i.nrfx_prs_release)
    nrfx_uart_0_irq_handler                  0x00029c15   Thumb Code     8  nrfx_uart.o(i.nrfx_uart_0_irq_handler)
    nrfx_uart_init                           0x00029c25   Thumb Code   200  nrfx_uart.o(i.nrfx_uart_init)
    nrfx_uart_tx                             0x00029cf9   Thumb Code   160  nrfx_uart.o(i.nrfx_uart_tx)
    nrfx_uart_tx_in_progress                 0x00029d9d   Thumb Code    26  nrfx_uart.o(i.nrfx_uart_tx_in_progress)
    nrfx_uart_uninit                         0x00029dbd   Thumb Code   170  nrfx_uart.o(i.nrfx_uart_uninit)
    nrfx_uarte_0_irq_handler                 0x00029e71   Thumb Code     8  nrfx_uarte.o(i.nrfx_uarte_0_irq_handler)
    nrfx_uarte_init                          0x00029e81   Thumb Code   100  nrfx_uarte.o(i.nrfx_uarte_init)
    nrfx_uarte_tx                            0x00029eed   Thumb Code   138  nrfx_uarte.o(i.nrfx_uarte_tx)
    nrfx_uarte_tx_in_progress                0x00029f7d   Thumb Code    22  nrfx_uarte.o(i.nrfx_uarte_tx_in_progress)
    nrfx_uarte_uninit                        0x00029f99   Thumb Code   166  nrfx_uarte.o(i.nrfx_uarte_uninit)
    nrf_log_backend_uart_api                 0x0002b418   Data          12  nrf_log_backend_uart.o(.constdata)
    m_ram_start                              0x0002b4bc   Data           4  nrf_sdh_ble.o(.constdata)
    __ctype_table                            0x0002b4e8   Data         129  ctype_o.o(.constdata)
    Region$$Table$$Base                      0x0002bca8   Number         0  anon$$obj.o(Region$$Table)
    Region$$Table$$Limit                     0x0002bcc8   Number         0  anon$$obj.o(Region$$Table)
    log_const_data$$Base                     0x0002bcc8   Number         0  ble_db_discovery.o(log_const_data)
    m_nrf_log_ble_db_disc_logs_data_const    0x0002bcc8   Data           8  ble_db_discovery.o(log_const_data)
    m_nrf_log_nrf_ble_gatt_logs_data_const   0x0002bcd0   Data           8  nrf_ble_gatt.o(log_const_data)
    m_nrf_log_ble_lbs_c_logs_data_const      0x0002bcd8   Data           8  ble_lbs_c.o(log_const_data)
    m_nrf_log_clock_logs_data_const          0x0002bce0   Data           8  nrf_drv_clock.o(log_const_data)
    m_nrf_log_CLOCK_logs_data_const          0x0002bce8   Data           8  nrfx_clock.o(log_const_data)
    m_nrf_log_GPIOTE_logs_data_const         0x0002bcf0   Data           8  nrfx_gpiote.o(log_const_data)
    m_nrf_log_PRS_logs_data_const            0x0002bcf8   Data           8  nrfx_prs.o(log_const_data)
    m_nrf_log_UART_logs_data_const           0x0002bd00   Data           8  nrfx_uart.o(log_const_data)
    m_nrf_log_UARTE_logs_data_const          0x0002bd08   Data           8  nrfx_uarte.o(log_const_data)
    m_nrf_log_nrf_fstorage_logs_data_const   0x0002bd10   Data           8  nrf_fstorage.o(log_const_data)
    m_nrf_log_atfifo_m_fifo_logs_data_const  0x0002bd18   Data           8  nrf_fstorage_sd.o(log_const_data)
    m_nrf_log_pwr_mgmt_logs_data_const       0x0002bd20   Data           8  nrf_pwr_mgmt.o(log_const_data)
    m_nrf_log_balloc_log_mempool_logs_data_const 0x0002bd28   Data           8  nrf_log_frontend.o(log_const_data)
    m_nrf_log_app_logs_data_const            0x0002bd30   Data           8  nrf_log_frontend.o(log_const_data)
    m_nrf_log_nrf_sdh_logs_data_const        0x0002bd38   Data           8  nrf_sdh.o(log_const_data)
    m_nrf_log_nrf_sdh_ble_logs_data_const    0x0002bd40   Data           8  nrf_sdh_ble.o(log_const_data)
    m_nrf_log_nrf_sdh_soc_logs_data_const    0x0002bd48   Data           8  nrf_sdh_soc.o(log_const_data)
    log_const_data$$Limit                    0x0002bd50   Number         0  nrf_sdh_soc.o(log_const_data)
    log_mempool                              0x0002bd50   Data          24  nrf_log_frontend.o(nrf_balloc)
    sdh_ble_observers0$$Base                 0x0002bd68   Number         0  ble_conn_state.o(sdh_ble_observers0)
    sdh_ble_observers0$$Limit                0x0002bd70   Number         0  ble_conn_state.o(sdh_ble_observers0)
    sdh_ble_observers1$$Base                 0x0002bd70   Number         0  main.o(sdh_ble_observers1)
    sdh_ble_observers1$$Limit                0x0002bd88   Number         0  bsp_btn_ble.o(sdh_ble_observers1)
    sdh_ble_observers2$$Base                 0x0002bd88   Number         0  main.o(sdh_ble_observers2)
    sdh_ble_observers2$$Limit                0x0002bd90   Number         0  main.o(sdh_ble_observers2)
    sdh_ble_observers3$$Base                 0x0002bd90   Number         0  main.o(sdh_ble_observers3)
    m_req_obs                                0x0002bd98   Data           8  nrf_fstorage_sd.o(sdh_req_observers0)
    sdh_ble_observers3$$Limit                0x0002bd98   Number         0  main.o(sdh_ble_observers3)
    sdh_req_observers0$$Base                 0x0002bd98   Number         0  nrf_fstorage_sd.o(sdh_req_observers0)
    sdh_req_observers0$$Limit                0x0002bda0   Number         0  nrf_fstorage_sd.o(sdh_req_observers0)
    sdh_soc_observers0$$Base                 0x0002bda0   Number         0  nrf_drv_clock.o(sdh_soc_observers0)
    sdh_soc_observers0$$Limit                0x0002bdb0   Number         0  nrf_fstorage_sd.o(sdh_soc_observers0)
    sdh_stack_observers0$$Base               0x0002bdb0   Number         0  nrf_sdh_ble.o(sdh_stack_observers0)
    sdh_stack_observers0$$Limit              0x0002bdc0   Number         0  nrf_sdh_soc.o(sdh_stack_observers0)
    sdh_state_observers0$$Base               0x0002bdc0   Number         0  nrf_drv_clock.o(sdh_state_observers0)
    sdh_state_observers0$$Limit              0x0002bdd0   Number         0  nrf_fstorage_sd.o(sdh_state_observers0)
    Image$$RW_IRAM1$$Base                    0x20001d70   Number         0  anon$$obj.o ABSOLUTE
    nrf_drv_uart_use_easy_dma                0x20002090   Data           1  nrf_drv_uart.o(.data)
    m_uart                                   0x2000210c   Data          20  nrf_log_backend_uart.o(.data)
    SystemCoreClock                          0x20002180   Data           4  system_nrf52.o(.data)
    log_dynamic_data$$Base                   0x20002184   Number         0  ble_db_discovery.o(log_dynamic_data)
    m_nrf_log_ble_db_disc_logs_data_dynamic  0x20002184   Data           4  ble_db_discovery.o(log_dynamic_data)
    m_nrf_log_nrf_ble_gatt_logs_data_dynamic 0x20002188   Data           4  nrf_ble_gatt.o(log_dynamic_data)
    m_nrf_log_ble_lbs_c_logs_data_dynamic    0x2000218c   Data           4  ble_lbs_c.o(log_dynamic_data)
    m_nrf_log_clock_logs_data_dynamic        0x20002190   Data           4  nrf_drv_clock.o(log_dynamic_data)
    m_nrf_log_CLOCK_logs_data_dynamic        0x20002194   Data           4  nrfx_clock.o(log_dynamic_data)
    m_nrf_log_GPIOTE_logs_data_dynamic       0x20002198   Data           4  nrfx_gpiote.o(log_dynamic_data)
    m_nrf_log_PRS_logs_data_dynamic          0x2000219c   Data           4  nrfx_prs.o(log_dynamic_data)
    m_nrf_log_UART_logs_data_dynamic         0x200021a0   Data           4  nrfx_uart.o(log_dynamic_data)
    m_nrf_log_UARTE_logs_data_dynamic        0x200021a4   Data           4  nrfx_uarte.o(log_dynamic_data)
    m_nrf_log_nrf_fstorage_logs_data_dynamic 0x200021a8   Data           4  nrf_fstorage.o(log_dynamic_data)
    m_nrf_log_atfifo_m_fifo_logs_data_dynamic 0x200021ac   Data           4  nrf_fstorage_sd.o(log_dynamic_data)
    m_nrf_log_pwr_mgmt_logs_data_dynamic     0x200021b0   Data           4  nrf_pwr_mgmt.o(log_dynamic_data)
    m_nrf_log_balloc_log_mempool_logs_data_dynamic 0x200021b4   Data           4  nrf_log_frontend.o(log_dynamic_data)
    m_nrf_log_app_logs_data_dynamic          0x200021b8   Data           4  nrf_log_frontend.o(log_dynamic_data)
    m_nrf_log_nrf_sdh_logs_data_dynamic      0x200021bc   Data           4  nrf_sdh.o(log_dynamic_data)
    m_nrf_log_nrf_sdh_ble_logs_data_dynamic  0x200021c0   Data           4  nrf_sdh_ble.o(log_dynamic_data)
    m_nrf_log_nrf_sdh_soc_logs_data_dynamic  0x200021c4   Data           4  nrf_sdh_soc.o(log_dynamic_data)
    nrf_nvic_state                           0x200028c0   Data          12  app_util_platform.o(.bss)
    __initial_sp                             0x20004ea0   Data           0  arm_startup_nrf52.o(STACK)



==============================================================================

Memory Map of the image

  Image Entry point : 0x00026201

  Load Region LR_IROM1 (Base: 0x00026000, Size: 0x00006228, Max: 0x0005a000, ABSOLUTE, COMPRESSED[0x00005e30])

    Execution Region ER_IROM1 (Exec base: 0x00026000, Load base: 0x00026000, Size: 0x00005dd0, Max: 0x0005a000, ABSOLUTE)

    Exec Addr    Load Addr    Size         Type   Attr      Idx    E Section Name        Object

    0x00026000   0x00026000   0x00000200   Data   RO         4702    RESET               arm_startup_nrf52.o
    0x00026200   0x00026200   0x00000000   Code   RO         4743  * .ARM.Collect$$$$00000000  mc_w.l(entry.o)
    0x00026200   0x00026200   0x00000004   Code   RO         5058    .ARM.Collect$$$$00000001  mc_w.l(entry2.o)
    0x00026204   0x00026204   0x00000004   Code   RO         5061    .ARM.Collect$$$$00000004  mc_w.l(entry5.o)
    0x00026208   0x00026208   0x00000000   Code   RO         5063    .ARM.Collect$$$$00000008  mc_w.l(entry7b.o)
    0x00026208   0x00026208   0x00000000   Code   RO         5065    .ARM.Collect$$$$0000000A  mc_w.l(entry8b.o)
    0x00026208   0x00026208   0x00000008   Code   RO         5066    .ARM.Collect$$$$0000000B  mc_w.l(entry9a.o)
    0x00026210   0x00026210   0x00000000   Code   RO         5068    .ARM.Collect$$$$0000000D  mc_w.l(entry10a.o)
    0x00026210   0x00026210   0x00000000   Code   RO         5070    .ARM.Collect$$$$0000000F  mc_w.l(entry11a.o)
    0x00026210   0x00026210   0x00000004   Code   RO         5059    .ARM.Collect$$$$00002712  mc_w.l(entry2.o)
    0x00026214   0x00026214   0x000000c8   Code   RO         2912    .emb_text           nrf_atfifo.o
    0x000262dc   0x000262dc   0x000000e2   Code   RO         3051    .emb_text           nrf_atomic.o
    0x000263be   0x000263be   0x00000002   PAD
    0x000263c0   0x000263c0   0x00000024   Code   RO         4703    .text               arm_startup_nrf52.o
    0x000263e4   0x000263e4   0x00000062   Code   RO         4751    .text               mc_w.l(uldiv.o)
    0x00026446   0x00026446   0x0000001e   Code   RO         4753    .text               mc_w.l(llshl.o)
    0x00026464   0x00026464   0x00000008   Code   RO         4755    .text               mc_w.l(ctype_o.o)
    0x0002646c   0x0002646c   0x00000024   Code   RO         4783    .text               mc_w.l(memcpya.o)
    0x00026490   0x00026490   0x00000024   Code   RO         4785    .text               mc_w.l(memseta.o)
    0x000264b4   0x000264b4   0x0000000e   Code   RO         4787    .text               mc_w.l(strlen.o)
    0x000264c2   0x000264c2   0x0000001a   Code   RO         4791    .text               mc_w.l(memcmp.o)
    0x000264dc   0x000264dc   0x00000020   Code   RO         5075    .text               mc_w.l(llushr.o)
    0x000264fc   0x000264fc   0x00000024   Code   RO         5089    .text               mc_w.l(init.o)
    0x00026520   0x00026520   0x00000056   Code   RO         5103    .text               mc_w.l(__dczerorl2.o)
    0x00026576   0x00026576   0x00000002   PAD
    0x00026578   0x00026578   0x00000164   Code   RO         1730    i.GPIOTE_IRQHandler  nrfx_gpiote.o
    0x000266dc   0x000266dc   0x00000016   Code   RO         2626    i.NVIC_ClearPendingIRQ  app_timer.o
    0x000266f2   0x000266f2   0x00000016   Code   RO         2627    i.NVIC_EnableIRQ    app_timer.o
    0x00026708   0x00026708   0x00000016   Code   RO         2628    i.NVIC_SetPendingIRQ  app_timer.o
    0x0002671e   0x0002671e   0x00000020   Code   RO         2629    i.NVIC_SetPriority  app_timer.o
    0x0002673e   0x0002673e   0x00000002   PAD
    0x00026740   0x00026740   0x00000058   Code   RO         1598    i.POWER_CLOCK_IRQHandler  nrfx_clock.o
    0x00026798   0x00026798   0x00000024   Code   RO         2630    i.RTC1_IRQHandler   app_timer.o
    0x000267bc   0x000267bc   0x00000004   Code   RO         2631    i.SWI0_EGU0_IRQHandler  app_timer.o
    0x000267c0   0x000267c0   0x00000004   Code   RO         4489    i.SWI2_EGU2_IRQHandler  nrf_sdh.o
    0x000267c4   0x000267c4   0x0000031c   Code   RO         4711    i.SystemInit        system_nrf52.o
    0x00026ae0   0x00026ae0   0x0000000c   Code   RO         2029    i.UARTE0_UART0_IRQHandler  nrfx_prs.o
    0x00026aec   0x00026aec   0x00000028   Code   RO         5006    i.__0sprintf$8      mc_w.l(printf8.o)
    0x00026b14   0x00026b14   0x0000000e   Code   RO         5097    i.__scatterload_copy  mc_w.l(handlers.o)
    0x00026b22   0x00026b22   0x00000002   Code   RO         5098    i.__scatterload_null  mc_w.l(handlers.o)
    0x00026b24   0x00026b24   0x0000000e   Code   RO         5099    i.__scatterload_zeroinit  mc_w.l(handlers.o)
    0x00026b32   0x00026b32   0x00000002   PAD
    0x00026b34   0x00026b34   0x00000024   Code   RO         4490    i.__sd_nvic_app_accessible_irq  nrf_sdh.o
    0x00026b58   0x00026b58   0x00000016   Code   RO         4491    i.__sd_nvic_is_app_accessible_priority  nrf_sdh.o
    0x00026b6e   0x00026b6e   0x00000002   PAD
    0x00026b70   0x00026b70   0x00000410   Code   RO         5011    i._printf_core      mc_w.l(printf8.o)
    0x00026f80   0x00026f80   0x00000024   Code   RO         5012    i._printf_post_padding  mc_w.l(printf8.o)
    0x00026fa4   0x00026fa4   0x0000002e   Code   RO         5013    i._printf_pre_padding  mc_w.l(printf8.o)
    0x00026fd2   0x00026fd2   0x0000000a   Code   RO         5015    i._sputc            mc_w.l(printf8.o)
    0x00026fdc   0x00026fdc   0x00000036   Code   RO          624    i.advertising_buttons_configure  bsp_btn_ble.o
    0x00027012   0x00027012   0x00000002   PAD
    0x00027014   0x00027014   0x00000018   Code   RO            4    i.advertising_start  main.o
    0x0002702c   0x0002702c   0x00000078   Code   RO         2422    i.app_button_init   app_button.o
    0x000270a4   0x000270a4   0x0000007c   Code   RO         2541    i.app_error_fault_handler  app_error_weak.o
    0x00027120   0x00027120   0x00000016   Code   RO         2485    i.app_error_handler_bare  app_error.o
    0x00027136   0x00027136   0x00000002   PAD
    0x00027138   0x00027138   0x00000028   Code   RO         2634    i.app_timer_create  app_timer.o
    0x00027160   0x00027160   0x00000054   Code   RO         2635    i.app_timer_init    app_timer.o
    0x000271b4   0x000271b4   0x00000088   Code   RO         2638    i.app_timer_start   app_timer.o
    0x0002723c   0x0002723c   0x00000020   Code   RO         2639    i.app_timer_stop    app_timer.o
    0x0002725c   0x0002725c   0x00000048   Code   RO         2799    i.app_util_critical_region_enter  app_util_platform.o
    0x000272a4   0x000272a4   0x00000034   Code   RO         2800    i.app_util_critical_region_exit  app_util_platform.o
    0x000272d8   0x000272d8   0x00000088   Code   RO         2080    i.apply_config      nrfx_uart.o
    0x00027360   0x00027360   0x00000088   Code   RO         2268    i.apply_config      nrfx_uarte.o
    0x000273e8   0x000273e8   0x00000040   Code   RO         1053    i.ble_db_discovery_evt_register  ble_db_discovery.o
    0x00027428   0x00027428   0x0000001c   Code   RO         1054    i.ble_db_discovery_init  ble_db_discovery.o
    0x00027444   0x00027444   0x00000090   Code   RO         1055    i.ble_db_discovery_on_ble_evt  ble_db_discovery.o
    0x000274d4   0x000274d4   0x00000068   Code   RO            6    i.ble_evt_handler   main.o
    0x0002753c   0x0002753c   0x00000070   Code   RO          625    i.ble_evt_handler   bsp_btn_ble.o
    0x000275ac   0x000275ac   0x00000104   Code   RO          899    i.ble_evt_handler   ble_conn_state.o
    0x000276b0   0x000276b0   0x00000054   Code   RO         1335    i.ble_lbs_c_init    ble_lbs_c.o
    0x00027704   0x00027704   0x00000074   Code   RO         1336    i.ble_lbs_c_on_ble_evt  ble_lbs_c.o
    0x00027778   0x00027778   0x00000058   Code   RO         1337    i.ble_lbs_led_status_send  ble_lbs_c.o
    0x000277d0   0x000277d0   0x0000008c   Code   RO         1338    i.ble_lbs_on_db_disc_evt  ble_lbs_c.o
    0x0002785c   0x0002785c   0x00000054   Code   RO          376    i.bsp_board_init    boards.o
    0x000278b0   0x000278b0   0x00000010   Code   RO          379    i.bsp_board_led_off  boards.o
    0x000278c0   0x000278c0   0x00000012   Code   RO          382    i.bsp_board_leds_off  boards.o
    0x000278d2   0x000278d2   0x00000002   PAD
    0x000278d4   0x000278d4   0x00000044   Code   RO          512    i.bsp_event_to_button_action_assign  bsp.o
    0x00027918   0x00027918   0x00000090   Code   RO         3888    i.buf_prealloc      nrf_log_frontend.o
    0x000279a8   0x000279a8   0x0000001e   Code   RO         3263    i.buffer_add        nrf_fprintf_format.o
    0x000279c6   0x000279c6   0x00000002   PAD
    0x000279c8   0x000279c8   0x00000014   Code   RO         3889    i.buffer_is_empty   nrf_log_frontend.o
    0x000279dc   0x000279dc   0x0000002c   Code   RO            7    i.button_event_handler  main.o
    0x00027a08   0x00027a08   0x0000001c   Code   RO         1731    i.channel_free      nrfx_gpiote.o
    0x00027a24   0x00027a24   0x00000048   Code   RO         1732    i.channel_port_alloc  nrfx_gpiote.o
    0x00027a6c   0x00027a6c   0x00000010   Code   RO         1733    i.channel_port_get  nrfx_gpiote.o
    0x00027a7c   0x00027a7c   0x00000042   Code   RO         1057    i.characteristics_discover  ble_db_discovery.o
    0x00027abe   0x00027abe   0x00000002   PAD
    0x00027ac0   0x00027ac0   0x00000028   Code   RO         1400    i.clock_clk_started_notify  nrf_drv_clock.o
    0x00027ae8   0x00027ae8   0x0000001c   Code   RO         1401    i.clock_irq_handler  nrf_drv_clock.o
    0x00027b04   0x00027b04   0x000000ac   Code   RO         2641    i.compare_reg_update  app_timer.o
    0x00027bb0   0x00027bb0   0x0000003e   Code   RO          900    i.conn_handle_list_get  ble_conn_state.o
    0x00027bee   0x00027bee   0x00000002   PAD
    0x00027bf0   0x00027bf0   0x000000bc   Code   RO         1234    i.data_length_update  nrf_ble_gatt.o
    0x00027cac   0x00027cac   0x0000000c   Code   RO            8    i.db_disc_handler   main.o
    0x00027cb8   0x00027cb8   0x0000008c   Code   RO         1058    i.descriptors_discover  ble_db_discovery.o
    0x00027d44   0x00027d44   0x00000098   Code   RO         2424    i.detection_delay_timeout_handler  app_button.o
    0x00027ddc   0x00027ddc   0x00000090   Code   RO         1059    i.discovery_complete_evt_trigger  ble_db_discovery.o
    0x00027e6c   0x00027e6c   0x0000003c   Code   RO         1060    i.discovery_error_evt_trigger  ble_db_discovery.o
    0x00027ea8   0x00027ea8   0x0000005c   Code   RO         1061    i.discovery_start   ble_db_discovery.o
    0x00027f04   0x00027f04   0x00000014   Code   RO         3891    i.dropped_sat16_get  nrf_log_frontend.o
    0x00027f18   0x00027f18   0x00000040   Code   RO         2642    i.elapsed_ticks_acquire  app_timer.o
    0x00027f58   0x00027f58   0x00000054   Code   RO         3388    i.event_send        nrf_fstorage_sd.o
    0x00027fac   0x00027fac   0x00000084   Code   RO         2425    i.gpiote_event_handler  app_button.o
    0x00028030   0x00028030   0x000000a6   Code   RO         3264    i.int_print         nrf_fprintf_format.o
    0x000280d6   0x000280d6   0x00000002   PAD
    0x000280d8   0x000280d8   0x00000080   Code   RO         2269    i.interrupts_enable  nrfx_uarte.o
    0x00028158   0x00028158   0x0000004c   Code   RO         3892    i.invalid_packets_pushed_str_omit  nrf_log_frontend.o
    0x000281a4   0x000281a4   0x0000004c   Code   RO         1062    i.is_desc_discovery_reqd  ble_db_discovery.o
    0x000281f0   0x000281f0   0x00000002   Code   RO            9    i.lbs_c_evt_handler  main.o
    0x000281f2   0x000281f2   0x00000014   Code   RO         1235    i.link_init         nrf_ble_gatt.o
    0x00028206   0x00028206   0x00000002   PAD
    0x00028208   0x00028208   0x000000f8   Code   RO         2643    i.list_insertions_handler  app_timer.o
    0x00028300   0x00028300   0x0000009c   Code   RO         3893    i.log_skip          nrf_log_frontend.o
    0x0002839c   0x0002839c   0x0000011c   Code   RO           10    i.main              main.o
    0x000284b8   0x000284b8   0x00000076   Code   RO         3502    i.memobj_op         nrf_memobj.o
    0x0002852e   0x0002852e   0x00000002   PAD
    0x00028530   0x00028530   0x00000030   Code   RO         3894    i.module_idx_get    nrf_log_frontend.o
    0x00028560   0x00028560   0x00000016   Code   RO         2918    i.nrf_atfifo_item_free  nrf_atfifo.o
    0x00028576   0x00028576   0x00000016   Code   RO         2919    i.nrf_atfifo_item_get  nrf_atfifo.o
    0x0002858c   0x0002858c   0x00000016   Code   RO         2985    i.nrf_atflags_clear  nrf_atflags.o
    0x000285a2   0x000285a2   0x00000016   Code   RO         2990    i.nrf_atflags_get   nrf_atflags.o
    0x000285b8   0x000285b8   0x00000014   Code   RO         2992    i.nrf_atflags_set   nrf_atflags.o
    0x000285cc   0x000285cc   0x00000006   Code   RO         3053    i.nrf_atomic_flag_clear_fetch  nrf_atomic.o
    0x000285d2   0x000285d2   0x00000006   Code   RO         3054    i.nrf_atomic_flag_set  nrf_atomic.o
    0x000285d8   0x000285d8   0x0000000c   Code   RO         3056    i.nrf_atomic_u32_add  nrf_atomic.o
    0x000285e4   0x000285e4   0x0000000c   Code   RO         3057    i.nrf_atomic_u32_and  nrf_atomic.o
    0x000285f0   0x000285f0   0x0000000a   Code   RO         3060    i.nrf_atomic_u32_fetch_and  nrf_atomic.o
    0x000285fa   0x000285fa   0x0000000a   Code   RO         3062    i.nrf_atomic_u32_fetch_store  nrf_atomic.o
    0x00028604   0x00028604   0x0000000c   Code   RO         3066    i.nrf_atomic_u32_or  nrf_atomic.o
    0x00028610   0x00028610   0x0000000c   Code   RO         3068    i.nrf_atomic_u32_sub  nrf_atomic.o
    0x0002861c   0x0002861c   0x00000044   Code   RO         3187    i.nrf_balloc_alloc  nrf_balloc.o
    0x00028660   0x00028660   0x00000030   Code   RO         3188    i.nrf_balloc_free   nrf_balloc.o
    0x00028690   0x00028690   0x00000030   Code   RO         3189    i.nrf_balloc_init   nrf_balloc.o
    0x000286c0   0x000286c0   0x00000010   Code   RO         1734    i.nrf_bitmask_bit_is_set  nrfx_gpiote.o
    0x000286d0   0x000286d0   0x00000014   Code   RO         1735    i.nrf_bitmask_bit_set  nrfx_gpiote.o
    0x000286e4   0x000286e4   0x00000022   Code   RO         1241    i.nrf_ble_gatt_init  nrf_ble_gatt.o
    0x00028706   0x00028706   0x00000002   PAD
    0x00028708   0x00028708   0x00000148   Code   RO         1242    i.nrf_ble_gatt_on_ble_evt  nrf_ble_gatt.o
    0x00028850   0x00028850   0x0000000e   Code   RO         1599    i.nrf_clock_event_check  nrfx_clock.o
    0x0002885e   0x0002885e   0x00000010   Code   RO         1600    i.nrf_clock_event_clear  nrfx_clock.o
    0x0002886e   0x0002886e   0x00000002   PAD
    0x00028870   0x00028870   0x00000038   Code   RO         1408    i.nrf_drv_clock_init  nrf_drv_clock.o
    0x000288a8   0x000288a8   0x00000030   Code   RO         1412    i.nrf_drv_clock_lfclk_release  nrf_drv_clock.o
    0x000288d8   0x000288d8   0x00000068   Code   RO         1546    i.nrf_drv_uart_init  nrf_drv_uart.o
    0x00028940   0x00028940   0x0000001a   Code   RO         3224    i.nrf_fprintf       nrf_fprintf.o
    0x0002895a   0x0002895a   0x00000018   Code   RO         3225    i.nrf_fprintf_buffer_flush  nrf_fprintf.o
    0x00028972   0x00028972   0x000001da   Code   RO         3265    i.nrf_fprintf_fmt   nrf_fprintf_format.o
    0x00028b4c   0x00028b4c   0x00000018   Code   RO         3391    i.nrf_fstorage_sdh_req_handler  nrf_fstorage_sd.o
    0x00028b64   0x00028b64   0x00000020   Code   RO         3392    i.nrf_fstorage_sdh_state_handler  nrf_fstorage_sd.o
    0x00028b84   0x00028b84   0x000000a4   Code   RO         3393    i.nrf_fstorage_sys_evt_handler  nrf_fstorage_sd.o
    0x00028c28   0x00028c28   0x00000024   Code   RO          386    i.nrf_gpio_cfg      boards.o
    0x00028c4c   0x00028c4c   0x00000024   Code   RO         1736    i.nrf_gpio_cfg      nrfx_gpiote.o
    0x00028c70   0x00028c70   0x00000024   Code   RO         2081    i.nrf_gpio_cfg      nrfx_uart.o
    0x00028c94   0x00028c94   0x00000024   Code   RO         2270    i.nrf_gpio_cfg      nrfx_uarte.o
    0x00028cb8   0x00028cb8   0x00000012   Code   RO         2082    i.nrf_gpio_cfg_default  nrfx_uart.o
    0x00028cca   0x00028cca   0x00000012   Code   RO         2271    i.nrf_gpio_cfg_default  nrfx_uarte.o
    0x00028cdc   0x00028cdc   0x00000012   Code   RO         2083    i.nrf_gpio_cfg_input  nrfx_uart.o
    0x00028cee   0x00028cee   0x00000012   Code   RO         2272    i.nrf_gpio_cfg_input  nrfx_uarte.o
    0x00028d00   0x00028d00   0x00000014   Code   RO         2084    i.nrf_gpio_cfg_output  nrfx_uart.o
    0x00028d14   0x00028d14   0x00000014   Code   RO         2273    i.nrf_gpio_cfg_output  nrfx_uarte.o
    0x00028d28   0x00028d28   0x00000022   Code   RO         1738    i.nrf_gpio_cfg_sense_set  nrfx_gpiote.o
    0x00028d4a   0x00028d4a   0x00000016   Code   RO          387    i.nrf_gpio_pin_write  boards.o
    0x00028d60   0x00028d60   0x00000028   Code   RO         1739    i.nrf_gpio_ports_read  nrfx_gpiote.o
    0x00028d88   0x00028d88   0x00000014   Code   RO         1740    i.nrf_gpiote_event_clear  nrfx_gpiote.o
    0x00028d9c   0x00028d9c   0x00000010   Code   RO         1741    i.nrf_gpiote_event_is_set  nrfx_gpiote.o
    0x00028dac   0x00028dac   0x00000050   Code   RO         3895    i.nrf_log_backend_add  nrf_log_frontend.o
    0x00028dfc   0x00028dfc   0x000000c8   Code   RO         3736    i.nrf_log_backend_serial_put  nrf_log_backend_serial.o
    0x00028ec4   0x00028ec4   0x00000002   Code   RO         3776    i.nrf_log_backend_uart_flush  nrf_log_backend_uart.o
    0x00028ec6   0x00028ec6   0x00000006   Code   RO         3777    i.nrf_log_backend_uart_init  nrf_log_backend_uart.o
    0x00028ecc   0x00028ecc   0x0000002c   Code   RO         3778    i.nrf_log_backend_uart_panic_set  nrf_log_backend_uart.o
    0x00028ef8   0x00028ef8   0x00000018   Code   RO         3779    i.nrf_log_backend_uart_put  nrf_log_backend_uart.o
    0x00028f10   0x00028f10   0x00000030   Code   RO         3897    i.nrf_log_color_id_get  nrf_log_frontend.o
    0x00028f40   0x00028f40   0x0000001c   Code   RO         3855    i.nrf_log_default_backends_init  nrf_log_default_backends.o
    0x00028f5c   0x00028f5c   0x00000220   Code   RO         3898    i.nrf_log_frontend_dequeue  nrf_log_frontend.o
    0x0002917c   0x0002917c   0x00000008   Code   RO         3900    i.nrf_log_frontend_std_0  nrf_log_frontend.o
    0x00029184   0x00029184   0x0000000e   Code   RO         3901    i.nrf_log_frontend_std_1  nrf_log_frontend.o
    0x00029192   0x00029192   0x00000010   Code   RO         3902    i.nrf_log_frontend_std_2  nrf_log_frontend.o
    0x000291a2   0x000291a2   0x00000002   PAD
    0x000291a4   0x000291a4   0x000000ac   Code   RO         4075    i.nrf_log_hexdump_entry_process  nrf_log_str_formatter.o
    0x00029250   0x00029250   0x00000058   Code   RO         3907    i.nrf_log_init      nrf_log_frontend.o
    0x000292a8   0x000292a8   0x00000014   Code   RO         3908    i.nrf_log_module_cnt_get  nrf_log_frontend.o
    0x000292bc   0x000292bc   0x0000001c   Code   RO         3911    i.nrf_log_module_name_get  nrf_log_frontend.o
    0x000292d8   0x000292d8   0x00000028   Code   RO         3912    i.nrf_log_panic     nrf_log_frontend.o
    0x00029300   0x00029300   0x000000b6   Code   RO         4076    i.nrf_log_std_entry_process  nrf_log_str_formatter.o
    0x000293b6   0x000293b6   0x00000060   Code   RO         3503    i.nrf_memobj_alloc  nrf_memobj.o
    0x00029416   0x00029416   0x00000032   Code   RO         3504    i.nrf_memobj_free   nrf_memobj.o
    0x00029448   0x00029448   0x00000008   Code   RO         3505    i.nrf_memobj_get    nrf_memobj.o
    0x00029450   0x00029450   0x00000004   Code   RO         3506    i.nrf_memobj_pool_init  nrf_memobj.o
    0x00029454   0x00029454   0x0000001e   Code   RO         3507    i.nrf_memobj_put    nrf_memobj.o
    0x00029472   0x00029472   0x0000000c   Code   RO         3508    i.nrf_memobj_read   nrf_memobj.o
    0x0002947e   0x0002947e   0x0000000c   Code   RO         3509    i.nrf_memobj_write  nrf_memobj.o
    0x0002948a   0x0002948a   0x00000002   PAD
    0x0002948c   0x0002948c   0x00000028   Code   RO         3581    i.nrf_pwr_mgmt_init  nrf_pwr_mgmt.o
    0x000294b4   0x000294b4   0x00000044   Code   RO         3582    i.nrf_pwr_mgmt_run  nrf_pwr_mgmt.o
    0x000294f8   0x000294f8   0x00000014   Code   RO         4620    i.nrf_sdh_ble_app_ram_start_get  nrf_sdh_ble.o
    0x0002950c   0x0002950c   0x00000104   Code   RO         4621    i.nrf_sdh_ble_default_cfg_set  nrf_sdh_ble.o
    0x00029610   0x00029610   0x0000012c   Code   RO         4622    i.nrf_sdh_ble_enable  nrf_sdh_ble.o
    0x0002973c   0x0002973c   0x0000005c   Code   RO         4623    i.nrf_sdh_ble_evts_poll  nrf_sdh_ble.o
    0x00029798   0x00029798   0x00000054   Code   RO         4492    i.nrf_sdh_disable_request  nrf_sdh.o
    0x000297ec   0x000297ec   0x00000090   Code   RO         4493    i.nrf_sdh_enable_request  nrf_sdh.o
    0x0002987c   0x0002987c   0x00000024   Code   RO         4494    i.nrf_sdh_evts_poll  nrf_sdh.o
    0x000298a0   0x000298a0   0x0000000c   Code   RO         4495    i.nrf_sdh_is_enabled  nrf_sdh.o
    0x000298ac   0x000298ac   0x0000001c   Code   RO         4497    i.nrf_sdh_request_continue  nrf_sdh.o
    0x000298c8   0x000298c8   0x0000003c   Code   RO         4671    i.nrf_sdh_soc_evts_poll  nrf_sdh_soc.o
    0x00029904   0x00029904   0x0000000a   Code   RO         3650    i.nrf_section_iter_init  nrf_section_iter.o
    0x0002990e   0x0002990e   0x00000024   Code   RO         3651    i.nrf_section_iter_item_set  nrf_section_iter.o
    0x00029932   0x00029932   0x00000020   Code   RO         3652    i.nrf_section_iter_next  nrf_section_iter.o
    0x00029952   0x00029952   0x00000002   PAD
    0x00029954   0x00029954   0x00000038   Code   RO         3685    i.nrf_strerror_find  nrf_strerror.o
    0x0002998c   0x0002998c   0x00000014   Code   RO         3686    i.nrf_strerror_get  nrf_strerror.o
    0x000299a0   0x000299a0   0x0000000a   Code   RO         2085    i.nrf_uart_event_check  nrfx_uart.o
    0x000299aa   0x000299aa   0x0000000c   Code   RO         2086    i.nrf_uart_event_clear  nrfx_uart.o
    0x000299b6   0x000299b6   0x0000000c   Code   RO         2087    i.nrf_uart_int_enable_check  nrfx_uart.o
    0x000299c2   0x000299c2   0x0000000a   Code   RO         2274    i.nrf_uarte_event_check  nrfx_uarte.o
    0x000299cc   0x000299cc   0x0000000c   Code   RO         2275    i.nrf_uarte_event_clear  nrfx_uarte.o
    0x000299d8   0x000299d8   0x0000002c   Code   RO         1605    i.nrfx_clock_enable  nrfx_clock.o
    0x00029a04   0x00029a04   0x00000020   Code   RO         1608    i.nrfx_clock_init   nrfx_clock.o
    0x00029a24   0x00029a24   0x0000001c   Code   RO         1611    i.nrfx_clock_lfclk_stop  nrfx_clock.o
    0x00029a40   0x00029a40   0x00000010   Code   RO         2644    i.nrfx_coredep_delay_us  app_timer.o
    0x00029a50   0x00029a50   0x000000d0   Code   RO         1747    i.nrfx_gpiote_in_init  nrfx_gpiote.o
    0x00029b20   0x00029b20   0x00000014   Code   RO         1748    i.nrfx_gpiote_in_is_set  nrfx_gpiote.o
    0x00029b34   0x00029b34   0x00000070   Code   RO         1750    i.nrfx_gpiote_init  nrfx_gpiote.o
    0x00029ba4   0x00029ba4   0x00000014   Code   RO         1751    i.nrfx_gpiote_is_init  nrfx_gpiote.o
    0x00029bb8   0x00029bb8   0x00000010   Code   RO         2276    i.nrfx_is_in_ram    nrfx_uarte.o
    0x00029bc8   0x00029bc8   0x0000003a   Code   RO         2030    i.nrfx_prs_acquire  nrfx_prs.o
    0x00029c02   0x00029c02   0x00000012   Code   RO         2031    i.nrfx_prs_release  nrfx_prs.o
    0x00029c14   0x00029c14   0x00000010   Code   RO         2088    i.nrfx_uart_0_irq_handler  nrfx_uart.o
    0x00029c24   0x00029c24   0x000000d4   Code   RO         2090    i.nrfx_uart_init    nrfx_uart.o
    0x00029cf8   0x00029cf8   0x000000a4   Code   RO         2096    i.nrfx_uart_tx      nrfx_uart.o
    0x00029d9c   0x00029d9c   0x00000020   Code   RO         2098    i.nrfx_uart_tx_in_progress  nrfx_uart.o
    0x00029dbc   0x00029dbc   0x000000b4   Code   RO         2099    i.nrfx_uart_uninit  nrfx_uart.o
    0x00029e70   0x00029e70   0x00000010   Code   RO         2277    i.nrfx_uarte_0_irq_handler  nrfx_uarte.o
    0x00029e80   0x00029e80   0x0000006c   Code   RO         2279    i.nrfx_uarte_init   nrfx_uarte.o
    0x00029eec   0x00029eec   0x00000090   Code   RO         2283    i.nrfx_uarte_tx     nrfx_uarte.o
    0x00029f7c   0x00029f7c   0x0000001c   Code   RO         2285    i.nrfx_uarte_tx_in_progress  nrfx_uarte.o
    0x00029f98   0x00029f98   0x000000b0   Code   RO         2286    i.nrfx_uarte_uninit  nrfx_uarte.o
    0x0002a048   0x0002a048   0x00000094   Code   RO           11    i.on_adv_report     main.o
    0x0002a0dc   0x0002a0dc   0x00000114   Code   RO         1063    i.on_characteristic_discovery_rsp  ble_db_discovery.o
    0x0002a1f0   0x0002a1f0   0x000000a0   Code   RO         1243    i.on_connected_evt  nrf_ble_gatt.o
    0x0002a290   0x0002a290   0x000000f0   Code   RO         1064    i.on_descriptor_discovery_rsp  ble_db_discovery.o
    0x0002a380   0x0002a380   0x000000a4   Code   RO         1244    i.on_exchange_mtu_request_evt  nrf_ble_gatt.o
    0x0002a424   0x0002a424   0x0000006c   Code   RO         1065    i.on_primary_srv_discovery_rsp  ble_db_discovery.o
    0x0002a490   0x0002a490   0x0000007c   Code   RO         1066    i.on_srv_disc_completion  ble_db_discovery.o
    0x0002a50c   0x0002a50c   0x00000074   Code   RO           12    i.ping_advertising_init  main.o
    0x0002a580   0x0002a580   0x0000003c   Code   RO         4078    i.postfix_process   nrf_log_str_formatter.o
    0x0002a5bc   0x0002a5bc   0x00000098   Code   RO         4079    i.prefix_process    nrf_log_str_formatter.o
    0x0002a654   0x0002a654   0x00000018   Code   RO         2032    i.prs_box_get       nrfx_prs.o
    0x0002a66c   0x0002a66c   0x00000014   Code   RO         3394    i.queue_free        nrf_fstorage_sd.o
    0x0002a680   0x0002a680   0x000000a0   Code   RO         3395    i.queue_process     nrf_fstorage_sd.o
    0x0002a720   0x0002a720   0x00000038   Code   RO         1067    i.registered_handler_get  ble_db_discovery.o
    0x0002a758   0x0002a758   0x000000e4   Code   RO           13    i.report_advertising_init  main.o
    0x0002a83c   0x0002a83c   0x0000003c   Code   RO         2645    i.rtc1_stop         app_timer.o
    0x0002a878   0x0002a878   0x00000032   Code   RO         2100    i.rx_byte           nrfx_uart.o
    0x0002a8aa   0x0002a8aa   0x00000016   Code   RO         2101    i.rx_done_event     nrfx_uart.o
    0x0002a8c0   0x0002a8c0   0x00000018   Code   RO         2287    i.rx_done_event     nrfx_uarte.o
    0x0002a8d8   0x0002a8d8   0x00000042   Code   RO         4500    i.sd_nvic_SetPriority  nrf_sdh.o
    0x0002a91a   0x0002a91a   0x00000002   PAD
    0x0002a91c   0x0002a91c   0x00000050   Code   RO         1415    i.sd_state_evt_handler  nrf_drv_clock.o
    0x0002a96c   0x0002a96c   0x00000030   Code   RO         4501    i.sdh_request_observer_notify  nrf_sdh.o
    0x0002a99c   0x0002a99c   0x0000002c   Code   RO         4502    i.sdh_state_observer_notify  nrf_sdh.o
    0x0002a9c8   0x0002a9c8   0x00000040   Code   RO         3780    i.serial_tx         nrf_log_backend_uart.o
    0x0002aa08   0x0002aa08   0x00000018   Code   RO         1416    i.soc_evt_handler   nrf_drv_clock.o
    0x0002aa20   0x0002aa20   0x00000038   Code   RO         4503    i.softdevice_evt_irq_disable  nrf_sdh.o
    0x0002aa58   0x0002aa58   0x00000050   Code   RO         4504    i.softdevices_evt_irq_enable  nrf_sdh.o
    0x0002aaa8   0x0002aaa8   0x0000008c   Code   RO         3914    i.std_n             nrf_log_frontend.o
    0x0002ab34   0x0002ab34   0x00000080   Code   RO         2646    i.timer_list_handler  app_timer.o
    0x0002abb4   0x0002abb4   0x0000003c   Code   RO         2647    i.timer_list_insert  app_timer.o
    0x0002abf0   0x0002abf0   0x00000060   Code   RO         2648    i.timer_list_remove  app_timer.o
    0x0002ac50   0x0002ac50   0x00000048   Code   RO         2649    i.timer_stop_op_schedule  app_timer.o
    0x0002ac98   0x0002ac98   0x00000074   Code   RO         2650    i.timer_timeouts_check  app_timer.o
    0x0002ad0c   0x0002ad0c   0x00000048   Code   RO         1339    i.tx_buffer_process  ble_lbs_c.o
    0x0002ad54   0x0002ad54   0x00000020   Code   RO         2103    i.tx_byte           nrfx_uart.o
    0x0002ad74   0x0002ad74   0x0000001a   Code   RO         2104    i.tx_done_event     nrfx_uart.o
    0x0002ad8e   0x0002ad8e   0x00000002   PAD
    0x0002ad90   0x0002ad90   0x00000030   Code   RO         1547    i.uart_evt_handler  nrf_drv_uart.o
    0x0002adc0   0x0002adc0   0x0000000c   Code   RO         3781    i.uart_evt_handler  nrf_log_backend_uart.o
    0x0002adcc   0x0002adcc   0x00000050   Code   RO         3782    i.uart_init         nrf_log_backend_uart.o
    0x0002ae1c   0x0002ae1c   0x00000128   Code   RO         2105    i.uart_irq_handler  nrfx_uart.o
    0x0002af44   0x0002af44   0x00000030   Code   RO         1548    i.uarte_evt_handler  nrf_drv_uart.o
    0x0002af74   0x0002af74   0x000000f4   Code   RO         2288    i.uarte_irq_handler  nrfx_uarte.o
    0x0002b068   0x0002b068   0x000000b4   Code   RO         3266    i.unsigned_print    nrf_fprintf_format.o
    0x0002b11c   0x0002b11c   0x00000070   Code   RO           14    i.update_device_list  main.o
    0x0002b18c   0x0002b18c   0x00000030   Code   RO         2651    i.user_op_alloc     app_timer.o
    0x0002b1bc   0x0002b1bc   0x0000000e   Data   RO           18    .constdata          main.o
    0x0002b1ca   0x0002b1ca   0x00000008   Data   RO          388    .constdata          boards.o
    0x0002b1d2   0x0002b1d2   0x00000002   PAD
    0x0002b1d4   0x0002b1d4   0x0000007c   Data   RO         1069    .constdata          ble_db_discovery.o
    0x0002b250   0x0002b250   0x00000016   Data   RO         1245    .constdata          nrf_ble_gatt.o
    0x0002b266   0x0002b266   0x00000002   PAD
    0x0002b268   0x0002b268   0x00000010   Data   RO         1341    .constdata          ble_lbs_c.o
    0x0002b278   0x0002b278   0x00000004   Data   RO         1770    .constdata          nrfx_gpiote.o
    0x0002b27c   0x0002b27c   0x00000004   Data   RO         2108    .constdata          nrfx_uart.o
    0x0002b280   0x0002b280   0x00000004   Data   RO         2291    .constdata          nrfx_uarte.o
    0x0002b284   0x0002b284   0x00000008   Data   RO         2427    .constdata          app_button.o
    0x0002b28c   0x0002b28c   0x00000004   PAD
    0x0002b290   0x0002b290   0x00000006   Data   RO         2653    .constdata          app_timer.o
    0x0002b296   0x0002b296   0x00000010   Data   RO         3267    .constdata          nrf_fprintf_format.o
    0x0002b2a6   0x0002b2a6   0x00000002   PAD
    0x0002b2a8   0x0002b2a8   0x00000010   Data   RO         3403    .constdata          nrf_fstorage_sd.o
    0x0002b2b8   0x0002b2b8   0x00000018   Data   RO         3586    .constdata          nrf_pwr_mgmt.o
    0x0002b2d0   0x0002b2d0   0x0000000c   Data   RO         3587    .constdata          nrf_pwr_mgmt.o
    0x0002b2dc   0x0002b2dc   0x0000013c   Data   RO         3687    .constdata          nrf_strerror.o
    0x0002b418   0x0002b418   0x0000000c   Data   RO         3784    .constdata          nrf_log_backend_uart.o
    0x0002b424   0x0002b424   0x00000020   Data   RO         3785    .constdata          nrf_log_backend_uart.o
    0x0002b444   0x0002b444   0x00000010   Data   RO         4505    .constdata          nrf_sdh.o
    0x0002b454   0x0002b454   0x00000028   Data   RO         4506    .constdata          nrf_sdh.o
    0x0002b47c   0x0002b47c   0x00000010   Data   RO         4507    .constdata          nrf_sdh.o
    0x0002b48c   0x0002b48c   0x00000010   Data   RO         4508    .constdata          nrf_sdh.o
    0x0002b49c   0x0002b49c   0x00000020   Data   RO         4624    .constdata          nrf_sdh_ble.o
    0x0002b4bc   0x0002b4bc   0x00000010   Data   RO         4625    .constdata          nrf_sdh_ble.o
    0x0002b4cc   0x0002b4cc   0x00000010   Data   RO         4672    .constdata          nrf_sdh_soc.o
    0x0002b4dc   0x0002b4dc   0x0000000c   Data   RO         4673    .constdata          nrf_sdh_soc.o
    0x0002b4e8   0x0002b4e8   0x00000081   Data   RO         4756    .constdata          mc_w.l(ctype_o.o)
    0x0002b569   0x0002b569   0x00000003   PAD
    0x0002b56c   0x0002b56c   0x00000004   Data   RO         4757    .constdata          mc_w.l(ctype_o.o)
    0x0002b570   0x0002b570   0x000000a2   Data   RO         1246    .conststring        nrf_ble_gatt.o
    0x0002b612   0x0002b612   0x00000002   PAD
    0x0002b614   0x0002b614   0x000003eb   Data   RO         3688    .conststring        nrf_strerror.o
    0x0002b9ff   0x0002b9ff   0x00000001   PAD
    0x0002ba00   0x0002ba00   0x00000066   Data   RO         4080    .conststring        nrf_log_str_formatter.o
    0x0002ba66   0x0002ba66   0x00000002   PAD
    0x0002ba68   0x0002ba68   0x00000188   Data   RO         4626    .conststring        nrf_sdh_ble.o
    0x0002bbf0   0x0002bbf0   0x0000000c   Data   RO         1070    .conststrlit        ble_db_discovery.o
    0x0002bbfc   0x0002bbfc   0x0000000d   Data   RO         1247    .conststrlit        nrf_ble_gatt.o
    0x0002bc09   0x0002bc09   0x00000003   PAD
    0x0002bc0c   0x0002bc0c   0x0000000a   Data   RO         1342    .conststrlit        ble_lbs_c.o
    0x0002bc16   0x0002bc16   0x00000002   PAD
    0x0002bc18   0x0002bc18   0x00000006   Data   RO         1422    .conststrlit        nrf_drv_clock.o
    0x0002bc1e   0x0002bc1e   0x00000002   PAD
    0x0002bc20   0x0002bc20   0x00000006   Data   RO         1615    .conststrlit        nrfx_clock.o
    0x0002bc26   0x0002bc26   0x00000002   PAD
    0x0002bc28   0x0002bc28   0x00000007   Data   RO         1774    .conststrlit        nrfx_gpiote.o
    0x0002bc2f   0x0002bc2f   0x00000001   PAD
    0x0002bc30   0x0002bc30   0x00000004   Data   RO         2034    .conststrlit        nrfx_prs.o
    0x0002bc34   0x0002bc34   0x00000005   Data   RO         2111    .conststrlit        nrfx_uart.o
    0x0002bc39   0x0002bc39   0x00000003   PAD
    0x0002bc3c   0x0002bc3c   0x00000006   Data   RO         2294    .conststrlit        nrfx_uarte.o
    0x0002bc42   0x0002bc42   0x00000002   PAD
    0x0002bc44   0x0002bc44   0x0000000d   Data   RO         3315    .conststrlit        nrf_fstorage.o
    0x0002bc51   0x0002bc51   0x00000003   PAD
    0x0002bc54   0x0002bc54   0x0000000e   Data   RO         3405    .conststrlit        nrf_fstorage_sd.o
    0x0002bc62   0x0002bc62   0x00000002   PAD
    0x0002bc64   0x0002bc64   0x00000009   Data   RO         3588    .conststrlit        nrf_pwr_mgmt.o
    0x0002bc6d   0x0002bc6d   0x00000003   PAD
    0x0002bc70   0x0002bc70   0x00000018   Data   RO         3917    .conststrlit        nrf_log_frontend.o
    0x0002bc88   0x0002bc88   0x00000008   Data   RO         4509    .conststrlit        nrf_sdh.o
    0x0002bc90   0x0002bc90   0x0000000c   Data   RO         4627    .conststrlit        nrf_sdh_ble.o
    0x0002bc9c   0x0002bc9c   0x0000000c   Data   RO         4674    .conststrlit        nrf_sdh_soc.o
    0x0002bca8   0x0002bca8   0x00000020   Data   RO         5095    Region$$Table       anon$$obj.o
    0x0002bcc8   0x0002bcc8   0x00000008   Data   RO         1072    log_const_data      ble_db_discovery.o
    0x0002bcd0   0x0002bcd0   0x00000008   Data   RO         1248    log_const_data      nrf_ble_gatt.o
    0x0002bcd8   0x0002bcd8   0x00000008   Data   RO         1344    log_const_data      ble_lbs_c.o
    0x0002bce0   0x0002bce0   0x00000008   Data   RO         1423    log_const_data      nrf_drv_clock.o
    0x0002bce8   0x0002bce8   0x00000008   Data   RO         1617    log_const_data      nrfx_clock.o
    0x0002bcf0   0x0002bcf0   0x00000008   Data   RO         1775    log_const_data      nrfx_gpiote.o
    0x0002bcf8   0x0002bcf8   0x00000008   Data   RO         2036    log_const_data      nrfx_prs.o
    0x0002bd00   0x0002bd00   0x00000008   Data   RO         2112    log_const_data      nrfx_uart.o
    0x0002bd08   0x0002bd08   0x00000008   Data   RO         2295    log_const_data      nrfx_uarte.o
    0x0002bd10   0x0002bd10   0x00000008   Data   RO         3316    log_const_data      nrf_fstorage.o
    0x0002bd18   0x0002bd18   0x00000008   Data   RO         3408    log_const_data      nrf_fstorage_sd.o
    0x0002bd20   0x0002bd20   0x00000008   Data   RO         3590    log_const_data      nrf_pwr_mgmt.o
    0x0002bd28   0x0002bd28   0x00000010   Data   RO         3920    log_const_data      nrf_log_frontend.o
    0x0002bd38   0x0002bd38   0x00000008   Data   RO         4511    log_const_data      nrf_sdh.o
    0x0002bd40   0x0002bd40   0x00000008   Data   RO         4629    log_const_data      nrf_sdh_ble.o
    0x0002bd48   0x0002bd48   0x00000008   Data   RO         4675    log_const_data      nrf_sdh_soc.o
    0x0002bd50   0x0002bd50   0x00000018   Data   RO         3922    nrf_balloc          nrf_log_frontend.o
    0x0002bd68   0x0002bd68   0x00000008   Data   RO          904    sdh_ble_observers0  ble_conn_state.o
    0x0002bd70   0x0002bd70   0x00000010   Data   RO           21    sdh_ble_observers1  main.o
    0x0002bd80   0x0002bd80   0x00000008   Data   RO          629    sdh_ble_observers1  bsp_btn_ble.o
    0x0002bd88   0x0002bd88   0x00000008   Data   RO           22    sdh_ble_observers2  main.o
    0x0002bd90   0x0002bd90   0x00000008   Data   RO           23    sdh_ble_observers3  main.o
    0x0002bd98   0x0002bd98   0x00000008   Data   RO         3410    sdh_req_observers0  nrf_fstorage_sd.o
    0x0002bda0   0x0002bda0   0x00000008   Data   RO         1425    sdh_soc_observers0  nrf_drv_clock.o
    0x0002bda8   0x0002bda8   0x00000008   Data   RO         3411    sdh_soc_observers0  nrf_fstorage_sd.o
    0x0002bdb0   0x0002bdb0   0x00000008   Data   RO         4631    sdh_stack_observers0  nrf_sdh_ble.o
    0x0002bdb8   0x0002bdb8   0x00000008   Data   RO         4677    sdh_stack_observers0  nrf_sdh_soc.o
    0x0002bdc0   0x0002bdc0   0x00000008   Data   RO         1426    sdh_state_observers0  nrf_drv_clock.o
    0x0002bdc8   0x0002bdc8   0x00000008   Data   RO         3412    sdh_state_observers0  nrf_fstorage_sd.o


    Execution Region RW_IRAM1 (Exec base: 0x20001d70, Load base: 0x0002bdd0, Size: 0x00003130, Max: 0x0000e290, ABSOLUTE, COMPRESSED[0x00000060])

    Exec Addr    Load Addr    Size         Type   Attr      Idx    E Section Name        Object

    0x20001d70   COMPRESSED   0x000002cc   Data   RW           19    .data               main.o
    0x2000203c   COMPRESSED   0x00000034   Data   RW           20    .data               main.o
    0x20002070   COMPRESSED   0x00000008   Data   RW          628    .data               bsp_btn_ble.o
    0x20002078   COMPRESSED   0x00000010   Data   RW         1071    .data               ble_db_discovery.o
    0x20002088   COMPRESSED   0x00000008   Data   RW         1343    .data               ble_lbs_c.o
    0x20002090   COMPRESSED   0x0000000c   Data   RW         1549    .data               nrf_drv_uart.o
    0x2000209c   COMPRESSED   0x00000008   Data   RW         1616    .data               nrfx_clock.o
    0x200020a4   COMPRESSED   0x00000008   Data   RW         2035    .data               nrfx_prs.o
    0x200020ac   COMPRESSED   0x00000004   PAD
    0x200020b0   COMPRESSED   0x00000020   Data   RW         2428    .data               app_button.o
    0x200020d0   COMPRESSED   0x00000014   Data   RW         2654    .data               app_timer.o
    0x200020e4   COMPRESSED   0x00000014   Data   RW         3406    .data               nrf_fstorage_sd.o
    0x200020f8   COMPRESSED   0x00000008   Data   RW         3407    .data               nrf_fstorage_sd.o
    0x20002100   COMPRESSED   0x00000008   Data   RW         3589    .data               nrf_pwr_mgmt.o
    0x20002108   COMPRESSED   0x00000018   Data   RW         3786    .data               nrf_log_backend_uart.o
    0x20002120   COMPRESSED   0x0000000c   Data   RW         3856    .data               nrf_log_default_backends.o
    0x2000212c   COMPRESSED   0x00000008   Data   RW         3918    .data               nrf_log_frontend.o
    0x20002134   COMPRESSED   0x00000008   Data   RW         3919    .data               nrf_log_frontend.o
    0x2000213c   COMPRESSED   0x00000040   Data   RW         4081    .data               nrf_log_str_formatter.o
    0x2000217c   COMPRESSED   0x00000003   Data   RW         4510    .data               nrf_sdh.o
    0x2000217f   COMPRESSED   0x00000001   Data   RW         4628    .data               nrf_sdh_ble.o
    0x20002180   COMPRESSED   0x00000004   Data   RW         4712    .data               system_nrf52.o
    0x20002184   COMPRESSED   0x00000004   Data   RW         1073    log_dynamic_data    ble_db_discovery.o
    0x20002188   COMPRESSED   0x00000004   Data   RW         1249    log_dynamic_data    nrf_ble_gatt.o
    0x2000218c   COMPRESSED   0x00000004   Data   RW         1345    log_dynamic_data    ble_lbs_c.o
    0x20002190   COMPRESSED   0x00000004   Data   RW         1424    log_dynamic_data    nrf_drv_clock.o
    0x20002194   COMPRESSED   0x00000004   Data   RW         1618    log_dynamic_data    nrfx_clock.o
    0x20002198   COMPRESSED   0x00000004   Data   RW         1776    log_dynamic_data    nrfx_gpiote.o
    0x2000219c   COMPRESSED   0x00000004   Data   RW         2037    log_dynamic_data    nrfx_prs.o
    0x200021a0   COMPRESSED   0x00000004   Data   RW         2113    log_dynamic_data    nrfx_uart.o
    0x200021a4   COMPRESSED   0x00000004   Data   RW         2296    log_dynamic_data    nrfx_uarte.o
    0x200021a8   COMPRESSED   0x00000004   Data   RW         3317    log_dynamic_data    nrf_fstorage.o
    0x200021ac   COMPRESSED   0x00000004   Data   RW         3409    log_dynamic_data    nrf_fstorage_sd.o
    0x200021b0   COMPRESSED   0x00000004   Data   RW         3591    log_dynamic_data    nrf_pwr_mgmt.o
    0x200021b4   COMPRESSED   0x00000008   Data   RW         3921    log_dynamic_data    nrf_log_frontend.o
    0x200021bc   COMPRESSED   0x00000004   Data   RW         4512    log_dynamic_data    nrf_sdh.o
    0x200021c0   COMPRESSED   0x00000004   Data   RW         4630    log_dynamic_data    nrf_sdh_ble.o
    0x200021c4   COMPRESSED   0x00000004   Data   RW         4676    log_dynamic_data    nrf_sdh_soc.o
    0x200021c8        -       0x00000090   Zero   RW           15    .bss                main.o
    0x20002258        -       0x0000001f   Zero   RW           16    .bss                main.o
    0x20002277        -       0x0000001f   Zero   RW           17    .bss                main.o
    0x20002296        -       0x0000000c   Zero   RW          524    .bss                bsp.o
    0x200022a2   COMPRESSED   0x00000002   PAD
    0x200022a4        -       0x00000078   Zero   RW          903    .bss                ble_conn_state.o
    0x2000231c        -       0x00000318   Zero   RW         1068    .bss                ble_db_discovery.o
    0x20002634        -       0x000000a0   Zero   RW         1340    .bss                ble_lbs_c.o
    0x200026d4        -       0x00000014   Zero   RW         1417    .bss                nrf_drv_clock.o
    0x200026e8        -       0x0000005c   Zero   RW         1769    .bss                nrfx_gpiote.o
    0x20002744        -       0x0000002c   Zero   RW         2106    .bss                nrfx_uart.o
    0x20002770        -       0x00000024   Zero   RW         2289    .bss                nrfx_uarte.o
    0x20002794        -       0x00000020   Zero   RW         2426    .bss                app_button.o
    0x200027b4        -       0x0000010c   Zero   RW         2652    .bss                app_timer.o
    0x200028c0        -       0x0000000c   Zero   RW         2805    .bss                app_util_platform.o
    0x200028cc        -       0x000000a0   Zero   RW         3402    .bss                nrf_fstorage_sd.o
    0x2000296c        -       0x0000000c   Zero   RW         3585    .bss                nrf_pwr_mgmt.o
    0x20002978        -       0x00000040   Zero   RW         3783    .bss                nrf_log_backend_uart.o
    0x200029b8        -       0x000000c0   Zero   RW         3915    .bss                nrf_log_frontend.o
    0x20002a78        -       0x00000424   Zero   RW         3916    .bss                nrf_log_frontend.o
    0x20002e9c   COMPRESSED   0x00000004   PAD
    0x20002ea0        -       0x00002000   Zero   RW         4700    STACK               arm_startup_nrf52.o


==============================================================================

Image component sizes


      Code (inc. data)   RO Data    RW Data    ZI Data      Debug   Object Name

       404         32          8         32         32      12474   app_button.o
        22          0          0          0          0       2481   app_error.o
       124         40          0          0          0      30561   app_error_weak.o
      1510        118          6         20        268      48803   app_timer.o
       124         14          0          0         12       9526   app_util_platform.o
        36          8        512          0       8192        940   arm_startup_nrf52.o
         0          0          0          0          0        392   ble_advdata.o
         0          0          0          0          0       3496   ble_advertising.o
       322          6          8          0        120       7841   ble_conn_state.o
      1618         72        144         20        792      18358   ble_db_discovery.o
       500         22         34         12        160       6955   ble_lbs_c.o
       176         10          8          0          0      42617   boards.o
        68          4          0          0         12       6832   bsp.o
       166          6          8          8          0       3292   bsp_btn_ble.o
      1074        134         46        768        206     120755   main.o
       244          0          0          0          0       5737   nrf_atfifo.o
        64          0          0          0          0       3020   nrf_atflags.o
       306          0          0          0          0       8159   nrf_atomic.o
       164          0          0          0          0       3700   nrf_balloc.o
       894        254        205          4          0      36356   nrf_ble_gatt.o
       276         34         30          4         20      37842   nrf_drv_clock.o
       200         26          0         12          0      17824   nrf_drv_uart.o
        50          0          0          0          0       3589   nrf_fprintf.o
       850          4         16          0          0       5550   nrf_fprintf_format.o
         0          0         21          4          0       1829   nrf_fstorage.o
       484         42         62         32        160       9829   nrf_fstorage_sd.o
       200          0          0          0          0      11579   nrf_log_backend_serial.o
       232         44         44         24         64      21350   nrf_log_backend_uart.o
        28          6          0         12          0       3255   nrf_log_default_backends.o
      1490        118         64         24       1252      30257   nrf_log_frontend.o
       566        108        102         64          0       5880   nrf_log_str_formatter.o
       330          0          0          0          0       9751   nrf_memobj.o
       108         16         53         12         12      36523   nrf_pwr_mgmt.o
       660         60        104          7          0      43640   nrf_sdh.o
       672        222        468          5          0       6029   nrf_sdh_ble.o
        60          4         56          4          0       2620   nrf_sdh_soc.o
        78          0          0          0          0       2836   nrf_section_iter.o
        76         10       1319          0          0       2799   nrf_strerror.o
       222         28         14         12          0      41504   nrfx_clock.o
      1014         76         19          4         92      56252   nrfx_gpiote.o
       112         16         12         12          0       4660   nrfx_prs.o
      1292         40         17          4         44      31614   nrfx_uart.o
      1134         44         18          4         36      24717   nrfx_uarte.o
       796         70          0          4          0       2987   system_nrf52.o

    ----------------------------------------------------------------------
     18784       1688       3468       1112      11480     787011   Object Totals
         0          0         32          0          0          0   (incl. Generated)
        38          0         38          4          6          0   (incl. Padding)

    ----------------------------------------------------------------------

      Code (inc. data)   RO Data    RW Data    ZI Data      Debug   Library Member Name

        86          0          0          0          0          0   __dczerorl2.o
         8          4        133          0          0         68   ctype_o.o
         0          0          0          0          0          0   entry.o
         0          0          0          0          0          0   entry10a.o
         0          0          0          0          0          0   entry11a.o
         8          4          0          0          0          0   entry2.o
         4          0          0          0          0          0   entry5.o
         0          0          0          0          0          0   entry7b.o
         0          0          0          0          0          0   entry8b.o
         8          4          0          0          0          0   entry9a.o
        30          0          0          0          0          0   handlers.o
        36          8          0          0          0         68   init.o
        30          0          0          0          0         68   llshl.o
        32          0          0          0          0         68   llushr.o
        26          0          0          0          0         80   memcmp.o
        36          0          0          0          0         68   memcpya.o
        36          0          0          0          0        108   memseta.o
      1172         50          0          0          0        420   printf8.o
        14          0          0          0          0         68   strlen.o
        98          0          0          0          0         92   uldiv.o

    ----------------------------------------------------------------------
      1628         70        136          0          0       1108   Library Totals
         4          0          3          0          0          0   (incl. Padding)

    ----------------------------------------------------------------------

      Code (inc. data)   RO Data    RW Data    ZI Data      Debug   Library Name

      1624         70        133          0          0       1108   mc_w.l

    ----------------------------------------------------------------------
      1628         70        136          0          0       1108   Library Totals

    ----------------------------------------------------------------------

==============================================================================


      Code (inc. data)   RO Data    RW Data    ZI Data      Debug   

     20412       1758       3604       1112      11480     765035   Grand Totals
     20412       1758       3604         96      11480     765035   ELF Image Totals (compressed)
     20412       1758       3604         96          0          0   ROM Totals

==============================================================================

    Total RO  Size (Code + RO Data)                24016 (  23.45kB)
    Total RW  Size (RW Data + ZI Data)             12592 (  12.30kB)
    Total ROM Size (Code + RO Data + RW Data)      24112 (  23.55kB)

==============================================================================

