Component: ARM Compiler 5.06 update 6 (build 750) Tool: armlink [4d35ed]

==============================================================================

Section Cross References

    main.o(i.adv_timer_event_handler) refers to main.o(i.advertising_init) for advertising_init
    main.o(i.adv_timer_event_handler) refers to main.o(i.report_advertising_init) for report_advertising_init
    main.o(i.adv_timer_event_handler) refers to app_timer.o(i.app_timer_start) for app_timer_start
    main.o(i.adv_timer_event_handler) refers to main.o(.data) for .data
    main.o(i.adv_timer_event_handler) refers to main.o(.bss) for .bss
    main.o(i.advertising_init) refers to memseta.o(.text) for __aeabi_memclr4
    main.o(i.advertising_init) refers to app_error.o(i.app_error_handler_bare) for app_error_handler_bare
    main.o(i.advertising_init) refers to main.o(.data) for .data
    main.o(i.assert_nrf_callback) refers to app_error_handler_keil.o(.emb_text) for app_error_handler
    main.o(i.ble_evt_handler) refers to nrf_log_frontend.o(i.nrf_log_frontend_std_0) for nrf_log_frontend_std_0
    main.o(i.ble_evt_handler) refers to ble_lbs_c.o(i.ble_lbs_c_handles_assign) for ble_lbs_c_handles_assign
    main.o(i.ble_evt_handler) refers to app_error.o(i.app_error_handler_bare) for app_error_handler_bare
    main.o(i.ble_evt_handler) refers to ble_db_discovery.o(i.ble_db_discovery_start) for ble_db_discovery_start
    main.o(i.ble_evt_handler) refers to boards.o(i.bsp_board_led_on) for bsp_board_led_on
    main.o(i.ble_evt_handler) refers to boards.o(i.bsp_board_led_off) for bsp_board_led_off
    main.o(i.ble_evt_handler) refers to main.o(i.scan_start) for scan_start
    main.o(i.ble_evt_handler) refers to nrf_log_frontend.o(log_dynamic_data) for m_nrf_log_app_logs_data_dynamic
    main.o(i.ble_evt_handler) refers to main.o(.data) for .data
    main.o(i.ble_evt_handler) refers to main.o(.bss) for .bss
    main.o(i.button_event_handler) refers to ble_lbs_c.o(i.ble_lbs_led_status_send) for ble_lbs_led_status_send
    main.o(i.button_event_handler) refers to app_error.o(i.app_error_handler_bare) for app_error_handler_bare
    main.o(i.button_event_handler) refers to nrf_log_frontend.o(i.nrf_log_frontend_std_1) for nrf_log_frontend_std_1
    main.o(i.button_event_handler) refers to main.o(.bss) for .bss
    main.o(i.button_event_handler) refers to nrf_log_frontend.o(log_dynamic_data) for m_nrf_log_app_logs_data_dynamic
    main.o(i.db_disc_handler) refers to ble_lbs_c.o(i.ble_lbs_on_db_disc_evt) for ble_lbs_on_db_disc_evt
    main.o(i.db_disc_handler) refers to main.o(.bss) for .bss
    main.o(i.lbs_c_evt_handler) refers to nrf_log_frontend.o(i.nrf_log_frontend_std_1) for nrf_log_frontend_std_1
    main.o(i.lbs_c_evt_handler) refers to boards.o(i.bsp_board_led_on) for bsp_board_led_on
    main.o(i.lbs_c_evt_handler) refers to ble_lbs_c.o(i.ble_lbs_c_handles_assign) for ble_lbs_c_handles_assign
    main.o(i.lbs_c_evt_handler) refers to app_button.o(i.app_button_enable) for app_button_enable
    main.o(i.lbs_c_evt_handler) refers to app_error.o(i.app_error_handler_bare) for app_error_handler_bare
    main.o(i.lbs_c_evt_handler) refers to ble_lbs_c.o(i.ble_lbs_c_button_notif_enable) for ble_lbs_c_button_notif_enable
    main.o(i.lbs_c_evt_handler) refers to boards.o(i.bsp_board_led_off) for bsp_board_led_off
    main.o(i.lbs_c_evt_handler) refers to nrf_log_frontend.o(log_dynamic_data) for m_nrf_log_app_logs_data_dynamic
    main.o(i.lbs_c_evt_handler) refers to main.o(.bss) for .bss
    main.o(i.main) refers to nrf_log_frontend.o(i.nrf_log_init) for nrf_log_init
    main.o(i.main) refers to app_error.o(i.app_error_handler_bare) for app_error_handler_bare
    main.o(i.main) refers to nrf_log_default_backends.o(i.nrf_log_default_backends_init) for nrf_log_default_backends_init
    main.o(i.main) refers to app_timer.o(i.app_timer_init) for app_timer_init
    main.o(i.main) refers to app_timer.o(i.app_timer_create) for app_timer_create
    main.o(i.main) refers to boards.o(i.bsp_board_init) for bsp_board_init
    main.o(i.main) refers to app_button.o(i.app_button_init) for app_button_init
    main.o(i.main) refers to nrf_pwr_mgmt.o(i.nrf_pwr_mgmt_init) for nrf_pwr_mgmt_init
    main.o(i.main) refers to nrf_sdh.o(i.nrf_sdh_enable_request) for nrf_sdh_enable_request
    main.o(i.main) refers to nrf_sdh_ble.o(i.nrf_sdh_ble_default_cfg_set) for nrf_sdh_ble_default_cfg_set
    main.o(i.main) refers to nrf_sdh_ble.o(i.nrf_sdh_ble_enable) for nrf_sdh_ble_enable
    main.o(i.main) refers to nrf_ble_gatt.o(i.nrf_ble_gatt_init) for nrf_ble_gatt_init
    main.o(i.main) refers to ble_db_discovery.o(i.ble_db_discovery_init) for ble_db_discovery_init
    main.o(i.main) refers to ble_lbs_c.o(i.ble_lbs_c_init) for ble_lbs_c_init
    main.o(i.main) refers to main.o(i.advertising_init) for advertising_init
[...]
    m_adv_handle                             0x20001d70   Data           1  main.o(.data)
    isReporting                              0x20001d71   Data           1  main.o(.data)
    m_scan_buffer                            0x20001d74   Data           8  main.o(.data)
    buttons                                  0x20001d7c   Data           8  main.o(.data)
    m_db_disc                                0x20001d84   Data         716  main.o(.data)
    m_adv_data                               0x20002050   Data          16  main.o(.data)
    .data                                    0x20002060   Section        8  bsp_btn_ble.o(.data)
    m_error_handler                          0x20002060   Data           4  bsp_btn_ble.o(.data)
    m_num_connections                        0x20002064   Data           4  bsp_btn_ble.o(.data)
    .data                                    0x20002068   Section       16  ble_db_discovery.o(.data)
    m_initialized                            0x20002068   Data           1  ble_db_discovery.o(.data)
    m_evt_handler                            0x2000206c   Data           4  ble_db_discovery.o(.data)
    m_pending_usr_evt_index                  0x20002070   Data           4  ble_db_discovery.o(.data)
    m_num_of_handlers_reg                    0x20002074   Data           4  ble_db_discovery.o(.data)
    .data                                    0x20002078   Section        8  ble_lbs_c.o(.data)
    m_tx_insert_index                        0x20002078   Data           4  ble_lbs_c.o(.data)
    m_tx_index                               0x2000207c   Data           4  ble_lbs_c.o(.data)
    .data                                    0x20002080   Section        8  nrfx_clock.o(.data)
    m_clock_cb                               0x20002080   Data           8  nrfx_clock.o(.data)
    .data                                    0x20002088   Section        8  nrfx_prs.o(.data)
    m_prs_box_4                              0x20002088   Data           8  nrfx_prs.o(.data)
    .data                                    0x20002090   Section       32  app_button.o(.data)
    m_button_count                           0x20002090   Data           1  app_button.o(.data)
    mp_buttons                               0x20002094   Data           4  app_button.o(.data)
    m_detection_delay                        0x20002098   Data           4  app_button.o(.data)
    m_pin_state                              0x200020a0   Data           8  app_button.o(.data)
    m_pin_transition                         0x200020a8   Data           8  app_button.o(.data)
    .data                                    0x200020b0   Section       20  app_timer.o(.data)
    m_ticks_elapsed_q_read_ind               0x200020b0   Data           1  app_timer.o(.data)
    m_ticks_elapsed_q_write_ind              0x200020b1   Data           1  app_timer.o(.data)
    m_rtc1_running                           0x200020b2   Data           1  app_timer.o(.data)
    m_rtc1_reset                             0x200020b3   Data           1  app_timer.o(.data)
    mp_timer_id_head                         0x200020b4   Data           4  app_timer.o(.data)
    m_ticks_latest                           0x200020b8   Data           4  app_timer.o(.data)
    m_ticks_elapsed                          0x200020bc   Data           8  app_timer.o(.data)
    .data                                    0x200020c4   Section       20  nrf_fstorage_sd.o(.data)
    m_fifo_inst                              0x200020c4   Data          20  nrf_fstorage_sd.o(.data)
    .data                                    0x200020d8   Section        8  nrf_fstorage_sd.o(.data)
    m_p_cur_op                               0x200020d8   Data           4  nrf_fstorage_sd.o(.data)
    m_iget_ctx                               0x200020dc   Data           4  nrf_fstorage_sd.o(.data)
    .data                                    0x200020e0   Section        8  nrf_pwr_mgmt.o(.data)
    m_pwr_mgmt_evt                           0x200020e0   Data           1  nrf_pwr_mgmt.o(.data)
    m_shutdown_started                       0x200020e1   Data           1  nrf_pwr_mgmt.o(.data)
    m_sysoff_mtx                             0x200020e4   Data           4  nrf_pwr_mgmt.o(.data)
    .data                                    0x200020e8   Section        1  nrf_log_backend_rtt.o(.data)
    m_host_present                           0x200020e8   Data           1  nrf_log_backend_rtt.o(.data)
    .data                                    0x200020ec   Section       12  nrf_log_default_backends.o(.data)
    rtt_log_backend                          0x200020ec   Data          12  nrf_log_default_backends.o(.data)
    .data                                    0x200020f8   Section        8  nrf_log_frontend.o(.data)
    log_mempool_nrf_balloc_pool_stack        0x200020f8   Data           8  nrf_log_frontend.o(.data)
    .data                                    0x20002100   Section        8  nrf_log_frontend.o(.data)
    log_mempool_nrf_balloc_cb                0x20002100   Data           8  nrf_log_frontend.o(.data)
    .data                                    0x20002108   Section       64  nrf_log_str_formatter.o(.data)
    m_freq                                   0x20002108   Data           4  nrf_log_str_formatter.o(.data)
    m_timestamp_div                          0x2000210c   Data           4  nrf_log_str_formatter.o(.data)
    severity_names                           0x20002110   Data          20  nrf_log_str_formatter.o(.data)
    m_colors                                 0x20002124   Data          36  nrf_log_str_formatter.o(.data)
    .data                                    0x20002148   Section        3  nrf_sdh.o(.data)
    m_nrf_sdh_enabled                        0x20002148   Data           1  nrf_sdh.o(.data)
    m_nrf_sdh_suspended                      0x20002149   Data           1  nrf_sdh.o(.data)
    m_nrf_sdh_continue                       0x2000214a   Data           1  nrf_sdh.o(.data)
    .data                                    0x2000214b   Section        1  nrf_sdh_ble.o(.data)
    m_stack_is_enabled                       0x2000214b   Data           1  nrf_sdh_ble.o(.data)
    .data                                    0x2000214c   Section        4  system_nrf52840.o(.data)
    __tagsym$$used                           0x2000214c   Number         0  system_nrf52840.o(.data)
    log_dynamic_data                         0x20002150   Section        4  ble_db_discovery.o(log_dynamic_data)
    __tagsym$$used                           0x20002150   Number         0  ble_db_discovery.o(log_dynamic_data)
    log_dynamic_data                         0x20002154   Section        4  nrf_ble_gatt.o(log_dynamic_data)
    __tagsym$$used                           0x20002154   Number         0  nrf_ble_gatt.o(log_dynamic_data)
    log_dynamic_data                         0x20002158   Section        4  ble_lbs_c.o(log_dynamic_data)
    __tagsym$$used                           0x20002158   Number         0  ble_lbs_c.o(log_dynamic_data)
    log_dynamic_data                         0x2000215c   Section        4  nrf_drv_clock.o(log_dynamic_data)
    __tagsym$$used                           0x2000215c   Number         0  nrf_drv_clock.o(log_dynamic_data)
    log_dynamic_data                         0x20002160   Section        4  nrfx_clock.o(log_dynamic_data)
    __tagsym$$used                           0x20002160   Number         0  nrfx_clock.o(log_dynamic_data)
    log_dynamic_data                         0x20002164   Section        4  nrfx_gpiote.o(log_dynamic_data)
    __tagsym$$used                           0x20002164   Number         0  nrfx_gpiote.o(log_dynamic_data)
    log_dynamic_data                         0x20002168   Section        4  nrfx_prs.o(log_dynamic_data)
    __tagsym$$used                           0x20002168   Number         0  nrfx_prs.o(log_dynamic_data)
    log_dynamic_data                         0x2000216c   Section        4  nrfx_uart.o(log_dynamic_data)
    __tagsym$$used                           0x2000216c   Number         0  nrfx_uart.o(log_dynamic_data)
    log_dynamic_data                         0x20002170   Section        4  nrfx_uarte.o(log_dynamic_data)
    __tagsym$$used                           0x20002170   Number         0  nrfx_uarte.o(log_dynamic_data)
    log_dynamic_data                         0x20002174   Section        4  nrf_fstorage.o(log_dynamic_data)
    __tagsym$$used                           0x20002174   Number         0  nrf_fstorage.o(log_dynamic_data)
    log_dynamic_data                         0x20002178   Section        4  nrf_fstorage_sd.o(log_dynamic_data)
    __tagsym$$used                           0x20002178   Number         0  nrf_fstorage_sd.o(log_dynamic_data)
    log_dynamic_data                         0x2000217c   Section        4  nrf_pwr_mgmt.o(log_dynamic_data)
    __tagsym$$used                           0x2000217c   Number         0  nrf_pwr_mgmt.o(log_dynamic_data)
    log_dynamic_data                         0x20002180   Section        8  nrf_log_frontend.o(log_dynamic_data)
    __tagsym$$used                           0x20002180   Number         0  nrf_log_frontend.o(log_dynamic_data)
    __tagsym$$used                           0x20002184   Number         0  nrf_log_frontend.o(log_dynamic_data)
    log_dynamic_data                         0x20002188   Section        4  nrf_sdh.o(log_dynamic_data)
    __tagsym$$used                           0x20002188   Number         0  nrf_sdh.o(log_dynamic_data)
    log_dynamic_data                         0x2000218c   Section        4  nrf_sdh_ble.o(log_dynamic_data)
    __tagsym$$used                           0x2000218c   Number         0  nrf_sdh_ble.o(log_dynamic_data)
    log_dynamic_data                         0x20002190   Section        4  nrf_sdh_soc.o(log_dynamic_data)
    __tagsym$$used                           0x20002190   Number         0  nrf_sdh_soc.o(log_dynamic_data)
    .bss                                     0x20002194   Section       32  main.o(.bss)
    adv_timer_data                           0x20002194   Data          32  main.o(.bss)
    .bss                                     0x200021b4   Section       68  main.o(.bss)
    m_ble_lbs_c                              0x200021b4   Data          16  main.o(.bss)
    m_gatt                                   0x200021c4   Data          20  main.o(.bss)
    adv_timer                                0x200021d8   Data          32  main.o(.bss)
    .bss                                     0x200021f8   Section       31  main.o(.bss)
    m_enc_advdata                            0x200021f8   Data          31  main.o(.bss)
    .bss                                     0x20002217   Section       31  main.o(.bss)
    m_scan_buffer_data                       0x20002217   Data          31  main.o(.bss)
    .bss                                     0x20002236   Section       12  bsp.o(.bss)
    m_events_list                            0x20002236   Data          12  bsp.o(.bss)
    .bss                                     0x20002244   Section      120  ble_conn_state.o(.bss)
    m_bcs                                    0x20002244   Data         120  ble_conn_state.o(.bss)
    .bss                                     0x200022bc   Section      792  ble_db_discovery.o(.bss)
    m_registered_handlers                    0x200022bc   Data          24  ble_db_discovery.o(.bss)
    m_pending_user_evts                      0x200022d4   Data         768  ble_db_discovery.o(.bss)
    .bss                                     0x200025d4   Section      160  ble_lbs_c.o(.bss)
    m_tx_buffer                              0x200025d4   Data         160  ble_lbs_c.o(.bss)
    .bss                                     0x20002674   Section       20  nrf_drv_clock.o(.bss)
    m_clock_cb                               0x20002674   Data          20  nrf_drv_clock.o(.bss)
    .bss                                     0x20002688   Section      108  nrfx_gpiote.o(.bss)
    m_cb                                     0x20002688   Data         108  nrfx_gpiote.o(.bss)
    .bss                                     0x200026f4   Section       32  app_button.o(.bss)
    m_detection_delay_timer_id_data          0x200026f4   Data          32  app_button.o(.bss)
    .bss                                     0x20002714   Section      268  app_timer.o(.bss)
    m_op_queue                               0x20002714   Data         268  app_timer.o(.bss)
    .bss                                     0x20002820   Section       12  app_util_platform.o(.bss)
    .bss                                     0x2000282c   Section      160  nrf_fstorage_sd.o(.bss)
    m_fifo_data                              0x2000282c   Data         140  nrf_fstorage_sd.o(.bss)
    m_flags                                  0x200028b8   Data          20  nrf_fstorage_sd.o(.bss)
    .bss                                     0x200028cc   Section       12  nrf_pwr_mgmt.o(.bss)
    m_handlers_iter                          0x200028cc   Data          12  nrf_pwr_mgmt.o(.bss)
    .bss                                     0x200028d8   Section      256  nrf_log_backend_rtt.o(.bss)
    m_string_buff                            0x200028d8   Data         256  nrf_log_backend_rtt.o(.bss)
    .bss                                     0x200029d8   Section      192  nrf_log_frontend.o(.bss)
    log_mempool_nrf_balloc_pool_mem          0x200029d8   Data         192  nrf_log_frontend.o(.bss)
    .bss                                     0x20002a98   Section     1060  nrf_log_frontend.o(.bss)
    m_log_data                               0x20002a98   Data        1060  nrf_log_frontend.o(.bss)
    .bss                                     0x20002ebc   Section      648  segger_rtt.o(.bss)
    _acUpBuffer                              0x20002f34   Data         512  segger_rtt.o(.bss)
    _acDownBuffer                            0x20003134   Data          16  segger_rtt.o(.bss)
    STACK                                    0x20003148   Section     8192  arm_startup_nrf52840.o(STACK)

    Global Symbols

    Symbol Name                              Value     Ov Type        Size  Object(Section)

    BuildAttributes$$THM_ISAv4$E$P$D$K$B$S$7EM$VFPi3$EXTD16$VFPS$VFMA$PE$A:L22UL41UL21$X:L11$S22US41US21$IEEE1$IW$USESV6$~STKCKD$USESV7$~SHL$OSPACE$EBA8$MICROLIB$REQ8$EABIv2 0x00000000   Number         0  anon$$obj.o ABSOLUTE
    __ARM_use_no_argv                        0x00000000   Number         0  main.o ABSOLUTE
    __use_no_errno                           0x00000000   Number         0  useno.o ABSOLUTE
    __use_no_exception_handling              0x00000000   Number         0  useno.o ABSOLUTE
    __use_no_fp                              0x00000000   Number         0  useno.o ABSOLUTE
    __use_no_heap                            0x00000000   Number         0  useno.o ABSOLUTE
    __use_no_heap_region                     0x00000000   Number         0  useno.o ABSOLUTE
    __use_no_semihosting                     0x00000000   Number         0  useno.o ABSOLUTE
    __use_no_semihosting_swi                 0x00000000   Number         0  useno.o ABSOLUTE
    __use_no_signal_handling                 0x00000000   Number         0  useno.o ABSOLUTE
    __cpp_initialize__aeabi_                  - Undefined Weak Reference
    __cxa_finalize                            - Undefined Weak Reference
    _clock_init                               - Undefined Weak Reference
    _microlib_exit                            - Undefined Weak Reference
    fs_data$$Base                             - Undefined Reference
    fs_data$$Limit                            - Undefined Reference
    pwr_mgmt_data0$$Base                      - Undefined Reference
    pwr_mgmt_data0$$Limit                     - Undefined Reference
    pwr_mgmt_data1$$Base                      - Undefined Reference
    pwr_mgmt_data1$$Limit                     - Undefined Reference
    pwr_mgmt_data2$$Base                      - Undefined Reference
    pwr_mgmt_data2$$Limit                     - Undefined Reference
    sdh_req_observers1$$Base                  - Undefined Reference
    sdh_req_observers1$$Limit                 - Undefined Reference
    sdh_soc_observers1$$Base                  - Undefined Reference
    sdh_soc_observers1$$Limit                 - Undefined Reference
    sdh_stack_observers1$$Base                - Undefined Reference
    sdh_stack_observers1$$Limit               - Undefined Reference
    sdh_state_observers1$$Base                - Undefined Reference
    sdh_state_observers1$$Limit               - Undefined Reference
    __Vectors_Size                           0x00000200   Number         0  arm_startup_nrf52840.o ABSOLUTE
    __Vectors                                0x00026000   Data           4  arm_startup_nrf52840.o(RESET)
    __Vectors_End                            0x00026200   Data           0  arm_startup_nrf52840.o(RESET)
    __main                                   0x00026201   Thumb Code     0  entry.o(.ARM.Collect$$$$00000000)
    _main_stk                                0x00026201   Thumb Code     0  entry2.o(.ARM.Collect$$$$00000001)
    _main_scatterload                        0x00026205   Thumb Code     0  entry5.o(.ARM.Collect$$$$00000004)
    __main_after_scatterload                 0x00026209   Thumb Code     0  entry5.o(.ARM.Collect$$$$00000004)
    _main_clock                              0x00026209   Thumb Code     0  entry7b.o(.ARM.Collect$$$$00000008)
    _main_cpp_init                           0x00026209   Thumb Code     0  entry8b.o(.ARM.Collect$$$$0000000A)
    _main_init                               0x00026209   Thumb Code     0  entry9a.o(.ARM.Collect$$$$0000000B)
    __rt_final_cpp                           0x00026211   Thumb Code     0  entry10a.o(.ARM.Collect$$$$0000000D)
    __rt_final_exit                          0x00026211   Thumb Code     0  entry11a.o(.ARM.Collect$$$$0000000F)
    __asm___12_nrf_atfifo_c_51f461e1__nrf_atfifo_wspace_req 0x00026215   Thumb Code    56  nrf_atfifo.o(.emb_text)
    __asm___12_nrf_atfifo_c_51f461e1__nrf_atfifo_wspace_close 0x0002624d   Thumb Code    18  nrf_atfifo.o(.emb_text)
    __asm___12_nrf_atfifo_c_51f461e1__nrf_atfifo_rspace_req 0x0002625f   Thumb Code    58  nrf_atfifo.o(.emb_text)
    __asm___12_nrf_atfifo_c_51f461e1__nrf_atfifo_rspace_close 0x00026299   Thumb Code    18  nrf_atfifo.o(.emb_text)
    __asm___12_nrf_atfifo_c_51f461e1__nrf_atfifo_space_clear 0x000262ab   Thumb Code    50  nrf_atfifo.o(.emb_text)
    __asm___12_nrf_atomic_c_85ca2469__nrf_atomic_internal_mov 0x000262dd   Thumb Code    24  nrf_atomic.o(.emb_text)
    __asm___12_nrf_atomic_c_85ca2469__nrf_atomic_internal_orr 0x000262f5   Thumb Code    26  nrf_atomic.o(.emb_text)
    __asm___12_nrf_atomic_c_85ca2469__nrf_atomic_internal_and 0x0002630f   Thumb Code    26  nrf_atomic.o(.emb_text)
    __asm___12_nrf_atomic_c_85ca2469__nrf_atomic_internal_eor 0x00026329   Thumb Code    26  nrf_atomic.o(.emb_text)
    __asm___12_nrf_atomic_c_85ca2469__nrf_atomic_internal_add 0x00026343   Thumb Code    26  nrf_atomic.o(.emb_text)
    __asm___12_nrf_atomic_c_85ca2469__nrf_atomic_internal_sub 0x0002635d   Thumb Code    26  nrf_atomic.o(.emb_text)
    __asm___12_nrf_atomic_c_85ca2469__nrf_atomic_internal_cmp_exch 0x00026377   Thumb Code    42  nrf_atomic.o(.emb_text)
    __asm___12_nrf_atomic_c_85ca2469__nrf_atomic_internal_sub_hs 0x000263a1   Thumb Code    30  nrf_atomic.o(.emb_text)
    Reset_Handler                            0x000263c1   Thumb Code     8  arm_startup_nrf52840.o(.text)
    NMI_Handler                              0x000263c9   Thumb Code     2  arm_startup_nrf52840.o(.text)
    HardFault_Handler                        0x000263cb   Thumb Code     2  arm_startup_nrf52840.o(.text)
    MemoryManagement_Handler                 0x000263cd   Thumb Code     2  arm_startup_nrf52840.o(.text)
    BusFault_Handler                         0x000263cf   Thumb Code     2  arm_startup_nrf52840.o(.text)
    UsageFault_Handler                       0x000263d1   Thumb Code     2  arm_startup_nrf52840.o(.text)
    SVC_Handler                              0x000263d3   Thumb Code     2  arm_startup_nrf52840.o(.text)
    DebugMon_Handler                         0x000263d5   Thumb Code     2  arm_startup_nrf52840.o(.text)
    PendSV_Handler                           0x000263d7   Thumb Code     2  arm_startup_nrf52840.o(.text)
    SysTick_Handler                          0x000263d9   Thumb Code     2  arm_startup_nrf52840.o(.text)
    CCM_AAR_IRQHandler                       0x000263db   Thumb Code     0  arm_startup_nrf52840.o(.text)
    COMP_LPCOMP_IRQHandler                   0x000263db   Thumb Code     0  arm_startup_nrf52840.o(.text)
    CRYPTOCELL_IRQHandler                    0x000263db   Thumb Code     0  arm_startup_nrf52840.o(.text)
    ECB_IRQHandler                           0x000263db   Thumb Code     0  arm_startup_nrf52840.o(.text)
    FPU_IRQHandler                           0x000263db   Thumb Code     0  arm_startup_nrf52840.o(.text)
    I2S_IRQHandler                           0x000263db   Thumb Code     0  arm_startup_nrf52840.o(.text)
    MWU_IRQHandler                           0x000263db   Thumb Code     0  arm_startup_nrf52840.o(.text)
    NFCT_IRQHandler                          0x000263db   Thumb Code     0  arm_startup_nrf52840.o(.text)
    PDM_IRQHandler                           0x000263db   Thumb Code     0  arm_startup_nrf52840.o(.text)
    PWM0_IRQHandler                          0x000263db   Thumb Code     0  arm_startup_nrf52840.o(.text)
    PWM1_IRQHandler                          0x000263db   Thumb Code     0  arm_startup_nrf52840.o(.text)
    PWM2_IRQHandler                          0x000263db   Thumb Code     0  arm_startup_nrf52840.o(.text)
    PWM3_IRQHandler                          0x000263db   Thumb Code     0  arm_startup_nrf52840.o(.text)
    QDEC_IRQHandler                          0x000263db   Thumb Code     0  arm_startup_nrf52840.o(.text)
    QSPI_IRQHandler                          0x000263db   Thumb Code     0  arm_startup_nrf52840.o(.text)
    RADIO_IRQHandler                         0x000263db   Thumb Code     0  arm_startup_nrf52840.o(.text)
    RNG_IRQHandler                           0x000263db   Thumb Code     0  arm_startup_nrf52840.o(.text)
    RTC0_IRQHandler                          0x000263db   Thumb Code     0  arm_startup_nrf52840.o(.text)
    RTC2_IRQHandler                          0x000263db   Thumb Code     0  arm_startup_nrf52840.o(.text)
    SAADC_IRQHandler                         0x000263db   Thumb Code     0  arm_startup_nrf52840.o(.text)
    SPIM0_SPIS0_TWIM0_TWIS0_SPI0_TWI0_IRQHandler 0x000263db   Thumb Code     0  arm_startup_nrf52840.o(.text)
    SPIM1_SPIS1_TWIM1_TWIS1_SPI1_TWI1_IRQHandler 0x000263db   Thumb Code     0  arm_startup_nrf52840.o(.text)
    SPIM2_SPIS2_SPI2_IRQHandler              0x000263db   Thumb Code     0  arm_startup_nrf52840.o(.text)
    SPIM3_IRQHandler                         0x000263db   Thumb Code     0  arm_startup_nrf52840.o(.text)
    SWI1_EGU1_IRQHandler                     0x000263db   Thumb Code     0  arm_startup_nrf52840.o(.text)
    SWI3_EGU3_IRQHandler                     0x000263db   Thumb Code     0  arm_startup_nrf52840.o(.text)
    SWI4_EGU4_IRQHandler                     0x000263db   Thumb Code     0  arm_startup_nrf52840.o(.text)
    SWI5_EGU5_IRQHandler                     0x000263db   Thumb Code     0  arm_startup_nrf52840.o(.text)
    TEMP_IRQHandler                          0x000263db   Thumb Code     0  arm_startup_nrf52840.o(.text)
    TIMER0_IRQHandler                        0x000263db   Thumb Code     0  arm_startup_nrf52840.o(.text)
    TIMER1_IRQHandler                        0x000263db   Thumb Code     0  arm_startup_nrf52840.o(.text)
    TIMER2_IRQHandler                        0x000263db   Thumb Code     0  arm_startup_nrf52840.o(.text)
    TIMER3_IRQHandler                        0x000263db   Thumb Code     0  arm_startup_nrf52840.o(.text)
    TIMER4_IRQHandler                        0x000263db   Thumb Code     0  arm_startup_nrf52840.o(.text)
    UARTE1_IRQHandler                        0x000263db   Thumb Code     0  arm_startup_nrf52840.o(.text)
    USBD_IRQHandler                          0x000263db   Thumb Code     0  arm_startup_nrf52840.o(.text)
    WDT_IRQHandler                           0x000263db   Thumb Code     0  arm_startup_nrf52840.o(.text)
    __aeabi_llsl                             0x000263e5   Thumb Code    30  llshl.o(.text)
    _ll_shift_l                              0x000263e5   Thumb Code     0  llshl.o(.text)
    __rt_ctype_table                         0x00026405   Thumb Code     4  ctype_o.o(.text)
    __aeabi_memcpy                           0x0002640d   Thumb Code    36  memcpya.o(.text)
    __aeabi_memcpy4                          0x0002640d   Thumb Code     0  memcpya.o(.text)
    __aeabi_memcpy8                          0x0002640d   Thumb Code     0  memcpya.o(.text)
    __aeabi_memset                           0x00026431   Thumb Code    14  memseta.o(.text)
    __aeabi_memset4                          0x00026431   Thumb Code     0  memseta.o(.text)
    __aeabi_memset8                          0x00026431   Thumb Code     0  memseta.o(.text)
    __aeabi_memclr                           0x0002643f   Thumb Code     4  memseta.o(.text)
    __aeabi_memclr4                          0x0002643f   Thumb Code     0  memseta.o(.text)
    __aeabi_memclr8                          0x0002643f   Thumb Code     0  memseta.o(.text)
    _memset$wrapper                          0x00026443   Thumb Code    18  memseta.o(.text)
    strlen                                   0x00026455   Thumb Code    14  strlen.o(.text)
    strcpy                                   0x00026463   Thumb Code    18  strcpy.o(.text)
    __scatterload                            0x00026475   Thumb Code    28  init.o(.text)
    __scatterload_rt2                        0x00026475   Thumb Code     0  init.o(.text)
    __decompress                             0x00026499   Thumb Code     0  __dczerorl2.o(.text)
    __decompress1                            0x00026499   Thumb Code    86  __dczerorl2.o(.text)
    GPIOTE_IRQHandler                        0x000264f1   Thumb Code   428  nrfx_gpiote.o(i.GPIOTE_IRQHandler)
    POWER_CLOCK_IRQHandler                   0x00026709   Thumb Code    82  nrfx_clock.o(i.POWER_CLOCK_IRQHandler)
    RTC1_IRQHandler                          0x00026761   Thumb Code    32  app_timer.o(i.RTC1_IRQHandler)
    SEGGER_RTT_Init                          0x00026785   Thumb Code     4  segger_rtt.o(i.SEGGER_RTT_Init)
    SEGGER_RTT_WriteNoLock                   0x00026789   Thumb Code    86  segger_rtt.o(i.SEGGER_RTT_WriteNoLock)
    SWI0_EGU0_IRQHandler                     0x000267e5   Thumb Code     4  app_timer.o(i.SWI0_EGU0_IRQHandler)
    SWI2_EGU2_IRQHandler                     0x000267e9   Thumb Code     4  nrf_sdh.o(i.SWI2_EGU2_IRQHandler)
    SystemInit                               0x000267ed   Thumb Code   416  system_nrf52840.o(i.SystemInit)
    UARTE0_UART0_IRQHandler                  0x000269c9   Thumb Code     6  nrfx_prs.o(i.UARTE0_UART0_IRQHandler)
    __scatterload_copy                       0x00026aef   Thumb Code    14  handlers.o(i.__scatterload_copy)
    __scatterload_null                       0x00026afd   Thumb Code     2  handlers.o(i.__scatterload_null)
    __scatterload_zeroinit                   0x00026aff   Thumb Code    14  handlers.o(i.__scatterload_zeroinit)
    adv_timer_event_handler                  0x00026b31   Thumb Code    46  main.o(i.adv_timer_event_handler)
    app_button_enable                        0x00026c19   Thumb Code    32  app_button.o(i.app_button_enable)
    app_button_init                          0x00026c3d   Thumb Code   102  app_button.o(i.app_button_init)
    app_error_fault_handler                  0x00026cb5   Thumb Code    84  app_error_weak.o(i.app_error_fault_handler)
    app_error_handler_bare                   0x00026d31   Thumb Code    22  app_error.o(i.app_error_handler_bare)
    app_timer_create                         0x00026d49   Thumb Code    36  app_timer.o(i.app_timer_create)
    app_timer_init                           0x00026d71   Thumb Code    70  app_timer.o(i.app_timer_init)
    app_timer_start                          0x00026dc5   Thumb Code   128  app_timer.o(i.app_timer_start)
    app_timer_stop                           0x00026e4d   Thumb Code    26  app_timer.o(i.app_timer_stop)
    app_util_critical_region_enter           0x00026e6d   Thumb Code    64  app_util_platform.o(i.app_util_critical_region_enter)
    app_util_critical_region_exit            0x00026eb5   Thumb Code    46  app_util_platform.o(i.app_util_critical_region_exit)
    ble_db_discovery_evt_register            0x00026ee9   Thumb Code    56  ble_db_discovery.o(i.ble_db_discovery_evt_register)
    ble_db_discovery_init                    0x00026f29   Thumb Code    24  ble_db_discovery.o(i.ble_db_discovery_init)
    ble_db_discovery_on_ble_evt              0x00026f45   Thumb Code   138  ble_db_discovery.o(i.ble_db_discovery_on_ble_evt)
    ble_db_discovery_start                   0x00026fd5   Thumb Code    34  ble_db_discovery.o(i.ble_db_discovery_start)
    ble_lbs_c_button_notif_enable            0x00027251   Thumb Code    80  ble_lbs_c.o(i.ble_lbs_c_button_notif_enable)
    ble_lbs_c_handles_assign                 0x000272a9   Thumb Code    24  ble_lbs_c.o(i.ble_lbs_c_handles_assign)
    ble_lbs_c_init                           0x000272c1   Thumb Code    80  ble_lbs_c.o(i.ble_lbs_c_init)
    ble_lbs_c_on_ble_evt                     0x00027315   Thumb Code   116  ble_lbs_c.o(i.ble_lbs_c_on_ble_evt)
    ble_lbs_led_status_send                  0x00027389   Thumb Code    80  ble_lbs_c.o(i.ble_lbs_led_status_send)
    ble_lbs_on_db_disc_evt                   0x000273e1   Thumb Code   140  ble_lbs_c.o(i.ble_lbs_on_db_disc_evt)
    bsp_board_init                           0x0002746d   Thumb Code    80  boards.o(i.bsp_board_init)
    bsp_board_led_off                        0x000274c1   Thumb Code    10  boards.o(i.bsp_board_led_off)
    bsp_board_led_on                         0x000274d1   Thumb Code    10  boards.o(i.bsp_board_led_on)
    bsp_board_leds_off                       0x000274e1   Thumb Code    18  boards.o(i.bsp_board_leds_off)
    bsp_event_to_button_action_assign        0x000274f5   Thumb Code    64  bsp.o(i.bsp_event_to_button_action_assign)
    buffer_is_empty                          0x000275e9   Thumb Code    16  nrf_log_frontend.o(i.buffer_is_empty)
    conn_handle_list_get                     0x00027801   Thumb Code    62  ble_conn_state.o(i.conn_handle_list_get)
    main                                     0x00028045   Thumb Code   250  main.o(i.main)
    nrf_atfifo_item_free                     0x00028221   Thumb Code    22  nrf_atfifo.o(i.nrf_atfifo_item_free)
    nrf_atfifo_item_get                      0x00028237   Thumb Code    22  nrf_atfifo.o(i.nrf_atfifo_item_get)
    nrf_atflags_clear                        0x0002824d   Thumb Code    22  nrf_atflags.o(i.nrf_atflags_clear)
    nrf_atflags_get                          0x00028263   Thumb Code    22  nrf_atflags.o(i.nrf_atflags_get)
    nrf_atflags_set                          0x00028279   Thumb Code    20  nrf_atflags.o(i.nrf_atflags_set)
    nrf_atomic_flag_clear_fetch              0x0002828d   Thumb Code     6  nrf_atomic.o(i.nrf_atomic_flag_clear_fetch)
    nrf_atomic_flag_set                      0x00028293   Thumb Code     6  nrf_atomic.o(i.nrf_atomic_flag_set)
    nrf_atomic_u32_add                       0x00028299   Thumb Code    12  nrf_atomic.o(i.nrf_atomic_u32_add)
    nrf_atomic_u32_and                       0x000282a5   Thumb Code    12  nrf_atomic.o(i.nrf_atomic_u32_and)
    nrf_atomic_u32_fetch_and                 0x000282b1   Thumb Code    10  nrf_atomic.o(i.nrf_atomic_u32_fetch_and)
    nrf_atomic_u32_fetch_store               0x000282bb   Thumb Code    10  nrf_atomic.o(i.nrf_atomic_u32_fetch_store)
    nrf_atomic_u32_or                        0x000282c5   Thumb Code    12  nrf_atomic.o(i.nrf_atomic_u32_or)
    nrf_atomic_u32_sub                       0x000282d1   Thumb Code    12  nrf_atomic.o(i.nrf_atomic_u32_sub)
    nrf_balloc_alloc                         0x000282dd   Thumb Code    68  nrf_balloc.o(i.nrf_balloc_alloc)
    nrf_balloc_free                          0x00028321   Thumb Code    48  nrf_balloc.o(i.nrf_balloc_free)
    nrf_balloc_init                          0x00028351   Thumb Code    48  nrf_balloc.o(i.nrf_balloc_init)
    nrf_ble_gatt_init                        0x000283a5   Thumb Code    34  nrf_ble_gatt.o(i.nrf_ble_gatt_init)
    nrf_ble_gatt_on_ble_evt                  0x000283c9   Thumb Code   266  nrf_ble_gatt.o(i.nrf_ble_gatt_on_ble_evt)
    nrf_drv_clock_init                       0x00028531   Thumb Code    48  nrf_drv_clock.o(i.nrf_drv_clock_init)
    nrf_drv_clock_lfclk_release              0x00028569   Thumb Code    42  nrf_drv_clock.o(i.nrf_drv_clock_lfclk_release)
    nrf_fprintf                              0x00028599   Thumb Code    26  nrf_fprintf.o(i.nrf_fprintf)
    nrf_fprintf_buffer_flush                 0x000285b3   Thumb Code    24  nrf_fprintf.o(i.nrf_fprintf_buffer_flush)
    nrf_fprintf_fmt                          0x000285cb   Thumb Code   474  nrf_fprintf_format.o(i.nrf_fprintf_fmt)
    nrf_fstorage_sdh_req_handler             0x000287a5   Thumb Code    18  nrf_fstorage_sd.o(i.nrf_fstorage_sdh_req_handler)
    nrf_fstorage_sdh_state_handler           0x000287bd   Thumb Code    28  nrf_fstorage_sd.o(i.nrf_fstorage_sdh_state_handler)
    nrf_fstorage_sys_evt_handler             0x000287dd   Thumb Code   154  nrf_fstorage_sd.o(i.nrf_fstorage_sys_evt_handler)
    nrf_log_backend_add                      0x000289d9   Thumb Code    74  nrf_log_frontend.o(i.nrf_log_backend_add)
    nrf_log_backend_rtt_init                 0x00028a2b   Thumb Code     4  nrf_log_backend_rtt.o(i.nrf_log_backend_rtt_init)
    nrf_log_backend_serial_put               0x00028a4d   Thumb Code   200  nrf_log_backend_serial.o(i.nrf_log_backend_serial_put)
    nrf_log_color_id_get                     0x00028b15   Thumb Code    42  nrf_log_frontend.o(i.nrf_log_color_id_get)
    nrf_log_default_backends_init            0x00028b45   Thumb Code    22  nrf_log_default_backends.o(i.nrf_log_default_backends_init)
    nrf_log_frontend_dequeue                 0x00028b61   Thumb Code   510  nrf_log_frontend.o(i.nrf_log_frontend_dequeue)
    nrf_log_frontend_std_0                   0x00028d81   Thumb Code     8  nrf_log_frontend.o(i.nrf_log_frontend_std_0)
    nrf_log_frontend_std_1                   0x00028d89   Thumb Code    14  nrf_log_frontend.o(i.nrf_log_frontend_std_1)
    nrf_log_frontend_std_2                   0x00028d97   Thumb Code    16  nrf_log_frontend.o(i.nrf_log_frontend_std_2)
    nrf_log_hexdump_entry_process            0x00028da9   Thumb Code   146  nrf_log_str_formatter.o(i.nrf_log_hexdump_entry_process)
    nrf_log_init                             0x00028e55   Thumb Code    66  nrf_log_frontend.o(i.nrf_log_init)
    nrf_log_module_cnt_get                   0x00028ead   Thumb Code    10  nrf_log_frontend.o(i.nrf_log_module_cnt_get)
    nrf_log_module_name_get                  0x00028ec1   Thumb Code    24  nrf_log_frontend.o(i.nrf_log_module_name_get)
    nrf_log_panic                            0x00028edd   Thumb Code    34  nrf_log_frontend.o(i.nrf_log_panic)
    nrf_log_std_entry_process                0x00028f05   Thumb Code   182  nrf_log_str_formatter.o(i.nrf_log_std_entry_process)
    nrf_memobj_alloc                         0x00028fbb   Thumb Code    96  nrf_memobj.o(i.nrf_memobj_alloc)
    nrf_memobj_free                          0x0002901b   Thumb Code    50  nrf_memobj.o(i.nrf_memobj_free)
    nrf_memobj_get                           0x0002904d   Thumb Code     8  nrf_memobj.o(i.nrf_memobj_get)
    nrf_memobj_pool_init                     0x00029055   Thumb Code     4  nrf_memobj.o(i.nrf_memobj_pool_init)
    nrf_memobj_put                           0x00029059   Thumb Code    30  nrf_memobj.o(i.nrf_memobj_put)
    nrf_memobj_read                          0x00029077   Thumb Code    12  nrf_memobj.o(i.nrf_memobj_read)
    nrf_memobj_write                         0x00029083   Thumb Code    12  nrf_memobj.o(i.nrf_memobj_write)
    nrf_pwr_mgmt_init                        0x00029091   Thumb Code    28  nrf_pwr_mgmt.o(i.nrf_pwr_mgmt_init)
    nrf_pwr_mgmt_run                         0x000290b9   Thumb Code    64  nrf_pwr_mgmt.o(i.nrf_pwr_mgmt_run)
    nrf_sdh_ble_app_ram_start_get            0x000290fd   Thumb Code    16  nrf_sdh_ble.o(i.nrf_sdh_ble_app_ram_start_get)
    nrf_sdh_ble_default_cfg_set              0x00029111   Thumb Code   236  nrf_sdh_ble.o(i.nrf_sdh_ble_default_cfg_set)
    nrf_sdh_ble_enable                       0x00029215   Thumb Code   116  nrf_sdh_ble.o(i.nrf_sdh_ble_enable)
    nrf_sdh_disable_request                  0x0002939d   Thumb Code    80  nrf_sdh.o(i.nrf_sdh_disable_request)
    nrf_sdh_enable_request                   0x000293f1   Thumb Code   102  nrf_sdh.o(i.nrf_sdh_enable_request)
    nrf_sdh_evts_poll                        0x00029465   Thumb Code    32  nrf_sdh.o(i.nrf_sdh_evts_poll)
    nrf_sdh_is_enabled                       0x00029489   Thumb Code     6  nrf_sdh.o(i.nrf_sdh_is_enabled)
    nrf_sdh_request_continue                 0x00029495   Thumb Code    22  nrf_sdh.o(i.nrf_sdh_request_continue)
    nrf_section_iter_init                    0x000294ed   Thumb Code    10  nrf_section_iter.o(i.nrf_section_iter_init)
    nrf_section_iter_next                    0x0002951b   Thumb Code    32  nrf_section_iter.o(i.nrf_section_iter_next)
    nrf_strerror_find                        0x0002953d   Thumb Code    52  nrf_strerror.o(i.nrf_strerror_find)
    nrf_strerror_get                         0x00029575   Thumb Code    14  nrf_strerror.o(i.nrf_strerror_get)
    nrfx_clock_enable                        0x00029589   Thumb Code    36  nrfx_clock.o(i.nrfx_clock_enable)
    nrfx_clock_init                          0x000295b5   Thumb Code    26  nrfx_clock.o(i.nrfx_clock_init)
    nrfx_clock_lfclk_stop                    0x000295d5   Thumb Code    20  nrfx_clock.o(i.nrfx_clock_lfclk_stop)
    nrfx_gpiote_in_event_enable              0x00029601   Thumb Code   144  nrfx_gpiote.o(i.nrfx_gpiote_in_event_enable)
    nrfx_gpiote_in_init                      0x00029699   Thumb Code   200  nrfx_gpiote.o(i.nrfx_gpiote_in_init)
    nrfx_gpiote_in_is_set                    0x0002976d   Thumb Code    14  nrfx_gpiote.o(i.nrfx_gpiote_in_is_set)
    nrfx_gpiote_init                         0x0002977d   Thumb Code   104  nrfx_gpiote.o(i.nrfx_gpiote_init)
    nrfx_gpiote_is_init                      0x000297f1   Thumb Code    14  nrfx_gpiote.o(i.nrfx_gpiote_is_init)
    nrf_log_backend_rtt_api                  0x0002a698   Data          12  nrf_log_backend_rtt.o(.constdata)
    m_ram_start                              0x0002a730   Data           4  nrf_sdh_ble.o(.constdata)
    __ctype_table                            0x0002a75c   Data         129  ctype_o.o(.constdata)
    Region$$Table$$Base                      0x0002af1c   Number         0  anon$$obj.o(Region$$Table)
    Region$$Table$$Limit                     0x0002af3c   Number         0  anon$$obj.o(Region$$Table)
    log_const_data$$Base                     0x0002af3c   Number         0  ble_db_discovery.o(log_const_data)
    m_nrf_log_ble_db_disc_logs_data_const    0x0002af3c   Data           8  ble_db_discovery.o(log_const_data)
    m_nrf_log_nrf_ble_gatt_logs_data_const   0x0002af44   Data           8  nrf_ble_gatt.o(log_const_data)
    m_nrf_log_ble_lbs_c_logs_data_const      0x0002af4c   Data           8  ble_lbs_c.o(log_const_data)
    m_nrf_log_clock_logs_data_const          0x0002af54   Data           8  nrf_drv_clock.o(log_const_data)
    m_nrf_log_CLOCK_logs_data_const          0x0002af5c   Data           8  nrfx_clock.o(log_const_data)
    m_nrf_log_GPIOTE_logs_data_const         0x0002af64   Data           8  nrfx_gpiote.o(log_const_data)
    m_nrf_log_PRS_logs_data_const            0x0002af6c   Data           8  nrfx_prs.o(log_const_data)
    m_nrf_log_UART_logs_data_const           0x0002af74   Data           8  nrfx_uart.o(log_const_data)
    m_nrf_log_UARTE_logs_data_const          0x0002af7c   Data           8  nrfx_uarte.o(log_const_data)
    m_nrf_log_nrf_fstorage_logs_data_const   0x0002af84   Data           8  nrf_fstorage.o(log_const_data)
    m_nrf_log_atfifo_m_fifo_logs_data_const  0x0002af8c   Data           8  nrf_fstorage_sd.o(log_const_data)
    m_nrf_log_pwr_mgmt_logs_data_const       0x0002af94   Data           8  nrf_pwr_mgmt.o(log_const_data)
    m_nrf_log_balloc_log_mempool_logs_data_const 0x0002af9c   Data           8  nrf_log_frontend.o(log_const_data)
    m_nrf_log_app_logs_data_const            0x0002afa4   Data           8  nrf_log_frontend.o(log_const_data)
    m_nrf_log_nrf_sdh_logs_data_const        0x0002afac   Data           8  nrf_sdh.o(log_const_data)
    m_nrf_log_nrf_sdh_ble_logs_data_const    0x0002afb4   Data           8  nrf_sdh_ble.o(log_const_data)
    m_nrf_log_nrf_sdh_soc_logs_data_const    0x0002afbc   Data           8  nrf_sdh_soc.o(log_const_data)
    log_const_data$$Limit                    0x0002afc4   Number         0  nrf_sdh_soc.o(log_const_data)
    log_mempool                              0x0002afc4   Data          24  nrf_log_frontend.o(nrf_balloc)
    sdh_ble_observers0$$Base                 0x0002afdc   Number         0  ble_conn_state.o(sdh_ble_observers0)
    sdh_ble_observers0$$Limit                0x0002afe4   Number         0  ble_conn_state.o(sdh_ble_observers0)
    sdh_ble_observers1$$Base                 0x0002afe4   Number         0  main.o(sdh_ble_observers1)
    sdh_ble_observers1$$Limit                0x0002affc   Number         0  bsp_btn_ble.o(sdh_ble_observers1)
    sdh_ble_observers2$$Base                 0x0002affc   Number         0  main.o(sdh_ble_observers2)
    sdh_ble_observers2$$Limit                0x0002b004   Number         0  main.o(sdh_ble_observers2)
    sdh_ble_observers3$$Base                 0x0002b004   Number         0  main.o(sdh_ble_observers3)
    m_req_obs                                0x0002b00c   Data           8  nrf_fstorage_sd.o(sdh_req_observers0)
    sdh_ble_observers3$$Limit                0x0002b00c   Number         0  main.o(sdh_ble_observers3)
    sdh_req_observers0$$Base                 0x0002b00c   Number         0  nrf_fstorage_sd.o(sdh_req_observers0)
    sdh_req_observers0$$Limit                0x0002b014   Number         0  nrf_fstorage_sd.o(sdh_req_observers0)
    sdh_soc_observers0$$Base                 0x0002b014   Number         0  nrf_drv_clock.o(sdh_soc_observers0)
    sdh_soc_observers0$$Limit                0x0002b024   Number         0  nrf_fstorage_sd.o(sdh_soc_observers0)
    sdh_stack_observers0$$Base               0x0002b024   Number         0  nrf_sdh_ble.o(sdh_stack_observers0)
    sdh_stack_observers0$$Limit              0x0002b034   Number         0  nrf_sdh_soc.o(sdh_stack_observers0)
    sdh_state_observers0$$Base               0x0002b034   Number         0  nrf_drv_clock.o(sdh_state_observers0)
    sdh_state_observers0$$Limit              0x0002b044   Number         0  nrf_fstorage_sd.o(sdh_state_observers0)
    Image$$RW_IRAM1$$Base                    0x20001d70   Number         0  anon$$obj.o ABSOLUTE
    SystemCoreClock                          0x2000214c   Data           4  system_nrf52840.o(.data)
    log_dynamic_data$$Base                   0x20002150   Number         0  ble_db_discovery.o(log_dynamic_data)
    m_nrf_log_ble_db_disc_logs_data_dynamic  0x20002150   Data           4  ble_db_discovery.o(log_dynamic_data)
    m_nrf_log_nrf_ble_gatt_logs_data_dynamic 0x20002154   Data           4  nrf_ble_gatt.o(log_dynamic_data)
    m_nrf_log_ble_lbs_c_logs_data_dynamic    0x20002158   Data           4  ble_lbs_c.o(log_dynamic_data)
    m_nrf_log_clock_logs_data_dynamic        0x2000215c   Data           4  nrf_drv_clock.o(log_dynamic_data)
    m_nrf_log_CLOCK_logs_data_dynamic        0x20002160   Data           4  nrfx_clock.o(log_dynamic_data)
    m_nrf_log_GPIOTE_logs_data_dynamic       0x20002164   Data           4  nrfx_gpiote.o(log_dynamic_data)
    m_nrf_log_PRS_logs_data_dynamic          0x20002168   Data           4  nrfx_prs.o(log_dynamic_data)
    m_nrf_log_UART_logs_data_dynamic         0x2000216c   Data           4  nrfx_uart.o(log_dynamic_data)
    m_nrf_log_UARTE_logs_data_dynamic        0x20002170   Data           4  nrfx_uarte.o(log_dynamic_data)
    m_nrf_log_nrf_fstorage_logs_data_dynamic 0x20002174   Data           4  nrf_fstorage.o(log_dynamic_data)
    m_nrf_log_atfifo_m_fifo_logs_data_dynamic 0x20002178   Data           4  nrf_fstorage_sd.o(log_dynamic_data)
    m_nrf_log_pwr_mgmt_logs_data_dynamic     0x2000217c   Data           4  nrf_pwr_mgmt.o(log_dynamic_data)
    m_nrf_log_balloc_log_mempool_logs_data_dynamic 0x20002180   Data           4  nrf_log_frontend.o(log_dynamic_data)
    m_nrf_log_app_logs_data_dynamic          0x20002184   Data           4  nrf_log_frontend.o(log_dynamic_data)
    m_nrf_log_nrf_sdh_logs_data_dynamic      0x20002188   Data           4  nrf_sdh.o(log_dynamic_data)
    m_nrf_log_nrf_sdh_ble_logs_data_dynamic  0x2000218c   Data           4  nrf_sdh_ble.o(log_dynamic_data)
    m_nrf_log_nrf_sdh_soc_logs_data_dynamic  0x20002190   Data           4  nrf_sdh_soc.o(log_dynamic_data)
    nrf_nvic_state                           0x20002820   Data          12  app_util_platform.o(.bss)
    _SEGGER_RTT                              0x20002ebc   Data         120  segger_rtt.o(.bss)
    __initial_sp                             0x20005148   Data           0  arm_startup_nrf52840.o(STACK)



==============================================================================

Memory Map of the image

  Image Entry point : 0x00026201

  Load Region LR_IROM1 (Base: 0x00026000, Size: 0x00005468, Max: 0x000da000, ABSOLUTE, COMPRESSED[0x0000509c])

    Execution Region ER_IROM1 (Exec base: 0x00026000, Load base: 0x00026000, Size: 0x00005044, Max: 0x000da000, ABSOLUTE)

    Exec Addr    Load Addr    Size         Type   Attr      Idx    E Section Name        Object

    0x00026000   0x00026000   0x00000200   Data   RO         4710    RESET               arm_startup_nrf52840.o
    0x00026200   0x00026200   0x00000000   Code   RO         4751  * .ARM.Collect$$$$00000000  mc_w.l(entry.o)
    0x00026200   0x00026200   0x00000004   Code   RO         4805    .ARM.Collect$$$$00000001  mc_w.l(entry2.o)
    0x00026204   0x00026204   0x00000004   Code   RO         4808    .ARM.Collect$$$$00000004  mc_w.l(entry5.o)
    0x00026208   0x00026208   0x00000000   Code   RO         4810    .ARM.Collect$$$$00000008  mc_w.l(entry7b.o)
    0x00026208   0x00026208   0x00000000   Code   RO         4812    .ARM.Collect$$$$0000000A  mc_w.l(entry8b.o)
    0x00026208   0x00026208   0x00000008   Code   RO         4813    .ARM.Collect$$$$0000000B  mc_w.l(entry9a.o)
    0x00026210   0x00026210   0x00000000   Code   RO         4815    .ARM.Collect$$$$0000000D  mc_w.l(entry10a.o)
    0x00026210   0x00026210   0x00000000   Code   RO         4817    .ARM.Collect$$$$0000000F  mc_w.l(entry11a.o)
    0x00026210   0x00026210   0x00000004   Code   RO         4806    .ARM.Collect$$$$00002712  mc_w.l(entry2.o)
    0x00026214   0x00026214   0x000000c8   Code   RO         2953    .emb_text           nrf_atfifo.o
    0x000262dc   0x000262dc   0x000000e2   Code   RO         3092    .emb_text           nrf_atomic.o
    0x000263be   0x000263be   0x00000002   PAD
    0x000263c0   0x000263c0   0x00000024   Code   RO         4711    .text               arm_startup_nrf52840.o
    0x000263e4   0x000263e4   0x0000001e   Code   RO         4761    .text               mc_w.l(llshl.o)
    0x00026402   0x00026402   0x00000002   PAD
    0x00026404   0x00026404   0x00000008   Code   RO         4763    .text               mc_w.l(ctype_o.o)
    0x0002640c   0x0002640c   0x00000024   Code   RO         4791    .text               mc_w.l(memcpya.o)
    0x00026430   0x00026430   0x00000024   Code   RO         4793    .text               mc_w.l(memseta.o)
    0x00026454   0x00026454   0x0000000e   Code   RO         4795    .text               mc_w.l(strlen.o)
    0x00026462   0x00026462   0x00000012   Code   RO         4801    .text               mc_w.l(strcpy.o)
    0x00026474   0x00026474   0x00000024   Code   RO         4823    .text               mc_w.l(init.o)
    0x00026498   0x00026498   0x00000056   Code   RO         4833    .text               mc_w.l(__dczerorl2.o)
    0x000264ee   0x000264ee   0x00000002   PAD
    0x000264f0   0x000264f0   0x000001b4   Code   RO         1731    i.GPIOTE_IRQHandler  nrfx_gpiote.o
    0x000266a4   0x000266a4   0x00000016   Code   RO         2667    i.NVIC_ClearPendingIRQ  app_timer.o
    0x000266ba   0x000266ba   0x00000016   Code   RO         2668    i.NVIC_EnableIRQ    app_timer.o
    0x000266d0   0x000266d0   0x00000016   Code   RO         2669    i.NVIC_SetPendingIRQ  app_timer.o
    0x000266e6   0x000266e6   0x00000020   Code   RO         2670    i.NVIC_SetPriority  app_timer.o
    0x00026706   0x00026706   0x00000002   PAD
    0x00026708   0x00026708   0x00000058   Code   RO         1599    i.POWER_CLOCK_IRQHandler  nrfx_clock.o
    0x00026760   0x00026760   0x00000024   Code   RO         2671    i.RTC1_IRQHandler   app_timer.o
    0x00026784   0x00026784   0x00000004   Code   RO         4159    i.SEGGER_RTT_Init   segger_rtt.o
    0x00026788   0x00026788   0x0000005c   Code   RO         4173    i.SEGGER_RTT_WriteNoLock  segger_rtt.o
    0x000267e4   0x000267e4   0x00000004   Code   RO         2672    i.SWI0_EGU0_IRQHandler  app_timer.o
    0x000267e8   0x000267e8   0x00000004   Code   RO         4507    i.SWI2_EGU2_IRQHandler  nrf_sdh.o
    0x000267ec   0x000267ec   0x000001dc   Code   RO         4719    i.SystemInit        system_nrf52840.o
    0x000269c8   0x000269c8   0x0000000c   Code   RO         2050    i.UARTE0_UART0_IRQHandler  nrfx_prs.o
    0x000269d4   0x000269d4   0x00000068   Code   RO         4177    i._DoInit           segger_rtt.o
    0x00026a3c   0x00026a3c   0x00000016   Code   RO         4178    i._GetAvailWriteSpace  segger_rtt.o
    0x00026a52   0x00026a52   0x0000005a   Code   RO         4180    i._WriteBlocking    segger_rtt.o
    0x00026aac   0x00026aac   0x00000042   Code   RO         4181    i._WriteNoCheck     segger_rtt.o
    0x00026aee   0x00026aee   0x0000000e   Code   RO         4827    i.__scatterload_copy  mc_w.l(handlers.o)
    0x00026afc   0x00026afc   0x00000002   Code   RO         4828    i.__scatterload_null  mc_w.l(handlers.o)
    0x00026afe   0x00026afe   0x0000000e   Code   RO         4829    i.__scatterload_zeroinit  mc_w.l(handlers.o)
    0x00026b0c   0x00026b0c   0x00000024   Code   RO         4508    i.__sd_nvic_app_accessible_irq  nrf_sdh.o
    0x00026b30   0x00026b30   0x00000038   Code   RO            4    i.adv_timer_event_handler  main.o
    0x00026b68   0x00026b68   0x00000036   Code   RO          625    i.advertising_buttons_configure  bsp_btn_ble.o
    0x00026b9e   0x00026b9e   0x00000002   PAD
    0x00026ba0   0x00026ba0   0x00000078   Code   RO            5    i.advertising_init  main.o
    0x00026c18   0x00026c18   0x00000024   Code   RO         2462    i.app_button_enable  app_button.o
    0x00026c3c   0x00026c3c   0x00000078   Code   RO         2463    i.app_button_init   app_button.o
    0x00026cb4   0x00026cb4   0x0000007c   Code   RO         2582    i.app_error_fault_handler  app_error_weak.o
    0x00026d30   0x00026d30   0x00000016   Code   RO         2526    i.app_error_handler_bare  app_error.o
    0x00026d46   0x00026d46   0x00000002   PAD
    0x00026d48   0x00026d48   0x00000028   Code   RO         2675    i.app_timer_create  app_timer.o
    0x00026d70   0x00026d70   0x00000054   Code   RO         2676    i.app_timer_init    app_timer.o
    0x00026dc4   0x00026dc4   0x00000088   Code   RO         2679    i.app_timer_start   app_timer.o
    0x00026e4c   0x00026e4c   0x00000020   Code   RO         2680    i.app_timer_stop    app_timer.o
    0x00026e6c   0x00026e6c   0x00000048   Code   RO         2840    i.app_util_critical_region_enter  app_util_platform.o
    0x00026eb4   0x00026eb4   0x00000034   Code   RO         2841    i.app_util_critical_region_exit  app_util_platform.o
    0x00026ee8   0x00026ee8   0x00000040   Code   RO         1054    i.ble_db_discovery_evt_register  ble_db_discovery.o
    0x00026f28   0x00026f28   0x0000001c   Code   RO         1055    i.ble_db_discovery_init  ble_db_discovery.o
    0x00026f44   0x00026f44   0x00000090   Code   RO         1056    i.ble_db_discovery_on_ble_evt  ble_db_discovery.o
    0x00026fd4   0x00026fd4   0x00000028   Code   RO         1057    i.ble_db_discovery_start  ble_db_discovery.o
    0x00026ffc   0x00026ffc   0x000000e0   Code   RO            7    i.ble_evt_handler   main.o
    0x000270dc   0x000270dc   0x00000070   Code   RO          626    i.ble_evt_handler   bsp_btn_ble.o
    0x0002714c   0x0002714c   0x00000104   Code   RO          900    i.ble_evt_handler   ble_conn_state.o
    0x00027250   0x00027250   0x00000058   Code   RO         1334    i.ble_lbs_c_button_notif_enable  ble_lbs_c.o
    0x000272a8   0x000272a8   0x00000018   Code   RO         1335    i.ble_lbs_c_handles_assign  ble_lbs_c.o
    0x000272c0   0x000272c0   0x00000054   Code   RO         1336    i.ble_lbs_c_init    ble_lbs_c.o
    0x00027314   0x00027314   0x00000074   Code   RO         1337    i.ble_lbs_c_on_ble_evt  ble_lbs_c.o
    0x00027388   0x00027388   0x00000058   Code   RO         1338    i.ble_lbs_led_status_send  ble_lbs_c.o
    0x000273e0   0x000273e0   0x0000008c   Code   RO         1339    i.ble_lbs_on_db_disc_evt  ble_lbs_c.o
    0x0002746c   0x0002746c   0x00000054   Code   RO          372    i.bsp_board_init    boards.o
    0x000274c0   0x000274c0   0x00000010   Code   RO          375    i.bsp_board_led_off  boards.o
    0x000274d0   0x000274d0   0x00000010   Code   RO          376    i.bsp_board_led_on  boards.o
    0x000274e0   0x000274e0   0x00000012   Code   RO          378    i.bsp_board_leds_off  boards.o
    0x000274f2   0x000274f2   0x00000002   PAD
    0x000274f4   0x000274f4   0x00000044   Code   RO          513    i.bsp_event_to_button_action_assign  bsp.o
    0x00027538   0x00027538   0x00000090   Code   RO         3913    i.buf_prealloc      nrf_log_frontend.o
    0x000275c8   0x000275c8   0x0000001e   Code   RO         3304    i.buffer_add        nrf_fprintf_format.o
    0x000275e6   0x000275e6   0x00000002   PAD
    0x000275e8   0x000275e8   0x00000014   Code   RO         3914    i.buffer_is_empty   nrf_log_frontend.o
    0x000275fc   0x000275fc   0x0000005c   Code   RO            8    i.button_event_handler  main.o
    0x00027658   0x00027658   0x0000001c   Code   RO         1732    i.channel_free      nrfx_gpiote.o
    0x00027674   0x00027674   0x00000048   Code   RO         1733    i.channel_port_alloc  nrfx_gpiote.o
    0x000276bc   0x000276bc   0x00000010   Code   RO         1734    i.channel_port_get  nrfx_gpiote.o
    0x000276cc   0x000276cc   0x00000042   Code   RO         1058    i.characteristics_discover  ble_db_discovery.o
    0x0002770e   0x0002770e   0x00000002   PAD
    0x00027710   0x00027710   0x00000028   Code   RO         1401    i.clock_clk_started_notify  nrf_drv_clock.o
    0x00027738   0x00027738   0x0000001c   Code   RO         1402    i.clock_irq_handler  nrf_drv_clock.o
    0x00027754   0x00027754   0x000000ac   Code   RO         2682    i.compare_reg_update  app_timer.o
    0x00027800   0x00027800   0x0000003e   Code   RO          901    i.conn_handle_list_get  ble_conn_state.o
    0x0002783e   0x0002783e   0x00000002   PAD
    0x00027840   0x00027840   0x000000bc   Code   RO         1235    i.data_length_update  nrf_ble_gatt.o
    0x000278fc   0x000278fc   0x0000000c   Code   RO            9    i.db_disc_handler   main.o
    0x00027908   0x00027908   0x0000008c   Code   RO         1059    i.descriptors_discover  ble_db_discovery.o
    0x00027994   0x00027994   0x00000098   Code   RO         2465    i.detection_delay_timeout_handler  app_button.o
    0x00027a2c   0x00027a2c   0x00000090   Code   RO         1060    i.discovery_complete_evt_trigger  ble_db_discovery.o
    0x00027abc   0x00027abc   0x0000003c   Code   RO         1061    i.discovery_error_evt_trigger  ble_db_discovery.o
    0x00027af8   0x00027af8   0x0000005c   Code   RO         1062    i.discovery_start   ble_db_discovery.o
    0x00027b54   0x00027b54   0x00000014   Code   RO         3916    i.dropped_sat16_get  nrf_log_frontend.o
    0x00027b68   0x00027b68   0x00000040   Code   RO         2683    i.elapsed_ticks_acquire  app_timer.o
    0x00027ba8   0x00027ba8   0x00000054   Code   RO         3429    i.event_send        nrf_fstorage_sd.o
    0x00027bfc   0x00027bfc   0x00000084   Code   RO         2466    i.gpiote_event_handler  app_button.o
    0x00027c80   0x00027c80   0x000000a6   Code   RO         3305    i.int_print         nrf_fprintf_format.o
    0x00027d26   0x00027d26   0x0000004c   Code   RO         3917    i.invalid_packets_pushed_str_omit  nrf_log_frontend.o
    0x00027d72   0x00027d72   0x0000004c   Code   RO         1063    i.is_desc_discovery_reqd  ble_db_discovery.o
    0x00027dbe   0x00027dbe   0x00000002   PAD
    0x00027dc0   0x00027dc0   0x000000dc   Code   RO           10    i.lbs_c_evt_handler  main.o
    0x00027e9c   0x00027e9c   0x00000014   Code   RO         1236    i.link_init         nrf_ble_gatt.o
    0x00027eb0   0x00027eb0   0x000000f8   Code   RO         2684    i.list_insertions_handler  app_timer.o
    0x00027fa8   0x00027fa8   0x0000009c   Code   RO         3918    i.log_skip          nrf_log_frontend.o
    0x00028044   0x00028044   0x00000134   Code   RO           11    i.main              main.o
    0x00028178   0x00028178   0x00000076   Code   RO         3543    i.memobj_op         nrf_memobj.o
    0x000281ee   0x000281ee   0x00000002   PAD
    0x000281f0   0x000281f0   0x00000030   Code   RO         3919    i.module_idx_get    nrf_log_frontend.o
    0x00028220   0x00028220   0x00000016   Code   RO         2959    i.nrf_atfifo_item_free  nrf_atfifo.o
    0x00028236   0x00028236   0x00000016   Code   RO         2960    i.nrf_atfifo_item_get  nrf_atfifo.o
    0x0002824c   0x0002824c   0x00000016   Code   RO         3026    i.nrf_atflags_clear  nrf_atflags.o
    0x00028262   0x00028262   0x00000016   Code   RO         3031    i.nrf_atflags_get   nrf_atflags.o
    0x00028278   0x00028278   0x00000014   Code   RO         3033    i.nrf_atflags_set   nrf_atflags.o
    0x0002828c   0x0002828c   0x00000006   Code   RO         3094    i.nrf_atomic_flag_clear_fetch  nrf_atomic.o
    0x00028292   0x00028292   0x00000006   Code   RO         3095    i.nrf_atomic_flag_set  nrf_atomic.o
    0x00028298   0x00028298   0x0000000c   Code   RO         3097    i.nrf_atomic_u32_add  nrf_atomic.o
    0x000282a4   0x000282a4   0x0000000c   Code   RO         3098    i.nrf_atomic_u32_and  nrf_atomic.o
    0x000282b0   0x000282b0   0x0000000a   Code   RO         3101    i.nrf_atomic_u32_fetch_and  nrf_atomic.o
    0x000282ba   0x000282ba   0x0000000a   Code   RO         3103    i.nrf_atomic_u32_fetch_store  nrf_atomic.o
    0x000282c4   0x000282c4   0x0000000c   Code   RO         3107    i.nrf_atomic_u32_or  nrf_atomic.o
    0x000282d0   0x000282d0   0x0000000c   Code   RO         3109    i.nrf_atomic_u32_sub  nrf_atomic.o
    0x000282dc   0x000282dc   0x00000044   Code   RO         3228    i.nrf_balloc_alloc  nrf_balloc.o
    0x00028320   0x00028320   0x00000030   Code   RO         3229    i.nrf_balloc_free   nrf_balloc.o
    0x00028350   0x00028350   0x00000030   Code   RO         3230    i.nrf_balloc_init   nrf_balloc.o
    0x00028380   0x00028380   0x00000010   Code   RO         1735    i.nrf_bitmask_bit_is_set  nrfx_gpiote.o
    0x00028390   0x00028390   0x00000014   Code   RO         1736    i.nrf_bitmask_bit_set  nrfx_gpiote.o
    0x000283a4   0x000283a4   0x00000022   Code   RO         1242    i.nrf_ble_gatt_init  nrf_ble_gatt.o
    0x000283c6   0x000283c6   0x00000002   PAD
    0x000283c8   0x000283c8   0x00000148   Code   RO         1243    i.nrf_ble_gatt_on_ble_evt  nrf_ble_gatt.o
    0x00028510   0x00028510   0x0000000e   Code   RO         1600    i.nrf_clock_event_check  nrfx_clock.o
    0x0002851e   0x0002851e   0x00000010   Code   RO         1601    i.nrf_clock_event_clear  nrfx_clock.o
    0x0002852e   0x0002852e   0x00000002   PAD
    0x00028530   0x00028530   0x00000038   Code   RO         1409    i.nrf_drv_clock_init  nrf_drv_clock.o
    0x00028568   0x00028568   0x00000030   Code   RO         1413    i.nrf_drv_clock_lfclk_release  nrf_drv_clock.o
    0x00028598   0x00028598   0x0000001a   Code   RO         3265    i.nrf_fprintf       nrf_fprintf.o
    0x000285b2   0x000285b2   0x00000018   Code   RO         3266    i.nrf_fprintf_buffer_flush  nrf_fprintf.o
    0x000285ca   0x000285ca   0x000001da   Code   RO         3306    i.nrf_fprintf_fmt   nrf_fprintf_format.o
    0x000287a4   0x000287a4   0x00000018   Code   RO         3432    i.nrf_fstorage_sdh_req_handler  nrf_fstorage_sd.o
    0x000287bc   0x000287bc   0x00000020   Code   RO         3433    i.nrf_fstorage_sdh_state_handler  nrf_fstorage_sd.o
    0x000287dc   0x000287dc   0x000000a4   Code   RO         3434    i.nrf_fstorage_sys_evt_handler  nrf_fstorage_sd.o
    0x00028880   0x00028880   0x00000032   Code   RO          382    i.nrf_gpio_cfg      boards.o
    0x000288b2   0x000288b2   0x00000032   Code   RO         1737    i.nrf_gpio_cfg      nrfx_gpiote.o
    0x000288e4   0x000288e4   0x00000030   Code   RO         1739    i.nrf_gpio_cfg_sense_set  nrfx_gpiote.o
    0x00028914   0x00028914   0x0000001c   Code   RO          383    i.nrf_gpio_pin_port_decode  boards.o
    0x00028930   0x00028930   0x0000001c   Code   RO         1741    i.nrf_gpio_pin_port_decode  nrfx_gpiote.o
    0x0002894c   0x0002894c   0x00000016   Code   RO         1742    i.nrf_gpio_pin_read  nrfx_gpiote.o
    0x00028962   0x00028962   0x00000026   Code   RO          384    i.nrf_gpio_pin_write  boards.o
    0x00028988   0x00028988   0x0000002c   Code   RO         1744    i.nrf_gpio_ports_read  nrfx_gpiote.o
    0x000289b4   0x000289b4   0x00000014   Code   RO         1745    i.nrf_gpiote_event_clear  nrfx_gpiote.o
    0x000289c8   0x000289c8   0x00000010   Code   RO         1746    i.nrf_gpiote_event_is_set  nrfx_gpiote.o
    0x000289d8   0x000289d8   0x00000050   Code   RO         3920    i.nrf_log_backend_add  nrf_log_frontend.o
    0x00028a28   0x00028a28   0x00000002   Code   RO         3759    i.nrf_log_backend_rtt_flush  nrf_log_backend_rtt.o
    0x00028a2a   0x00028a2a   0x00000004   Code   RO         3760    i.nrf_log_backend_rtt_init  nrf_log_backend_rtt.o
    0x00028a2e   0x00028a2e   0x00000002   Code   RO         3761    i.nrf_log_backend_rtt_panic_set  nrf_log_backend_rtt.o
    0x00028a30   0x00028a30   0x0000001c   Code   RO         3762    i.nrf_log_backend_rtt_put  nrf_log_backend_rtt.o
    0x00028a4c   0x00028a4c   0x000000c8   Code   RO         3828    i.nrf_log_backend_serial_put  nrf_log_backend_serial.o
    0x00028b14   0x00028b14   0x00000030   Code   RO         3922    i.nrf_log_color_id_get  nrf_log_frontend.o
    0x00028b44   0x00028b44   0x0000001c   Code   RO         3880    i.nrf_log_default_backends_init  nrf_log_default_backends.o
    0x00028b60   0x00028b60   0x00000220   Code   RO         3923    i.nrf_log_frontend_dequeue  nrf_log_frontend.o
    0x00028d80   0x00028d80   0x00000008   Code   RO         3925    i.nrf_log_frontend_std_0  nrf_log_frontend.o
    0x00028d88   0x00028d88   0x0000000e   Code   RO         3926    i.nrf_log_frontend_std_1  nrf_log_frontend.o
    0x00028d96   0x00028d96   0x00000010   Code   RO         3927    i.nrf_log_frontend_std_2  nrf_log_frontend.o
    0x00028da6   0x00028da6   0x00000002   PAD
    0x00028da8   0x00028da8   0x000000ac   Code   RO         4100    i.nrf_log_hexdump_entry_process  nrf_log_str_formatter.o
    0x00028e54   0x00028e54   0x00000058   Code   RO         3932    i.nrf_log_init      nrf_log_frontend.o
    0x00028eac   0x00028eac   0x00000014   Code   RO         3933    i.nrf_log_module_cnt_get  nrf_log_frontend.o
    0x00028ec0   0x00028ec0   0x0000001c   Code   RO         3936    i.nrf_log_module_name_get  nrf_log_frontend.o
    0x00028edc   0x00028edc   0x00000028   Code   RO         3937    i.nrf_log_panic     nrf_log_frontend.o
    0x00028f04   0x00028f04   0x000000b6   Code   RO         4101    i.nrf_log_std_entry_process  nrf_log_str_formatter.o
    0x00028fba   0x00028fba   0x00000060   Code   RO         3544    i.nrf_memobj_alloc  nrf_memobj.o
    0x0002901a   0x0002901a   0x00000032   Code   RO         3545    i.nrf_memobj_free   nrf_memobj.o
    0x0002904c   0x0002904c   0x00000008   Code   RO         3546    i.nrf_memobj_get    nrf_memobj.o
    0x00029054   0x00029054   0x00000004   Code   RO         3547    i.nrf_memobj_pool_init  nrf_memobj.o
    0x00029058   0x00029058   0x0000001e   Code   RO         3548    i.nrf_memobj_put    nrf_memobj.o
    0x00029076   0x00029076   0x0000000c   Code   RO         3549    i.nrf_memobj_read   nrf_memobj.o
    0x00029082   0x00029082   0x0000000c   Code   RO         3550    i.nrf_memobj_write  nrf_memobj.o
    0x0002908e   0x0002908e   0x00000002   PAD
    0x00029090   0x00029090   0x00000028   Code   RO         3622    i.nrf_pwr_mgmt_init  nrf_pwr_mgmt.o
    0x000290b8   0x000290b8   0x00000044   Code   RO         3623    i.nrf_pwr_mgmt_run  nrf_pwr_mgmt.o
    0x000290fc   0x000290fc   0x00000014   Code   RO         4628    i.nrf_sdh_ble_app_ram_start_get  nrf_sdh_ble.o
    0x00029110   0x00029110   0x00000104   Code   RO         4629    i.nrf_sdh_ble_default_cfg_set  nrf_sdh_ble.o
    0x00029214   0x00029214   0x0000012c   Code   RO         4630    i.nrf_sdh_ble_enable  nrf_sdh_ble.o
    0x00029340   0x00029340   0x0000005c   Code   RO         4631    i.nrf_sdh_ble_evts_poll  nrf_sdh_ble.o
    0x0002939c   0x0002939c   0x00000054   Code   RO         4509    i.nrf_sdh_disable_request  nrf_sdh.o
    0x000293f0   0x000293f0   0x00000074   Code   RO         4510    i.nrf_sdh_enable_request  nrf_sdh.o
    0x00029464   0x00029464   0x00000024   Code   RO         4511    i.nrf_sdh_evts_poll  nrf_sdh.o
    0x00029488   0x00029488   0x0000000c   Code   RO         4512    i.nrf_sdh_is_enabled  nrf_sdh.o
    0x00029494   0x00029494   0x0000001c   Code   RO         4514    i.nrf_sdh_request_continue  nrf_sdh.o
    0x000294b0   0x000294b0   0x0000003c   Code   RO         4679    i.nrf_sdh_soc_evts_poll  nrf_sdh_soc.o
    0x000294ec   0x000294ec   0x0000000a   Code   RO         3691    i.nrf_section_iter_init  nrf_section_iter.o
    0x000294f6   0x000294f6   0x00000024   Code   RO         3692    i.nrf_section_iter_item_set  nrf_section_iter.o
    0x0002951a   0x0002951a   0x00000020   Code   RO         3693    i.nrf_section_iter_next  nrf_section_iter.o
    0x0002953a   0x0002953a   0x00000002   PAD
    0x0002953c   0x0002953c   0x00000038   Code   RO         3726    i.nrf_strerror_find  nrf_strerror.o
    0x00029574   0x00029574   0x00000014   Code   RO         3727    i.nrf_strerror_get  nrf_strerror.o
    0x00029588   0x00029588   0x0000002c   Code   RO         1606    i.nrfx_clock_enable  nrfx_clock.o
    0x000295b4   0x000295b4   0x00000020   Code   RO         1609    i.nrfx_clock_init   nrfx_clock.o
    0x000295d4   0x000295d4   0x0000001c   Code   RO         1612    i.nrfx_clock_lfclk_stop  nrfx_clock.o
    0x000295f0   0x000295f0   0x00000010   Code   RO         2685    i.nrfx_coredep_delay_us  app_timer.o
    0x00029600   0x00029600   0x00000098   Code   RO         1751    i.nrfx_gpiote_in_event_enable  nrfx_gpiote.o
    0x00029698   0x00029698   0x000000d4   Code   RO         1752    i.nrfx_gpiote_in_init  nrfx_gpiote.o
    0x0002976c   0x0002976c   0x0000000e   Code   RO         1753    i.nrfx_gpiote_in_is_set  nrfx_gpiote.o
    0x0002977a   0x0002977a   0x00000002   PAD
    0x0002977c   0x0002977c   0x00000074   Code   RO         1755    i.nrfx_gpiote_init  nrfx_gpiote.o
    0x000297f0   0x000297f0   0x00000014   Code   RO         1756    i.nrfx_gpiote_is_init  nrfx_gpiote.o
    0x00029804   0x00029804   0x00000114   Code   RO         1064    i.on_characteristic_discovery_rsp  ble_db_discovery.o
    0x00029918   0x00029918   0x000000a0   Code   RO         1244    i.on_connected_evt  nrf_ble_gatt.o
    0x000299b8   0x000299b8   0x000000f0   Code   RO         1065    i.on_descriptor_discovery_rsp  ble_db_discovery.o
    0x00029aa8   0x00029aa8   0x000000a4   Code   RO         1245    i.on_exchange_mtu_request_evt  nrf_ble_gatt.o
    0x00029b4c   0x00029b4c   0x0000006c   Code   RO         1066    i.on_primary_srv_discovery_rsp  ble_db_discovery.o
    0x00029bb8   0x00029bb8   0x0000007c   Code   RO         1067    i.on_srv_disc_completion  ble_db_discovery.o
    0x00029c34   0x00029c34   0x00000018   Code   RO         1772    i.pin_in_use_by_port  nrfx_gpiote.o
    0x00029c4c   0x00029c4c   0x00000018   Code   RO         1773    i.pin_in_use_by_te  nrfx_gpiote.o
    0x00029c64   0x00029c64   0x0000003c   Code   RO         4103    i.postfix_process   nrf_log_str_formatter.o
    0x00029ca0   0x00029ca0   0x00000098   Code   RO         4104    i.prefix_process    nrf_log_str_formatter.o
    0x00029d38   0x00029d38   0x00000014   Code   RO         3435    i.queue_free        nrf_fstorage_sd.o
    0x00029d4c   0x00029d4c   0x000000a0   Code   RO         3436    i.queue_process     nrf_fstorage_sd.o
    0x00029dec   0x00029dec   0x00000038   Code   RO         1068    i.registered_handler_get  ble_db_discovery.o
    0x00029e24   0x00029e24   0x00000078   Code   RO           12    i.report_advertising_init  main.o
    0x00029e9c   0x00029e9c   0x0000003c   Code   RO         2686    i.rtc1_stop         app_timer.o
    0x00029ed8   0x00029ed8   0x00000028   Code   RO           13    i.scan_start        main.o
    0x00029f00   0x00029f00   0x00000050   Code   RO         1416    i.sd_state_evt_handler  nrf_drv_clock.o
    0x00029f50   0x00029f50   0x00000030   Code   RO         4517    i.sdh_request_observer_notify  nrf_sdh.o
    0x00029f80   0x00029f80   0x0000002c   Code   RO         4518    i.sdh_state_observer_notify  nrf_sdh.o
    0x00029fac   0x00029fac   0x00000050   Code   RO         3763    i.serial_tx         nrf_log_backend_rtt.o
    0x00029ffc   0x00029ffc   0x00000018   Code   RO         1417    i.soc_evt_handler   nrf_drv_clock.o
    0x0002a014   0x0002a014   0x00000038   Code   RO         4519    i.softdevice_evt_irq_disable  nrf_sdh.o
    0x0002a04c   0x0002a04c   0x00000058   Code   RO         4520    i.softdevices_evt_irq_enable  nrf_sdh.o
    0x0002a0a4   0x0002a0a4   0x0000008c   Code   RO         3939    i.std_n             nrf_log_frontend.o
    0x0002a130   0x0002a130   0x00000080   Code   RO         2687    i.timer_list_handler  app_timer.o
    0x0002a1b0   0x0002a1b0   0x0000003c   Code   RO         2688    i.timer_list_insert  app_timer.o
    0x0002a1ec   0x0002a1ec   0x00000060   Code   RO         2689    i.timer_list_remove  app_timer.o
    0x0002a24c   0x0002a24c   0x00000048   Code   RO         2690    i.timer_stop_op_schedule  app_timer.o
    0x0002a294   0x0002a294   0x00000074   Code   RO         2691    i.timer_timeouts_check  app_timer.o
    0x0002a308   0x0002a308   0x00000048   Code   RO         1340    i.tx_buffer_process  ble_lbs_c.o
    0x0002a350   0x0002a350   0x000000b4   Code   RO         3307    i.unsigned_print    nrf_fprintf_format.o
    0x0002a404   0x0002a404   0x00000030   Code   RO         2692    i.user_op_alloc     app_timer.o
    0x0002a434   0x0002a434   0x00000012   Data   RO           18    .constdata          main.o
    0x0002a446   0x0002a446   0x00000008   Data   RO          385    .constdata          boards.o
    0x0002a44e   0x0002a44e   0x00000002   PAD
    0x0002a450   0x0002a450   0x0000007c   Data   RO         1070    .constdata          ble_db_discovery.o
    0x0002a4cc   0x0002a4cc   0x00000016   Data   RO         1246    .constdata          nrf_ble_gatt.o
    0x0002a4e2   0x0002a4e2   0x00000002   PAD
    0x0002a4e4   0x0002a4e4   0x00000010   Data   RO         1342    .constdata          ble_lbs_c.o
    0x0002a4f4   0x0002a4f4   0x00000008   Data   RO         1775    .constdata          nrfx_gpiote.o
    0x0002a4fc   0x0002a4fc   0x00000008   Data   RO         2468    .constdata          app_button.o
    0x0002a504   0x0002a504   0x0000000c   PAD
    0x0002a510   0x0002a510   0x00000006   Data   RO         2694    .constdata          app_timer.o
    0x0002a516   0x0002a516   0x00000010   Data   RO         3308    .constdata          nrf_fprintf_format.o
    0x0002a526   0x0002a526   0x00000002   PAD
    0x0002a528   0x0002a528   0x00000010   Data   RO         3444    .constdata          nrf_fstorage_sd.o
    0x0002a538   0x0002a538   0x00000018   Data   RO         3627    .constdata          nrf_pwr_mgmt.o
    0x0002a550   0x0002a550   0x0000000c   Data   RO         3628    .constdata          nrf_pwr_mgmt.o
    0x0002a55c   0x0002a55c   0x0000013c   Data   RO         3728    .constdata          nrf_strerror.o
    0x0002a698   0x0002a698   0x0000000c   Data   RO         3765    .constdata          nrf_log_backend_rtt.o
    0x0002a6a4   0x0002a6a4   0x0000000c   PAD
    0x0002a6b0   0x0002a6b0   0x00000006   Data   RO         3766    .constdata          nrf_log_backend_rtt.o
    0x0002a6b6   0x0002a6b6   0x00000002   PAD
    0x0002a6b8   0x0002a6b8   0x00000010   Data   RO         4521    .constdata          nrf_sdh.o
    0x0002a6c8   0x0002a6c8   0x00000028   Data   RO         4522    .constdata          nrf_sdh.o
    0x0002a6f0   0x0002a6f0   0x00000010   Data   RO         4523    .constdata          nrf_sdh.o
    0x0002a700   0x0002a700   0x00000010   Data   RO         4524    .constdata          nrf_sdh.o
    0x0002a710   0x0002a710   0x00000020   Data   RO         4632    .constdata          nrf_sdh_ble.o
    0x0002a730   0x0002a730   0x00000010   Data   RO         4633    .constdata          nrf_sdh_ble.o
    0x0002a740   0x0002a740   0x00000010   Data   RO         4680    .constdata          nrf_sdh_soc.o
    0x0002a750   0x0002a750   0x0000000c   Data   RO         4681    .constdata          nrf_sdh_soc.o
    0x0002a75c   0x0002a75c   0x00000081   Data   RO         4764    .constdata          mc_w.l(ctype_o.o)
    0x0002a7dd   0x0002a7dd   0x00000003   PAD
    0x0002a7e0   0x0002a7e0   0x00000004   Data   RO         4765    .constdata          mc_w.l(ctype_o.o)
    0x0002a7e4   0x0002a7e4   0x000000a2   Data   RO         1247    .conststring        nrf_ble_gatt.o
    0x0002a886   0x0002a886   0x00000002   PAD
    0x0002a888   0x0002a888   0x000003eb   Data   RO         3729    .conststring        nrf_strerror.o
    0x0002ac73   0x0002ac73   0x00000001   PAD
    0x0002ac74   0x0002ac74   0x00000066   Data   RO         4105    .conststring        nrf_log_str_formatter.o
    0x0002acda   0x0002acda   0x00000002   PAD
    0x0002acdc   0x0002acdc   0x00000188   Data   RO         4634    .conststring        nrf_sdh_ble.o
    0x0002ae64   0x0002ae64   0x0000000c   Data   RO         1071    .conststrlit        ble_db_discovery.o
    0x0002ae70   0x0002ae70   0x0000000d   Data   RO         1248    .conststrlit        nrf_ble_gatt.o
    0x0002ae7d   0x0002ae7d   0x00000003   PAD
    0x0002ae80   0x0002ae80   0x0000000a   Data   RO         1343    .conststrlit        ble_lbs_c.o
    0x0002ae8a   0x0002ae8a   0x00000002   PAD
    0x0002ae8c   0x0002ae8c   0x00000006   Data   RO         1423    .conststrlit        nrf_drv_clock.o
    0x0002ae92   0x0002ae92   0x00000002   PAD
    0x0002ae94   0x0002ae94   0x00000006   Data   RO         1616    .conststrlit        nrfx_clock.o
    0x0002ae9a   0x0002ae9a   0x00000002   PAD
    0x0002ae9c   0x0002ae9c   0x00000007   Data   RO         1779    .conststrlit        nrfx_gpiote.o
    0x0002aea3   0x0002aea3   0x00000001   PAD
    0x0002aea4   0x0002aea4   0x00000004   Data   RO         2055    .conststrlit        nrfx_prs.o
    0x0002aea8   0x0002aea8   0x00000005   Data   RO         2134    .conststrlit        nrfx_uart.o
    0x0002aead   0x0002aead   0x00000003   PAD
    0x0002aeb0   0x0002aeb0   0x00000006   Data   RO         2327    .conststrlit        nrfx_uarte.o
    0x0002aeb6   0x0002aeb6   0x00000002   PAD
    0x0002aeb8   0x0002aeb8   0x0000000d   Data   RO         3356    .conststrlit        nrf_fstorage.o
    0x0002aec5   0x0002aec5   0x00000003   PAD
    0x0002aec8   0x0002aec8   0x0000000e   Data   RO         3446    .conststrlit        nrf_fstorage_sd.o
    0x0002aed6   0x0002aed6   0x00000002   PAD
    0x0002aed8   0x0002aed8   0x00000009   Data   RO         3629    .conststrlit        nrf_pwr_mgmt.o
    0x0002aee1   0x0002aee1   0x00000003   PAD
    0x0002aee4   0x0002aee4   0x00000018   Data   RO         3942    .conststrlit        nrf_log_frontend.o
    0x0002aefc   0x0002aefc   0x00000008   Data   RO         4525    .conststrlit        nrf_sdh.o
    0x0002af04   0x0002af04   0x0000000c   Data   RO         4635    .conststrlit        nrf_sdh_ble.o
    0x0002af10   0x0002af10   0x0000000c   Data   RO         4682    .conststrlit        nrf_sdh_soc.o
    0x0002af1c   0x0002af1c   0x00000020   Data   RO         4825    Region$$Table       anon$$obj.o
    0x0002af3c   0x0002af3c   0x00000008   Data   RO         1073    log_const_data      ble_db_discovery.o
    0x0002af44   0x0002af44   0x00000008   Data   RO         1249    log_const_data      nrf_ble_gatt.o
    0x0002af4c   0x0002af4c   0x00000008   Data   RO         1345    log_const_data      ble_lbs_c.o
    0x0002af54   0x0002af54   0x00000008   Data   RO         1424    log_const_data      nrf_drv_clock.o
    0x0002af5c   0x0002af5c   0x00000008   Data   RO         1618    log_const_data      nrfx_clock.o
    0x0002af64   0x0002af64   0x00000008   Data   RO         1780    log_const_data      nrfx_gpiote.o
    0x0002af6c   0x0002af6c   0x00000008   Data   RO         2057    log_const_data      nrfx_prs.o
    0x0002af74   0x0002af74   0x00000008   Data   RO         2135    log_const_data      nrfx_uart.o
    0x0002af7c   0x0002af7c   0x00000008   Data   RO         2328    log_const_data      nrfx_uarte.o
    0x0002af84   0x0002af84   0x00000008   Data   RO         3357    log_const_data      nrf_fstorage.o
    0x0002af8c   0x0002af8c   0x00000008   Data   RO         3449    log_const_data      nrf_fstorage_sd.o
    0x0002af94   0x0002af94   0x00000008   Data   RO         3631    log_const_data      nrf_pwr_mgmt.o
    0x0002af9c   0x0002af9c   0x00000010   Data   RO         3945    log_const_data      nrf_log_frontend.o
    0x0002afac   0x0002afac   0x00000008   Data   RO         4527    log_const_data      nrf_sdh.o
    0x0002afb4   0x0002afb4   0x00000008   Data   RO         4637    log_const_data      nrf_sdh_ble.o
    0x0002afbc   0x0002afbc   0x00000008   Data   RO         4683    log_const_data      nrf_sdh_soc.o
    0x0002afc4   0x0002afc4   0x00000018   Data   RO         3947    nrf_balloc          nrf_log_frontend.o
    0x0002afdc   0x0002afdc   0x00000008   Data   RO          905    sdh_ble_observers0  ble_conn_state.o
    0x0002afe4   0x0002afe4   0x00000010   Data   RO           20    sdh_ble_observers1  main.o
    0x0002aff4   0x0002aff4   0x00000008   Data   RO          630    sdh_ble_observers1  bsp_btn_ble.o
    0x0002affc   0x0002affc   0x00000008   Data   RO           21    sdh_ble_observers2  main.o
    0x0002b004   0x0002b004   0x00000008   Data   RO           22    sdh_ble_observers3  main.o
    0x0002b00c   0x0002b00c   0x00000008   Data   RO         3451    sdh_req_observers0  nrf_fstorage_sd.o
    0x0002b014   0x0002b014   0x00000008   Data   RO         1426    sdh_soc_observers0  nrf_drv_clock.o
    0x0002b01c   0x0002b01c   0x00000008   Data   RO         3452    sdh_soc_observers0  nrf_fstorage_sd.o
    0x0002b024   0x0002b024   0x00000008   Data   RO         4639    sdh_stack_observers0  nrf_sdh_ble.o
    0x0002b02c   0x0002b02c   0x00000008   Data   RO         4685    sdh_stack_observers0  nrf_sdh_soc.o
    0x0002b034   0x0002b034   0x00000008   Data   RO         1427    sdh_state_observers0  nrf_drv_clock.o
    0x0002b03c   0x0002b03c   0x00000008   Data   RO         3453    sdh_state_observers0  nrf_fstorage_sd.o


    Execution Region RW_IRAM1 (Exec base: 0x20001d70, Load base: 0x0002b044, Size: 0x000033d8, Max: 0x0003e290, ABSOLUTE, COMPRESSED[0x00000058])

    Exec Addr    Load Addr    Size         Type   Attr      Idx    E Section Name        Object

    0x20001d70   COMPRESSED   0x000002f0   Data   RW           19    .data               main.o
    0x20002060   COMPRESSED   0x00000008   Data   RW          629    .data               bsp_btn_ble.o
    0x20002068   COMPRESSED   0x00000010   Data   RW         1072    .data               ble_db_discovery.o
    0x20002078   COMPRESSED   0x00000008   Data   RW         1344    .data               ble_lbs_c.o
    0x20002080   COMPRESSED   0x00000008   Data   RW         1617    .data               nrfx_clock.o
    0x20002088   COMPRESSED   0x00000008   Data   RW         2056    .data               nrfx_prs.o
    0x20002090   COMPRESSED   0x00000020   Data   RW         2469    .data               app_button.o
    0x200020b0   COMPRESSED   0x00000014   Data   RW         2695    .data               app_timer.o
    0x200020c4   COMPRESSED   0x00000014   Data   RW         3447    .data               nrf_fstorage_sd.o
    0x200020d8   COMPRESSED   0x00000008   Data   RW         3448    .data               nrf_fstorage_sd.o
    0x200020e0   COMPRESSED   0x00000008   Data   RW         3630    .data               nrf_pwr_mgmt.o
    0x200020e8   COMPRESSED   0x00000001   Data   RW         3767    .data               nrf_log_backend_rtt.o
    0x200020e9   COMPRESSED   0x00000003   PAD
    0x200020ec   COMPRESSED   0x0000000c   Data   RW         3881    .data               nrf_log_default_backends.o
    0x200020f8   COMPRESSED   0x00000008   Data   RW         3943    .data               nrf_log_frontend.o
    0x20002100   COMPRESSED   0x00000008   Data   RW         3944    .data               nrf_log_frontend.o
    0x20002108   COMPRESSED   0x00000040   Data   RW         4106    .data               nrf_log_str_formatter.o
    0x20002148   COMPRESSED   0x00000003   Data   RW         4526    .data               nrf_sdh.o
    0x2000214b   COMPRESSED   0x00000001   Data   RW         4636    .data               nrf_sdh_ble.o
    0x2000214c   COMPRESSED   0x00000004   Data   RW         4720    .data               system_nrf52840.o
    0x20002150   COMPRESSED   0x00000004   Data   RW         1074    log_dynamic_data    ble_db_discovery.o
    0x20002154   COMPRESSED   0x00000004   Data   RW         1250    log_dynamic_data    nrf_ble_gatt.o
    0x20002158   COMPRESSED   0x00000004   Data   RW         1346    log_dynamic_data    ble_lbs_c.o
    0x2000215c   COMPRESSED   0x00000004   Data   RW         1425    log_dynamic_data    nrf_drv_clock.o
    0x20002160   COMPRESSED   0x00000004   Data   RW         1619    log_dynamic_data    nrfx_clock.o
    0x20002164   COMPRESSED   0x00000004   Data   RW         1781    log_dynamic_data    nrfx_gpiote.o
    0x20002168   COMPRESSED   0x00000004   Data   RW         2058    log_dynamic_data    nrfx_prs.o
    0x2000216c   COMPRESSED   0x00000004   Data   RW         2136    log_dynamic_data    nrfx_uart.o
    0x20002170   COMPRESSED   0x00000004   Data   RW         2329    log_dynamic_data    nrfx_uarte.o
    0x20002174   COMPRESSED   0x00000004   Data   RW         3358    log_dynamic_data    nrf_fstorage.o
    0x20002178   COMPRESSED   0x00000004   Data   RW         3450    log_dynamic_data    nrf_fstorage_sd.o
    0x2000217c   COMPRESSED   0x00000004   Data   RW         3632    log_dynamic_data    nrf_pwr_mgmt.o
    0x20002180   COMPRESSED   0x00000008   Data   RW         3946    log_dynamic_data    nrf_log_frontend.o
    0x20002188   COMPRESSED   0x00000004   Data   RW         4528    log_dynamic_data    nrf_sdh.o
    0x2000218c   COMPRESSED   0x00000004   Data   RW         4638    log_dynamic_data    nrf_sdh_ble.o
    0x20002190   COMPRESSED   0x00000004   Data   RW         4684    log_dynamic_data    nrf_sdh_soc.o
    0x20002194        -       0x00000020   Zero   RW           14    .bss                main.o
    0x200021b4        -       0x00000044   Zero   RW           15    .bss                main.o
    0x200021f8        -       0x0000001f   Zero   RW           16    .bss                main.o
    0x20002217        -       0x0000001f   Zero   RW           17    .bss                main.o
    0x20002236        -       0x0000000c   Zero   RW          525    .bss                bsp.o
    0x20002242   COMPRESSED   0x00000002   PAD
    0x20002244        -       0x00000078   Zero   RW          904    .bss                ble_conn_state.o
    0x200022bc        -       0x00000318   Zero   RW         1069    .bss                ble_db_discovery.o
    0x200025d4        -       0x000000a0   Zero   RW         1341    .bss                ble_lbs_c.o
    0x20002674        -       0x00000014   Zero   RW         1418    .bss                nrf_drv_clock.o
    0x20002688        -       0x0000006c   Zero   RW         1774    .bss                nrfx_gpiote.o
    0x200026f4        -       0x00000020   Zero   RW         2467    .bss                app_button.o
    0x20002714        -       0x0000010c   Zero   RW         2693    .bss                app_timer.o
    0x20002820        -       0x0000000c   Zero   RW         2846    .bss                app_util_platform.o
    0x2000282c        -       0x000000a0   Zero   RW         3443    .bss                nrf_fstorage_sd.o
    0x200028cc        -       0x0000000c   Zero   RW         3626    .bss                nrf_pwr_mgmt.o
    0x200028d8        -       0x00000100   Zero   RW         3764    .bss                nrf_log_backend_rtt.o
    0x200029d8        -       0x000000c0   Zero   RW         3940    .bss                nrf_log_frontend.o
    0x20002a98        -       0x00000424   Zero   RW         3941    .bss                nrf_log_frontend.o
    0x20002ebc        -       0x00000288   Zero   RW         4182    .bss                segger_rtt.o
    0x20003144   COMPRESSED   0x00000004   PAD
    0x20003148        -       0x00002000   Zero   RW         4708    STACK               arm_startup_nrf52840.o


==============================================================================

Image component sizes


      Code (inc. data)   RO Data    RW Data    ZI Data      Debug   Object Name

       440         36          8         32         32      13114   app_button.o
        22          0          0          0          0       2461   app_error.o
       124         40          0          0          0      30541   app_error_weak.o
      1510        118          6         20        268      48559   app_timer.o
       124         14          0          0         12       9470   app_util_platform.o
        36          8        512          0       8192        940   arm_startup_nrf52840.o
         0          0          0          0          0        392   ble_advdata.o
         0          0          0          0          0       3480   ble_advertising.o
       322          6          8          0        120       7765   ble_conn_state.o
      1658         78        144         20        792      19019   ble_db_discovery.o
       612         30         34         12        160       8658   ble_lbs_c.o
       250         22          8          0          0      46301   boards.o
        68          4          0          0         12       6800   bsp.o
       166          6          8          8          0       3252   bsp_btn_ble.o
      1192        264         50        752        162     130805   main.o
       244          0          0          0          0       5681   nrf_atfifo.o
        64          0          0          0          0       2980   nrf_atflags.o
       306          0          0          0          0       8071   nrf_atomic.o
       164          0          0          0          0       3660   nrf_balloc.o
       894        254        205          4          0      36296   nrf_ble_gatt.o
       276         34         30          4         20      37738   nrf_drv_clock.o
        50          0          0          0          0       3545   nrf_fprintf.o
       850          4         16          0          0       5498   nrf_fprintf_format.o
         0          0         21          4          0       1809   nrf_fstorage.o
       484         42         62         32        160       9733   nrf_fstorage_sd.o
       116         20         18          1        256       6385   nrf_log_backend_rtt.o
       200          0          0          0          0      10815   nrf_log_backend_serial.o
        28          6          0         12          0       3206   nrf_log_default_backends.o
      1490        118         64         24       1252      30041   nrf_log_frontend.o
       566        108        102         64          0       5820   nrf_log_str_formatter.o
       330          0          0          0          0       9655   nrf_memobj.o
       108         16         53         12         12      36475   nrf_pwr_mgmt.o
       552         60        104          7          0      41772   nrf_sdh.o
       672        222        468          5          0       5973   nrf_sdh_ble.o
        60          4         56          4          0       2592   nrf_sdh_soc.o
        78          0          0          0          0       2800   nrf_section_iter.o
        76         10       1319          0          0       2759   nrf_strerror.o
       222         28         14         12          0      41132   nrfx_clock.o
      1378         92         23          4        108      59794   nrfx_gpiote.o
        12          6         12         12          0       2222   nrfx_prs.o
         0          0         13          4          0       9197   nrfx_uart.o
         0          0         14          4          0      10228   nrfx_uarte.o
       378         34          0          0        648       9029   segger_rtt.o
       476         60          0          4          0       2363   system_nrf52840.o

    ----------------------------------------------------------------------
     16630       1744       3464       1060      12212     738826   Object Totals
         0          0         32          0          0          0   (incl. Generated)
        32          0         60          3          6          0   (incl. Padding)

    ----------------------------------------------------------------------

      Code (inc. data)   RO Data    RW Data    ZI Data      Debug   Library Member Name

        86          0          0          0          0          0   __dczerorl2.o
         8          4        133          0          0         68   ctype_o.o
         0          0          0          0          0          0   entry.o
         0          0          0          0          0          0   entry10a.o
         0          0          0          0          0          0   entry11a.o
         8          4          0          0          0          0   entry2.o
         4          0          0          0          0          0   entry5.o
         0          0          0          0          0          0   entry7b.o
         0          0          0          0          0          0   entry8b.o
         8          4          0          0          0          0   entry9a.o
        30          0          0          0          0          0   handlers.o
        36          8          0          0          0         68   init.o
        30          0          0          0          0         68   llshl.o
        36          0          0          0          0         68   memcpya.o
        36          0          0          0          0        108   memseta.o
        18          0          0          0          0         68   strcpy.o
        14          0          0          0          0         68   strlen.o

    ----------------------------------------------------------------------
       318         20        136          0          0        516   Library Totals
         4          0          3          0          0          0   (incl. Padding)

    ----------------------------------------------------------------------

      Code (inc. data)   RO Data    RW Data    ZI Data      Debug   Library Name

       314         20        133          0          0        516   mc_w.l

    ----------------------------------------------------------------------
       318         20        136          0          0        516   Library Totals

    ----------------------------------------------------------------------

==============================================================================


      Code (inc. data)   RO Data    RW Data    ZI Data      Debug   

     16948       1764       3600       1060      12212     719370   Grand Totals
     16948       1764       3600         88      12212     719370   ELF Image Totals (compressed)
     16948       1764       3600         88          0          0   ROM Totals

==============================================================================

    Total RO  Size (Code + RO Data)                20548 (  20.07kB)
    Total RW  Size (RW Data + ZI Data)             13272 (  12.96kB)
    Total ROM Size (Code + RO Data + RW Data)      20636 (  20.15kB)

==============================================================================

