Component: ARM Compiler 5.06 update 6 (build 750) Tool: armlink [4d35ed]

==============================================================================

Section Cross References

    main.o(i.advertising_start) refers to app_error.o(i.app_error_handler_bare) for app_error_handler_bare
    main.o(i.advertising_start) refers to main.o(.data) for .data
    main.o(i.assert_nrf_callback) refers to app_error_handler_keil.o(.emb_text) for app_error_handler
    main.o(i.ble_evt_handler) refers to app_error.o(i.app_error_handler_bare) for app_error_handler_bare
    main.o(i.ble_evt_handler) refers to main.o(i.on_adv_report) for on_adv_report
    main.o(i.ble_evt_handler) refers to main.o(i.report_advertising_init) for report_advertising_init
    main.o(i.ble_evt_handler) refers to main.o(i.advertising_start) for advertising_start
    main.o(i.ble_evt_handler) refers to main.o(i.ping_advertising_init) for ping_advertising_init
    main.o(i.ble_evt_handler) refers to main.o(.data) for .data
    main.o(i.ble_evt_handler) refers to main.o(.constdata) for .constdata
    main.o(i.button_event_handler) refers to ble_lbs_c.o(i.ble_lbs_led_status_send) for ble_lbs_led_status_send
    main.o(i.button_event_handler) refers to app_error.o(i.app_error_handler_bare) for app_error_handler_bare
    main.o(i.button_event_handler) refers to main.o(.bss) for .bss
    main.o(i.db_disc_handler) refers to ble_lbs_c.o(i.ble_lbs_on_db_disc_evt) for ble_lbs_on_db_disc_evt
    main.o(i.db_disc_handler) refers to main.o(.bss) for .bss
    main.o(i.main) refers to app_timer.o(i.app_timer_init) for app_timer_init
    main.o(i.main) refers to app_error.o(i.app_error_handler_bare) for app_error_handler_bare
    main.o(i.main) refers to boards.o(i.bsp_board_init) for bsp_board_init
    main.o(i.main) refers to app_button.o(i.app_button_init) for app_button_init
    main.o(i.main) refers to nrf_pwr_mgmt.o(i.nrf_pwr_mgmt_init) for nrf_pwr_mgmt_init
    main.o(i.main) refers to nrf_sdh.o(i.nrf_sdh_enable_request) for nrf_sdh_enable_request
    main.o(i.main) refers to nrf_sdh_ble.o(i.nrf_sdh_ble_default_cfg_set) for nrf_sdh_ble_default_cfg_set
    main.o(i.main) refers to nrf_sdh_ble.o(i.nrf_sdh_ble_enable) for nrf_sdh_ble_enable
    main.o(i.main) refers to nrf_ble_gatt.o(i.nrf_ble_gatt_init) for nrf_ble_gatt_init
    main.o(i.main) refers to ble_db_discovery.o(i.ble_db_discovery_init) for ble_db_discovery_init
    main.o(i.main) refers to ble_lbs_c.o(i.ble_lbs_c_init) for ble_lbs_c_init
    main.o(i.main) refers to main.o(i.ping_advertising_init) for ping_advertising_init
    main.o(i.main) refers to main.o(i.advertising_start) for advertising_start
    main.o(i.main) refers to nrf_pwr_mgmt.o(i.nrf_pwr_mgmt_run) for nrf_pwr_mgmt_run
    main.o(i.main) refers to main.o(.data) for .data
    main.o(i.main) refers to main.o(.bss) for .bss
    main.o(i.main) refers to main.o(i.db_disc_handler) for db_disc_handler
    main.o(i.main) refers to main.o(i.lbs_c_evt_handler) for lbs_c_evt_handler
    main.o(i.on_adv_report) refers to printf8.o(i.__0sprintf$8) for __2sprintf
    main.o(i.on_adv_report) refers to main.o(i.update_device_list) for update_device_list
    main.o(i.on_adv_report) refers to app_error.o(i.app_error_handler_bare) for app_error_handler_bare
    main.o(i.on_adv_report) refers to main.o(.data) for .data
    main.o(i.ping_advertising_init) refers to memseta.o(.text) for __aeabi_memclr4
    main.o(i.ping_advertising_init) refers to app_error.o(i.app_error_handler_bare) for app_error_handler_bare
    main.o(i.ping_advertising_init) refers to main.o(.data) for .data
    main.o(i.ping_advertising_init) refers to main.o(.bss) for .bss
    main.o(i.report_advertising_init) refers to memseta.o(.text) for __aeabi_memclr4
    main.o(i.report_advertising_init) refers to memcpya.o(.text) for __aeabi_memcpy4
    main.o(i.report_advertising_init) refers to app_error.o(i.app_error_handler_bare) for app_error_handler_bare
    main.o(i.report_advertising_init) refers to main.o(.bss) for .bss
    main.o(i.report_advertising_init) refers to main.o(.data) for .data
    main.o(i.update_device_list) refers to memcmp.o(.text) for memcmp
    main.o(i.update_device_list) refers to main.o(.bss) for .bss
    main.o(.data) refers to main.o(.bss) for m_scan_buffer_data
    main.o(.data) refers to main.o(i.button_event_handler) for button_event_handler
    main.o(.data) refers to main.o(.bss) for m_enc_advdata_ping
    main.o(.data) refers to main.o(.bss) for m_enc_advdata_rep
    main.o(sdh_ble_observers1) refers to nrf_ble_gatt.o(i.nrf_ble_gatt_on_ble_evt) for nrf_ble_gatt_on_ble_evt
    main.o(sdh_ble_observers1) refers to main.o(.bss) for m_gatt
    main.o(sdh_ble_observers1) refers to ble_db_discovery.o(i.ble_db_discovery_on_ble_evt) for ble_db_discovery_on_ble_evt
    main.o(sdh_ble_observers1) refers to main.o(.data) for m_db_disc
[...]
    i.ble_evt_handler                        0x000272c4   Section        0  bsp_btn_ble.o(i.ble_evt_handler)
    ble_evt_handler                          0x000272c5   Thumb Code   106  bsp_btn_ble.o(i.ble_evt_handler)
    i.ble_evt_handler                        0x00027334   Section        0  ble_conn_state.o(i.ble_evt_handler)
    ble_evt_handler                          0x00027335   Thumb Code   254  ble_conn_state.o(i.ble_evt_handler)
    i.ble_lbs_c_init                         0x00027438   Section        0  ble_lbs_c.o(i.ble_lbs_c_init)
    i.ble_lbs_c_on_ble_evt                   0x0002748c   Section        0  ble_lbs_c.o(i.ble_lbs_c_on_ble_evt)
    i.ble_lbs_led_status_send                0x00027500   Section        0  ble_lbs_c.o(i.ble_lbs_led_status_send)
    i.ble_lbs_on_db_disc_evt                 0x00027558   Section        0  ble_lbs_c.o(i.ble_lbs_on_db_disc_evt)
    i.bsp_board_init                         0x000275e4   Section        0  boards.o(i.bsp_board_init)
    i.bsp_board_led_off                      0x00027638   Section        0  boards.o(i.bsp_board_led_off)
    i.bsp_board_leds_off                     0x00027648   Section        0  boards.o(i.bsp_board_leds_off)
    i.bsp_event_to_button_action_assign      0x0002765c   Section        0  bsp.o(i.bsp_event_to_button_action_assign)
    i.button_event_handler                   0x000276a0   Section        0  main.o(i.button_event_handler)
    button_event_handler                     0x000276a1   Thumb Code    38  main.o(i.button_event_handler)
    i.channel_free                           0x000276cc   Section        0  nrfx_gpiote.o(i.channel_free)
    channel_free                             0x000276cd   Thumb Code    22  nrfx_gpiote.o(i.channel_free)
    i.channel_port_alloc                     0x000276e8   Section        0  nrfx_gpiote.o(i.channel_port_alloc)
    channel_port_alloc                       0x000276e9   Thumb Code    66  nrfx_gpiote.o(i.channel_port_alloc)
    i.channel_port_get                       0x00027730   Section        0  nrfx_gpiote.o(i.channel_port_get)
    channel_port_get                         0x00027731   Thumb Code    10  nrfx_gpiote.o(i.channel_port_get)
    i.characteristics_discover               0x00027740   Section        0  ble_db_discovery.o(i.characteristics_discover)
    characteristics_discover                 0x00027741   Thumb Code    66  ble_db_discovery.o(i.characteristics_discover)
    i.clock_clk_started_notify               0x00027784   Section        0  nrf_drv_clock.o(i.clock_clk_started_notify)
    clock_clk_started_notify                 0x00027785   Thumb Code    34  nrf_drv_clock.o(i.clock_clk_started_notify)
    i.clock_irq_handler                      0x000277ac   Section        0  nrf_drv_clock.o(i.clock_irq_handler)
    clock_irq_handler                        0x000277ad   Thumb Code    24  nrf_drv_clock.o(i.clock_irq_handler)
    i.compare_reg_update                     0x000277c8   Section        0  app_timer.o(i.compare_reg_update)
    compare_reg_update                       0x000277c9   Thumb Code   160  app_timer.o(i.compare_reg_update)
    i.conn_handle_list_get                   0x00027874   Section        0  ble_conn_state.o(i.conn_handle_list_get)
    i.data_length_update                     0x000278b2   Section        0  nrf_ble_gatt.o(i.data_length_update)
    data_length_update                       0x000278b3   Thumb Code    30  nrf_ble_gatt.o(i.data_length_update)
    i.db_disc_handler                        0x000278d0   Section        0  main.o(i.db_disc_handler)
    db_disc_handler                          0x000278d1   Thumb Code     8  main.o(i.db_disc_handler)
    i.descriptors_discover                   0x000278dc   Section        0  ble_db_discovery.o(i.descriptors_discover)
    descriptors_discover                     0x000278dd   Thumb Code   140  ble_db_discovery.o(i.descriptors_discover)
    i.detection_delay_timeout_handler        0x00027968   Section        0  app_button.o(i.detection_delay_timeout_handler)
    detection_delay_timeout_handler          0x00027969   Thumb Code   148  app_button.o(i.detection_delay_timeout_handler)
    i.discovery_complete_evt_trigger         0x00027a00   Section        0  ble_db_discovery.o(i.discovery_complete_evt_trigger)
    discovery_complete_evt_trigger           0x00027a01   Thumb Code   134  ble_db_discovery.o(i.discovery_complete_evt_trigger)
    i.discovery_error_evt_trigger            0x00027a90   Section        0  ble_db_discovery.o(i.discovery_error_evt_trigger)
    discovery_error_evt_trigger              0x00027a91   Thumb Code    56  ble_db_discovery.o(i.discovery_error_evt_trigger)
    i.discovery_start                        0x00027acc   Section        0  ble_db_discovery.o(i.discovery_start)
    discovery_start                          0x00027acd   Thumb Code    82  ble_db_discovery.o(i.discovery_start)
    i.elapsed_ticks_acquire                  0x00027b28   Section        0  app_timer.o(i.elapsed_ticks_acquire)
    elapsed_ticks_acquire                    0x00027b29   Thumb Code    58  app_timer.o(i.elapsed_ticks_acquire)
    i.event_send                             0x00027b68   Section        0  nrf_fstorage_sd.o(i.event_send)
    event_send                               0x00027b69   Thumb Code    84  nrf_fstorage_sd.o(i.event_send)
    i.gpiote_event_handler                   0x00027bbc   Section        0  app_button.o(i.gpiote_event_handler)
    gpiote_event_handler                     0x00027bbd   Thumb Code   122  app_button.o(i.gpiote_event_handler)
    i.is_desc_discovery_reqd                 0x00027c40   Section        0  ble_db_discovery.o(i.is_desc_discovery_reqd)
    is_desc_discovery_reqd                   0x00027c41   Thumb Code    76  ble_db_discovery.o(i.is_desc_discovery_reqd)
    i.lbs_c_evt_handler                      0x00027c8c   Section        0  main.o(i.lbs_c_evt_handler)
    lbs_c_evt_handler                        0x00027c8d   Thumb Code     2  main.o(i.lbs_c_evt_handler)
    i.link_init                              0x00027c8e   Section        0  nrf_ble_gatt.o(i.link_init)
    link_init                                0x00027c8f   Thumb Code    20  nrf_ble_gatt.o(i.link_init)
    i.list_insertions_handler                0x00027ca4   Section        0  app_timer.o(i.list_insertions_handler)
    list_insertions_handler                  0x00027ca5   Thumb Code   234  app_timer.o(i.list_insertions_handler)
    i.main                                   0x00027d9c   Section        0  main.o(i.main)
    i.nrf_atfifo_item_free                   0x00027e74   Section        0  nrf_atfifo.o(i.nrf_atfifo_item_free)
    i.nrf_atfifo_item_get                    0x00027e8a   Section        0  nrf_atfifo.o(i.nrf_atfifo_item_get)
    i.nrf_atflags_clear                      0x00027ea0   Section        0  nrf_atflags.o(i.nrf_atflags_clear)
    i.nrf_atflags_get                        0x00027eb6   Section        0  nrf_atflags.o(i.nrf_atflags_get)
    i.nrf_atflags_set                        0x00027ecc   Section        0  nrf_atflags.o(i.nrf_atflags_set)
    i.nrf_atomic_u32_and                     0x00027ee0   Section        0  nrf_atomic.o(i.nrf_atomic_u32_and)
    i.nrf_atomic_u32_or                      0x00027eec   Section        0  nrf_atomic.o(i.nrf_atomic_u32_or)
    i.nrf_bitmask_bit_is_set                 0x00027ef8   Section        0  nrfx_gpiote.o(i.nrf_bitmask_bit_is_set)
    nrf_bitmask_bit_is_set                   0x00027ef9   Thumb Code    16  nrfx_gpiote.o(i.nrf_bitmask_bit_is_set)
    i.nrf_bitmask_bit_set                    0x00027f08   Section        0  nrfx_gpiote.o(i.nrf_bitmask_bit_set)
    nrf_bitmask_bit_set                      0x00027f09   Thumb Code    20  nrfx_gpiote.o(i.nrf_bitmask_bit_set)
    i.nrf_ble_gatt_init                      0x00027f1c   Section        0  nrf_ble_gatt.o(i.nrf_ble_gatt_init)
    i.nrf_ble_gatt_on_ble_evt                0x00027f40   Section        0  nrf_ble_gatt.o(i.nrf_ble_gatt_on_ble_evt)
    i.nrf_clock_event_check                  0x000280b4   Section        0  nrfx_clock.o(i.nrf_clock_event_check)
    nrf_clock_event_check                    0x000280b5   Thumb Code    14  nrfx_clock.o(i.nrf_clock_event_check)
    i.nrf_clock_event_clear                  0x000280c2   Section        0  nrfx_clock.o(i.nrf_clock_event_clear)
    nrf_clock_event_clear                    0x000280c3   Thumb Code    16  nrfx_clock.o(i.nrf_clock_event_clear)
    i.nrf_drv_clock_init                     0x000280d4   Section        0  nrf_drv_clock.o(i.nrf_drv_clock_init)
    i.nrf_drv_clock_lfclk_release            0x0002810c   Section        0  nrf_drv_clock.o(i.nrf_drv_clock_lfclk_release)
    i.nrf_fstorage_sdh_req_handler           0x0002813c   Section        0  nrf_fstorage_sd.o(i.nrf_fstorage_sdh_req_handler)
    i.nrf_fstorage_sdh_state_handler         0x00028154   Section        0  nrf_fstorage_sd.o(i.nrf_fstorage_sdh_state_handler)
    i.nrf_fstorage_sys_evt_handler           0x00028174   Section        0  nrf_fstorage_sd.o(i.nrf_fstorage_sys_evt_handler)
    i.nrf_gpio_cfg                           0x00028218   Section        0  boards.o(i.nrf_gpio_cfg)
    nrf_gpio_cfg                             0x00028219   Thumb Code    50  boards.o(i.nrf_gpio_cfg)
    i.nrf_gpio_cfg                           0x0002824a   Section        0  nrfx_gpiote.o(i.nrf_gpio_cfg)
    nrf_gpio_cfg                             0x0002824b   Thumb Code    50  nrfx_gpiote.o(i.nrf_gpio_cfg)
    i.nrf_gpio_cfg_sense_set                 0x0002827c   Section        0  nrfx_gpiote.o(i.nrf_gpio_cfg_sense_set)
    nrf_gpio_cfg_sense_set                   0x0002827d   Thumb Code    48  nrfx_gpiote.o(i.nrf_gpio_cfg_sense_set)
    i.nrf_gpio_pin_port_decode               0x000282ac   Section        0  boards.o(i.nrf_gpio_pin_port_decode)
    nrf_gpio_pin_port_decode                 0x000282ad   Thumb Code    22  boards.o(i.nrf_gpio_pin_port_decode)
    i.nrf_gpio_pin_port_decode               0x000282c8   Section        0  nrfx_gpiote.o(i.nrf_gpio_pin_port_decode)
    nrf_gpio_pin_port_decode                 0x000282c9   Thumb Code    22  nrfx_gpiote.o(i.nrf_gpio_pin_port_decode)
    i.nrf_gpio_pin_read                      0x000282e4   Section        0  nrfx_gpiote.o(i.nrf_gpio_pin_read)
    nrf_gpio_pin_read                        0x000282e5   Thumb Code    22  nrfx_gpiote.o(i.nrf_gpio_pin_read)
    i.nrf_gpio_pin_write                     0x000282fa   Section        0  boards.o(i.nrf_gpio_pin_write)
    nrf_gpio_pin_write                       0x000282fb   Thumb Code    38  boards.o(i.nrf_gpio_pin_write)
    i.nrf_gpio_ports_read                    0x00028320   Section        0  nrfx_gpiote.o(i.nrf_gpio_ports_read)
    nrf_gpio_ports_read                      0x00028321   Thumb Code    38  nrfx_gpiote.o(i.nrf_gpio_ports_read)
    i.nrf_gpiote_event_clear                 0x0002834c   Section        0  nrfx_gpiote.o(i.nrf_gpiote_event_clear)
    nrf_gpiote_event_clear                   0x0002834d   Thumb Code    16  nrfx_gpiote.o(i.nrf_gpiote_event_clear)
    i.nrf_gpiote_event_is_set                0x00028360   Section        0  nrfx_gpiote.o(i.nrf_gpiote_event_is_set)
    nrf_gpiote_event_is_set                  0x00028361   Thumb Code    12  nrfx_gpiote.o(i.nrf_gpiote_event_is_set)
    i.nrf_pwr_mgmt_init                      0x00028370   Section        0  nrf_pwr_mgmt.o(i.nrf_pwr_mgmt_init)
    i.nrf_pwr_mgmt_run                       0x00028398   Section        0  nrf_pwr_mgmt.o(i.nrf_pwr_mgmt_run)
    i.nrf_sdh_ble_app_ram_start_get          0x000283dc   Section        0  nrf_sdh_ble.o(i.nrf_sdh_ble_app_ram_start_get)
    i.nrf_sdh_ble_default_cfg_set            0x000283f0   Section        0  nrf_sdh_ble.o(i.nrf_sdh_ble_default_cfg_set)
    i.nrf_sdh_ble_enable                     0x00028474   Section        0  nrf_sdh_ble.o(i.nrf_sdh_ble_enable)
    i.nrf_sdh_ble_evts_poll                  0x00028488   Section        0  nrf_sdh_ble.o(i.nrf_sdh_ble_evts_poll)
    nrf_sdh_ble_evts_poll                    0x00028489   Thumb Code    82  nrf_sdh_ble.o(i.nrf_sdh_ble_evts_poll)
    i.nrf_sdh_disable_request                0x000284e4   Section        0  nrf_sdh.o(i.nrf_sdh_disable_request)
    i.nrf_sdh_enable_request                 0x00028538   Section        0  nrf_sdh.o(i.nrf_sdh_enable_request)
    i.nrf_sdh_evts_poll                      0x000285ac   Section        0  nrf_sdh.o(i.nrf_sdh_evts_poll)
    i.nrf_sdh_is_enabled                     0x000285d0   Section        0  nrf_sdh.o(i.nrf_sdh_is_enabled)
    i.nrf_sdh_request_continue               0x000285dc   Section        0  nrf_sdh.o(i.nrf_sdh_request_continue)
    i.nrf_sdh_soc_evts_poll                  0x000285f8   Section        0  nrf_sdh_soc.o(i.nrf_sdh_soc_evts_poll)
    nrf_sdh_soc_evts_poll                    0x000285f9   Thumb Code    56  nrf_sdh_soc.o(i.nrf_sdh_soc_evts_poll)
    i.nrf_section_iter_init                  0x00028634   Section        0  nrf_section_iter.o(i.nrf_section_iter_init)
    i.nrf_section_iter_item_set              0x0002863e   Section        0  nrf_section_iter.o(i.nrf_section_iter_item_set)
    nrf_section_iter_item_set                0x0002863f   Thumb Code    36  nrf_section_iter.o(i.nrf_section_iter_item_set)
    i.nrf_section_iter_next                  0x00028662   Section        0  nrf_section_iter.o(i.nrf_section_iter_next)
    i.nrfx_clock_enable                      0x00028684   Section        0  nrfx_clock.o(i.nrfx_clock_enable)
    i.nrfx_clock_init                        0x000286b0   Section        0  nrfx_clock.o(i.nrfx_clock_init)
    i.nrfx_clock_lfclk_stop                  0x000286d0   Section        0  nrfx_clock.o(i.nrfx_clock_lfclk_stop)
    i.nrfx_coredep_delay_us                  0x000286ec   Section        0  app_timer.o(i.nrfx_coredep_delay_us)
    nrfx_coredep_delay_us                    0x000286ed   Thumb Code    12  app_timer.o(i.nrfx_coredep_delay_us)
    i.nrfx_gpiote_in_init                    0x000286fc   Section        0  nrfx_gpiote.o(i.nrfx_gpiote_in_init)
    i.nrfx_gpiote_in_is_set                  0x000287d0   Section        0  nrfx_gpiote.o(i.nrfx_gpiote_in_is_set)
    i.nrfx_gpiote_init                       0x000287e0   Section        0  nrfx_gpiote.o(i.nrfx_gpiote_init)
    i.nrfx_gpiote_is_init                    0x00028854   Section        0  nrfx_gpiote.o(i.nrfx_gpiote_is_init)
    i.on_adv_report                          0x00028868   Section        0  main.o(i.on_adv_report)
    on_adv_report                            0x00028869   Thumb Code   112  main.o(i.on_adv_report)
    i.on_characteristic_discovery_rsp        0x000288fc   Section        0  ble_db_discovery.o(i.on_characteristic_discovery_rsp)
    on_characteristic_discovery_rsp          0x000288fd   Thumb Code   272  ble_db_discovery.o(i.on_characteristic_discovery_rsp)
    i.on_descriptor_discovery_rsp            0x00028a10   Section        0  ble_db_discovery.o(i.on_descriptor_discovery_rsp)
    on_descriptor_discovery_rsp              0x00028a11   Thumb Code   234  ble_db_discovery.o(i.on_descriptor_discovery_rsp)
    i.on_primary_srv_discovery_rsp           0x00028b00   Section        0  ble_db_discovery.o(i.on_primary_srv_discovery_rsp)
    on_primary_srv_discovery_rsp             0x00028b01   Thumb Code   104  ble_db_discovery.o(i.on_primary_srv_discovery_rsp)
    i.on_srv_disc_completion                 0x00028b6c   Section        0  ble_db_discovery.o(i.on_srv_disc_completion)
    on_srv_disc_completion                   0x00028b6d   Thumb Code   116  ble_db_discovery.o(i.on_srv_disc_completion)
    i.ping_advertising_init                  0x00028be8   Section        0  main.o(i.ping_advertising_init)
    ping_advertising_init                    0x00028be9   Thumb Code   108  main.o(i.ping_advertising_init)
    i.queue_free                             0x00028c5c   Section        0  nrf_fstorage_sd.o(i.queue_free)
    queue_free                               0x00028c5d   Thumb Code    10  nrf_fstorage_sd.o(i.queue_free)
    i.queue_process                          0x00028c70   Section        0  nrf_fstorage_sd.o(i.queue_process)
    queue_process                            0x00028c71   Thumb Code   148  nrf_fstorage_sd.o(i.queue_process)
    i.registered_handler_get                 0x00028d10   Section        0  ble_db_discovery.o(i.registered_handler_get)
    registered_handler_get                   0x00028d11   Thumb Code    48  ble_db_discovery.o(i.registered_handler_get)
    i.report_advertising_init                0x00028d48   Section        0  main.o(i.report_advertising_init)
    report_advertising_init                  0x00028d49   Thumb Code   218  main.o(i.report_advertising_init)
    i.rtc1_stop                              0x00028e2c   Section        0  app_timer.o(i.rtc1_stop)
    rtc1_stop                                0x00028e2d   Thumb Code    52  app_timer.o(i.rtc1_stop)
    i.sd_state_evt_handler                   0x00028e68   Section        0  nrf_drv_clock.o(i.sd_state_evt_handler)
    sd_state_evt_handler                     0x00028e69   Thumb Code    76  nrf_drv_clock.o(i.sd_state_evt_handler)
    i.sdh_request_observer_notify            0x00028eb8   Section        0  nrf_sdh.o(i.sdh_request_observer_notify)
    sdh_request_observer_notify              0x00028eb9   Thumb Code    44  nrf_sdh.o(i.sdh_request_observer_notify)
    i.sdh_state_observer_notify              0x00028ee8   Section        0  nrf_sdh.o(i.sdh_state_observer_notify)
    sdh_state_observer_notify                0x00028ee9   Thumb Code    38  nrf_sdh.o(i.sdh_state_observer_notify)
    i.soc_evt_handler                        0x00028f14   Section        0  nrf_drv_clock.o(i.soc_evt_handler)
    soc_evt_handler                          0x00028f15   Thumb Code    18  nrf_drv_clock.o(i.soc_evt_handler)
    i.softdevice_evt_irq_disable             0x00028f2c   Section        0  nrf_sdh.o(i.softdevice_evt_irq_disable)
    softdevice_evt_irq_disable               0x00028f2d   Thumb Code    52  nrf_sdh.o(i.softdevice_evt_irq_disable)
    i.softdevices_evt_irq_enable             0x00028f64   Section        0  nrf_sdh.o(i.softdevices_evt_irq_enable)
    softdevices_evt_irq_enable               0x00028f65   Thumb Code    80  nrf_sdh.o(i.softdevices_evt_irq_enable)
    i.timer_list_handler                     0x00028fbc   Section        0  app_timer.o(i.timer_list_handler)
    timer_list_handler                       0x00028fbd   Thumb Code   122  app_timer.o(i.timer_list_handler)
    i.timer_list_insert                      0x0002903c   Section        0  app_timer.o(i.timer_list_insert)
    timer_list_insert                        0x0002903d   Thumb Code    56  app_timer.o(i.timer_list_insert)
    i.timer_list_remove                      0x00029078   Section        0  app_timer.o(i.timer_list_remove)
    timer_list_remove                        0x00029079   Thumb Code    88  app_timer.o(i.timer_list_remove)
    i.timer_stop_op_schedule                 0x000290d8   Section        0  app_timer.o(i.timer_stop_op_schedule)
    timer_stop_op_schedule                   0x000290d9   Thumb Code    68  app_timer.o(i.timer_stop_op_schedule)
    i.timer_timeouts_check                   0x00029120   Section        0  app_timer.o(i.timer_timeouts_check)
    timer_timeouts_check                     0x00029121   Thumb Code   106  app_timer.o(i.timer_timeouts_check)
    i.tx_buffer_process                      0x00029194   Section        0  ble_lbs_c.o(i.tx_buffer_process)
    tx_buffer_process                        0x00029195   Thumb Code    62  ble_lbs_c.o(i.tx_buffer_process)
    i.update_device_list                     0x000291dc   Section        0  main.o(i.update_device_list)
    update_device_list                       0x000291dd   Thumb Code   106  main.o(i.update_device_list)
    i.user_op_alloc                          0x0002924c   Section        0  app_timer.o(i.user_op_alloc)
    user_op_alloc                            0x0002924d   Thumb Code    42  app_timer.o(i.user_op_alloc)
    .constdata                               0x0002927c   Section       14  main.o(.constdata)
    m_scan_params                            0x0002927c   Data          14  main.o(.constdata)
    .constdata                               0x0002928a   Section        8  boards.o(.constdata)
    m_board_led_list                         0x0002928a   Data           4  boards.o(.constdata)
    m_board_btn_list                         0x0002928e   Data           4  boards.o(.constdata)
    .constdata                               0x00029294   Section      124  ble_db_discovery.o(.constdata)
    .constdata                               0x00029310   Section       22  nrf_ble_gatt.o(.constdata)
    .constdata                               0x00029328   Section       16  ble_lbs_c.o(.constdata)
    .constdata                               0x00029338   Section        8  nrfx_gpiote.o(.constdata)
    .constdata                               0x00029340   Section        8  app_button.o(.constdata)
    m_detection_delay_timer_id               0x00029344   Data           4  app_button.o(.constdata)
    .constdata                               0x00029350   Section        6  app_timer.o(.constdata)
    delay_bytecode                           0x00029350   Data           6  app_timer.o(.constdata)
    .constdata                               0x00029358   Section       16  nrf_fstorage_sd.o(.constdata)
    m_fifo                                   0x00029358   Data           4  nrf_fstorage_sd.o(.constdata)
    m_flash_info                             0x0002935c   Data          12  nrf_fstorage_sd.o(.constdata)
    .constdata                               0x00029368   Section       24  nrf_pwr_mgmt.o(.constdata)
    pwr_mgmt_data_array                      0x00029368   Data          24  nrf_pwr_mgmt.o(.constdata)
    .constdata                               0x00029380   Section       12  nrf_pwr_mgmt.o(.constdata)
    pwr_mgmt_data                            0x00029380   Data          12  nrf_pwr_mgmt.o(.constdata)
    .constdata                               0x0002938c   Section       16  nrf_sdh.o(.constdata)
    sdh_req_observers_array                  0x0002938c   Data          16  nrf_sdh.o(.constdata)
    .constdata                               0x0002939c   Section       40  nrf_sdh.o(.constdata)
    sdh_req_observers                        0x000293a0   Data          12  nrf_sdh.o(.constdata)
    sdh_state_observers                      0x000293ac   Data          12  nrf_sdh.o(.constdata)
    sdh_stack_observers                      0x000293b8   Data          12  nrf_sdh.o(.constdata)
    .constdata                               0x000293c4   Section       16  nrf_sdh.o(.constdata)
    sdh_state_observers_array                0x000293c4   Data          16  nrf_sdh.o(.constdata)
    .constdata                               0x000293d4   Section       16  nrf_sdh.o(.constdata)
    sdh_stack_observers_array                0x000293d4   Data          16  nrf_sdh.o(.constdata)
    .constdata                               0x000293e4   Section       32  nrf_sdh_ble.o(.constdata)
    sdh_ble_observers_array                  0x000293e4   Data          32  nrf_sdh_ble.o(.constdata)
    .constdata                               0x00029404   Section       16  nrf_sdh_ble.o(.constdata)
    sdh_ble_observers                        0x00029408   Data          12  nrf_sdh_ble.o(.constdata)
    .constdata                               0x00029414   Section       16  nrf_sdh_soc.o(.constdata)
    sdh_soc_observers_array                  0x00029414   Data          16  nrf_sdh_soc.o(.constdata)
    .constdata                               0x00029424   Section       12  nrf_sdh_soc.o(.constdata)
    sdh_soc_observers                        0x00029424   Data          12  nrf_sdh_soc.o(.constdata)
    sdh_ble_observers0                       0x00029450   Section        8  ble_conn_state.o(sdh_ble_observers0)
    __tagsym$$used                           0x00029450   Number         0  ble_conn_state.o(sdh_ble_observers0)
    m_ble_evt_observer                       0x00029450   Data           8  ble_conn_state.o(sdh_ble_observers0)
    sdh_ble_observers1                       0x00029458   Section       16  main.o(sdh_ble_observers1)
    __tagsym$$used                           0x00029458   Number         0  main.o(sdh_ble_observers1)
    m_gatt_obs                               0x00029458   Data           8  main.o(sdh_ble_observers1)
    __tagsym$$used                           0x00029460   Number         0  main.o(sdh_ble_observers1)
    m_db_disc_obs                            0x00029460   Data           8  main.o(sdh_ble_observers1)
    sdh_ble_observers1                       0x00029468   Section        8  bsp_btn_ble.o(sdh_ble_observers1)
    __tagsym$$used                           0x00029468   Number         0  bsp_btn_ble.o(sdh_ble_observers1)
    m_ble_observer                           0x00029468   Data           8  bsp_btn_ble.o(sdh_ble_observers1)
    sdh_ble_observers2                       0x00029470   Section        8  main.o(sdh_ble_observers2)
    __tagsym$$used                           0x00029470   Number         0  main.o(sdh_ble_observers2)
    m_ble_lbs_c_obs                          0x00029470   Data           8  main.o(sdh_ble_observers2)
    sdh_ble_observers3                       0x00029478   Section        8  main.o(sdh_ble_observers3)
    __tagsym$$used                           0x00029478   Number         0  main.o(sdh_ble_observers3)
    m_ble_observer                           0x00029478   Data           8  main.o(sdh_ble_observers3)
    sdh_req_observers0                       0x00029480   Section        8  nrf_fstorage_sd.o(sdh_req_observers0)
    __tagsym$$used                           0x00029480   Number         0  nrf_fstorage_sd.o(sdh_req_observers0)
    sdh_soc_observers0                       0x00029488   Section        8  nrf_drv_clock.o(sdh_soc_observers0)
    __tagsym$$used                           0x00029488   Number         0  nrf_drv_clock.o(sdh_soc_observers0)
    m_soc_evt_observer                       0x00029488   Data           8  nrf_drv_clock.o(sdh_soc_observers0)
    sdh_soc_observers0                       0x00029490   Section        8  nrf_fstorage_sd.o(sdh_soc_observers0)
    __tagsym$$used                           0x00029490   Number         0  nrf_fstorage_sd.o(sdh_soc_observers0)
    m_sys_obs                                0x00029490   Data           8  nrf_fstorage_sd.o(sdh_soc_observers0)
    sdh_stack_observers0                     0x00029498   Section        8  nrf_sdh_ble.o(sdh_stack_observers0)
    __tagsym$$used                           0x00029498   Number         0  nrf_sdh_ble.o(sdh_stack_observers0)
    m_nrf_sdh_ble_evts_poll                  0x00029498   Data           8  nrf_sdh_ble.o(sdh_stack_observers0)
    sdh_stack_observers0                     0x000294a0   Section        8  nrf_sdh_soc.o(sdh_stack_observers0)
    __tagsym$$used                           0x000294a0   Number         0  nrf_sdh_soc.o(sdh_stack_observers0)
    m_nrf_sdh_soc_evts_poll                  0x000294a0   Data           8  nrf_sdh_soc.o(sdh_stack_observers0)
    sdh_state_observers0                     0x000294a8   Section        8  nrf_drv_clock.o(sdh_state_observers0)
    __tagsym$$used                           0x000294a8   Number         0  nrf_drv_clock.o(sdh_state_observers0)
    m_sd_state_observer                      0x000294a8   Data           8  nrf_drv_clock.o(sdh_state_observers0)
    sdh_state_observers0                     0x000294b0   Section        8  nrf_fstorage_sd.o(sdh_state_observers0)
    __tagsym$$used                           0x000294b0   Number         0  nrf_fstorage_sd.o(sdh_state_observers0)
    m_state_obs                              0x000294b0   Data           8  nrf_fstorage_sd.o(sdh_state_observers0)
    .data                                    0x20001d70   Section      716  main.o(.data)
    m_db_disc                                0x20001d70   Data         716  main.o(.data)
    .data                                    0x2000203c   Section       52  main.o(.data)
    m_adv_handle                             0x2000203c   Data           1  main.o(.data)
    ping_count                               0x2000203d   Data           1  main.o(.data)
    m_scan_buffer                            0x20002040   Data           8  main.o(.data)
    buttons                                  0x20002048   Data           8  main.o(.data)
    m_adv_data_ping                          0x20002050   Data          16  main.o(.data)
    m_adv_data_rep                           0x20002060   Data          16  main.o(.data)
    .data                                    0x20002070   Section        8  bsp_btn_ble.o(.data)
    m_error_handler                          0x20002070   Data           4  bsp_btn_ble.o(.data)
    m_num_connections                        0x20002074   Data           4  bsp_btn_ble.o(.data)
    .data                                    0x20002078   Section       16  ble_db_discovery.o(.data)
    m_initialized                            0x20002078   Data           1  ble_db_discovery.o(.data)
    m_evt_handler                            0x2000207c   Data           4  ble_db_discovery.o(.data)
    m_pending_usr_evt_index                  0x20002080   Data           4  ble_db_discovery.o(.data)
    m_num_of_handlers_reg                    0x20002084   Data           4  ble_db_discovery.o(.data)
    .data                                    0x20002088   Section        8  ble_lbs_c.o(.data)
    m_tx_insert_index                        0x20002088   Data           4  ble_lbs_c.o(.data)
    m_tx_index                               0x2000208c   Data           4  ble_lbs_c.o(.data)
    .data                                    0x20002090   Section        8  nrfx_clock.o(.data)
    m_clock_cb                               0x20002090   Data           8  nrfx_clock.o(.data)
    .data                                    0x20002098   Section        8  nrfx_prs.o(.data)
    m_prs_box_4                              0x20002098   Data           8  nrfx_prs.o(.data)
    .data                                    0x200020a0   Section       32  app_button.o(.data)
    m_button_count                           0x200020a0   Data           1  app_button.o(.data)
    mp_buttons                               0x200020a4   Data           4  app_button.o(.data)
    m_detection_delay                        0x200020a8   Data           4  app_button.o(.data)
    m_pin_state                              0x200020b0   Data           8  app_button.o(.data)
    m_pin_transition                         0x200020b8   Data           8  app_button.o(.data)
    .data                                    0x200020c0   Section       20  app_timer.o(.data)
    m_ticks_elapsed_q_read_ind               0x200020c0   Data           1  app_timer.o(.data)
    m_ticks_elapsed_q_write_ind              0x200020c1   Data           1  app_timer.o(.data)
    m_rtc1_running                           0x200020c2   Data           1  app_timer.o(.data)
    m_rtc1_reset                             0x200020c3   Data           1  app_timer.o(.data)
    mp_timer_id_head                         0x200020c4   Data           4  app_timer.o(.data)
    m_ticks_latest                           0x200020c8   Data           4  app_timer.o(.data)
    m_ticks_elapsed                          0x200020cc   Data           8  app_timer.o(.data)
    .data                                    0x200020d4   Section        8  nrf_fstorage_sd.o(.data)
    m_p_cur_op                               0x200020d4   Data           4  nrf_fstorage_sd.o(.data)
    m_iget_ctx                               0x200020d8   Data           4  nrf_fstorage_sd.o(.data)
    .data                                    0x200020dc   Section        8  nrf_pwr_mgmt.o(.data)
    m_pwr_mgmt_evt                           0x200020dc   Data           1  nrf_pwr_mgmt.o(.data)
    m_shutdown_started                       0x200020dd   Data           1  nrf_pwr_mgmt.o(.data)
    m_sysoff_mtx                             0x200020e0   Data           4  nrf_pwr_mgmt.o(.data)
    .data                                    0x200020e4   Section        3  nrf_sdh.o(.data)
    m_nrf_sdh_enabled                        0x200020e4   Data           1  nrf_sdh.o(.data)
    m_nrf_sdh_suspended                      0x200020e5   Data           1  nrf_sdh.o(.data)
    m_nrf_sdh_continue                       0x200020e6   Data           1  nrf_sdh.o(.data)
    .data                                    0x200020e7   Section        1  nrf_sdh_ble.o(.data)
    m_stack_is_enabled                       0x200020e7   Data           1  nrf_sdh_ble.o(.data)
    .data                                    0x200020e8   Section        4  system_nrf52840.o(.data)
    __tagsym$$used                           0x200020e8   Number         0  system_nrf52840.o(.data)
    .bss                                     0x200020ec   Section      144  main.o(.bss)
    m_ble_lbs_c                              0x200020ec   Data          16  main.o(.bss)
    m_gatt                                   0x200020fc   Data          20  main.o(.bss)
    devices_found                            0x20002110   Data          28  main.o(.bss)
    m_adv_params_ping                        0x2000212c   Data          24  main.o(.bss)
    m_enc_advdata_rep                        0x20002144   Data          31  main.o(.bss)
    m_adv_params_rep                         0x20002164   Data          24  main.o(.bss)
    .bss                                     0x2000217c   Section       31  main.o(.bss)
    m_enc_advdata_ping                       0x2000217c   Data          31  main.o(.bss)
    .bss                                     0x2000219b   Section       31  main.o(.bss)
    m_scan_buffer_data                       0x2000219b   Data          31  main.o(.bss)
    .bss                                     0x200021ba   Section       12  bsp.o(.bss)
    m_events_list                            0x200021ba   Data          12  bsp.o(.bss)
    .bss                                     0x200021c8   Section      120  ble_conn_state.o(.bss)
    m_bcs                                    0x200021c8   Data         120  ble_conn_state.o(.bss)
    .bss                                     0x20002240   Section      792  ble_db_discovery.o(.bss)
    m_registered_handlers                    0x20002240   Data          24  ble_db_discovery.o(.bss)
    m_pending_user_evts                      0x20002258   Data         768  ble_db_discovery.o(.bss)
    .bss                                     0x20002558   Section      160  ble_lbs_c.o(.bss)
    m_tx_buffer                              0x20002558   Data         160  ble_lbs_c.o(.bss)
    .bss                                     0x200025f8   Section       20  nrf_drv_clock.o(.bss)
    m_clock_cb                               0x200025f8   Data          20  nrf_drv_clock.o(.bss)
    .bss                                     0x2000260c   Section      108  nrfx_gpiote.o(.bss)
    m_cb                                     0x2000260c   Data         108  nrfx_gpiote.o(.bss)
    .bss                                     0x20002678   Section       32  app_button.o(.bss)
    m_detection_delay_timer_id_data          0x20002678   Data          32  app_button.o(.bss)
    .bss                                     0x20002698   Section      268  app_timer.o(.bss)
    m_op_queue                               0x20002698   Data         268  app_timer.o(.bss)
    .bss                                     0x200027a4   Section       12  app_util_platform.o(.bss)
    .bss                                     0x200027b0   Section       16  nrf_fstorage_sd.o(.bss)
    m_fifo_inst                              0x200027b0   Data          16  nrf_fstorage_sd.o(.bss)
    .bss                                     0x200027c0   Section      160  nrf_fstorage_sd.o(.bss)
    m_fifo_data                              0x200027c0   Data         140  nrf_fstorage_sd.o(.bss)
    m_flags                                  0x2000284c   Data          20  nrf_fstorage_sd.o(.bss)
    .bss                                     0x20002860   Section       12  nrf_pwr_mgmt.o(.bss)
    m_handlers_iter                          0x20002860   Data          12  nrf_pwr_mgmt.o(.bss)
    STACK                                    0x20002870   Section     8192  arm_startup_nrf52840.o(STACK)

    Global Symbols

    Symbol Name                              Value     Ov Type        Size  Object(Section)

    BuildAttributes$$THM_ISAv4$E$P$D$K$B$S$7EM$VFPi3$EXTD16$VFPS$VFMA$PE$A:L22UL41UL21$X:L11$S22US41US21$IEEE1$IW$USESV6$~STKCKD$USESV7$~SHL$OSPACE$ROPI$EBA8$MICROLIB$REQ8$EABIv2 0x00000000   Number         0  anon$$obj.o ABSOLUTE
    __ARM_use_no_argv                        0x00000000   Number         0  main.o ABSOLUTE
    _printf_a                                0x00000000   Number         0  stubs.o ABSOLUTE
    _printf_c                                0x00000000   Number         0  stubs.o ABSOLUTE
    _printf_charcount                        0x00000000   Number         0  stubs.o ABSOLUTE
    _printf_d                                0x00000000   Number         0  stubs.o ABSOLUTE
    _printf_e                                0x00000000   Number         0  stubs.o ABSOLUTE
    _printf_f                                0x00000000   Number         0  stubs.o ABSOLUTE
    _printf_flags                            0x00000000   Number         0  stubs.o ABSOLUTE
    _printf_fp_dec                           0x00000000   Number         0  stubs.o ABSOLUTE
    _printf_fp_hex                           0x00000000   Number         0  stubs.o ABSOLUTE
    _printf_g                                0x00000000   Number         0  stubs.o ABSOLUTE
    _printf_i                                0x00000000   Number         0  stubs.o ABSOLUTE
    _printf_int_dec                          0x00000000   Number         0  stubs.o ABSOLUTE
    _printf_l                                0x00000000   Number         0  stubs.o ABSOLUTE
    _printf_lc                               0x00000000   Number         0  stubs.o ABSOLUTE
    _printf_ll                               0x00000000   Number         0  stubs.o ABSOLUTE
    _printf_lld                              0x00000000   Number         0  stubs.o ABSOLUTE
    _printf_lli                              0x00000000   Number         0  stubs.o ABSOLUTE
    _printf_llo                              0x00000000   Number         0  stubs.o ABSOLUTE
    _printf_llu                              0x00000000   Number         0  stubs.o ABSOLUTE
    _printf_llx                              0x00000000   Number         0  stubs.o ABSOLUTE
    _printf_longlong_dec                     0x00000000   Number         0  stubs.o ABSOLUTE
    _printf_longlong_hex                     0x00000000   Number         0  stubs.o ABSOLUTE
    _printf_longlong_oct                     0x00000000   Number         0  stubs.o ABSOLUTE
    _printf_ls                               0x00000000   Number         0  stubs.o ABSOLUTE
    _printf_mbtowc                           0x00000000   Number         0  stubs.o ABSOLUTE
    _printf_n                                0x00000000   Number         0  stubs.o ABSOLUTE
    _printf_o                                0x00000000   Number         0  stubs.o ABSOLUTE
    _printf_p                                0x00000000   Number         0  stubs.o ABSOLUTE
    _printf_percent                          0x00000000   Number         0  stubs.o ABSOLUTE
    _printf_pre_padding                      0x00000000   Number         0  stubs.o ABSOLUTE
    _printf_return_value                     0x00000000   Number         0  stubs.o ABSOLUTE
    _printf_s                                0x00000000   Number         0  stubs.o ABSOLUTE
    _printf_sizespec                         0x00000000   Number         0  stubs.o ABSOLUTE
    _printf_str                              0x00000000   Number         0  stubs.o ABSOLUTE
    _printf_truncate_signed                  0x00000000   Number         0  stubs.o ABSOLUTE
    _printf_truncate_unsigned                0x00000000   Number         0  stubs.o ABSOLUTE
    _printf_u                                0x00000000   Number         0  stubs.o ABSOLUTE
    _printf_wc                               0x00000000   Number         0  stubs.o ABSOLUTE
    _printf_wctomb                           0x00000000   Number         0  stubs.o ABSOLUTE
    _printf_widthprec                        0x00000000   Number         0  stubs.o ABSOLUTE
    _printf_x                                0x00000000   Number         0  stubs.o ABSOLUTE
    __cpp_initialize__aeabi_                  - Undefined Weak Reference
    __cxa_finalize                            - Undefined Weak Reference
    _clock_init                               - Undefined Weak Reference
    _microlib_exit                            - Undefined Weak Reference
    fs_data$$Base                             - Undefined Reference
    fs_data$$Limit                            - Undefined Reference
    pwr_mgmt_data0$$Base                      - Undefined Reference
    pwr_mgmt_data0$$Limit                     - Undefined Reference
    pwr_mgmt_data1$$Base                      - Undefined Reference
    pwr_mgmt_data1$$Limit                     - Undefined Reference
    pwr_mgmt_data2$$Base                      - Undefined Reference
    pwr_mgmt_data2$$Limit                     - Undefined Reference
    sdh_req_observers1$$Base                  - Undefined Reference
    sdh_req_observers1$$Limit                 - Undefined Reference
    sdh_soc_observers1$$Base                  - Undefined Reference
    sdh_soc_observers1$$Limit                 - Undefined Reference
    sdh_stack_observers1$$Base                - Undefined Reference
    sdh_stack_observers1$$Limit               - Undefined Reference
    sdh_state_observers1$$Base                - Undefined Reference
    sdh_state_observers1$$Limit               - Undefined Reference
    __Vectors_Size                           0x00000200   Number         0  arm_startup_nrf52840.o ABSOLUTE
    __Vectors                                0x00026000   Data           4  arm_startup_nrf52840.o(RESET)
    __Vectors_End                            0x00026200   Data           0  arm_startup_nrf52840.o(RESET)
    __main                                   0x00026201   Thumb Code     0  entry.o(.ARM.Collect$$$$00000000)
    _main_stk                                0x00026201   Thumb Code     0  entry2.o(.ARM.Collect$$$$00000001)
    _main_scatterload                        0x00026205   Thumb Code     0  entry5.o(.ARM.Collect$$$$00000004)
    __main_after_scatterload                 0x00026209   Thumb Code     0  entry5.o(.ARM.Collect$$$$00000004)
    _main_clock                              0x00026209   Thumb Code     0  entry7b.o(.ARM.Collect$$$$00000008)
    _main_cpp_init                           0x00026209   Thumb Code     0  entry8b.o(.ARM.Collect$$$$0000000A)
    _main_init                               0x00026209   Thumb Code     0  entry9a.o(.ARM.Collect$$$$0000000B)
    __rt_final_cpp                           0x00026211   Thumb Code     0  entry10a.o(.ARM.Collect$$$$0000000D)
    __rt_final_exit                          0x00026211   Thumb Code     0  entry11a.o(.ARM.Collect$$$$0000000F)
    __asm___12_nrf_atfifo_c_51f461e1__nrf_atfifo_wspace_req 0x00026215   Thumb Code    56  nrf_atfifo.o(.emb_text)
    __asm___12_nrf_atfifo_c_51f461e1__nrf_atfifo_wspace_close 0x0002624d   Thumb Code    18  nrf_atfifo.o(.emb_text)
    __asm___12_nrf_atfifo_c_51f461e1__nrf_atfifo_rspace_req 0x0002625f   Thumb Code    58  nrf_atfifo.o(.emb_text)
    __asm___12_nrf_atfifo_c_51f461e1__nrf_atfifo_rspace_close 0x00026299   Thumb Code    18  nrf_atfifo.o(.emb_text)
    __asm___12_nrf_atfifo_c_51f461e1__nrf_atfifo_space_clear 0x000262ab   Thumb Code    50  nrf_atfifo.o(.emb_text)
    __asm___12_nrf_atomic_c_85ca2469__nrf_atomic_internal_mov 0x000262dd   Thumb Code    24  nrf_atomic.o(.emb_text)
    __asm___12_nrf_atomic_c_85ca2469__nrf_atomic_internal_orr 0x000262f5   Thumb Code    26  nrf_atomic.o(.emb_text)
    __asm___12_nrf_atomic_c_85ca2469__nrf_atomic_internal_and 0x0002630f   Thumb Code    26  nrf_atomic.o(.emb_text)
    __asm___12_nrf_atomic_c_85ca2469__nrf_atomic_internal_eor 0x00026329   Thumb Code    26  nrf_atomic.o(.emb_text)
    __asm___12_nrf_atomic_c_85ca2469__nrf_atomic_internal_add 0x00026343   Thumb Code    26  nrf_atomic.o(.emb_text)
    __asm___12_nrf_atomic_c_85ca2469__nrf_atomic_internal_sub 0x0002635d   Thumb Code    26  nrf_atomic.o(.emb_text)
    __asm___12_nrf_atomic_c_85ca2469__nrf_atomic_internal_cmp_exch 0x00026377   Thumb Code    42  nrf_atomic.o(.emb_text)
    __asm___12_nrf_atomic_c_85ca2469__nrf_atomic_internal_sub_hs 0x000263a1   Thumb Code    30  nrf_atomic.o(.emb_text)
    Reset_Handler                            0x000263c1   Thumb Code     8  arm_startup_nrf52840.o(.text)
    NMI_Handler                              0x000263c9   Thumb Code     2  arm_startup_nrf52840.o(.text)
    HardFault_Handler                        0x000263cb   Thumb Code     2  arm_startup_nrf52840.o(.text)
    MemoryManagement_Handler                 0x000263cd   Thumb Code     2  arm_startup_nrf52840.o(.text)
    BusFault_Handler                         0x000263cf   Thumb Code     2  arm_startup_nrf52840.o(.text)
    UsageFault_Handler                       0x000263d1   Thumb Code     2  arm_startup_nrf52840.o(.text)
    SVC_Handler                              0x000263d3   Thumb Code     2  arm_startup_nrf52840.o(.text)
    DebugMon_Handler                         0x000263d5   Thumb Code     2  arm_startup_nrf52840.o(.text)
    PendSV_Handler                           0x000263d7   Thumb Code     2  arm_startup_nrf52840.o(.text)
    SysTick_Handler                          0x000263d9   Thumb Code     2  arm_startup_nrf52840.o(.text)
    CCM_AAR_IRQHandler                       0x000263db   Thumb Code     0  arm_startup_nrf52840.o(.text)
    COMP_LPCOMP_IRQHandler                   0x000263db   Thumb Code     0  arm_startup_nrf52840.o(.text)
    CRYPTOCELL_IRQHandler                    0x000263db   Thumb Code     0  arm_startup_nrf52840.o(.text)
    ECB_IRQHandler                           0x000263db   Thumb Code     0  arm_startup_nrf52840.o(.text)
    FPU_IRQHandler                           0x000263db   Thumb Code     0  arm_startup_nrf52840.o(.text)
    I2S_IRQHandler                           0x000263db   Thumb Code     0  arm_startup_nrf52840.o(.text)
    MWU_IRQHandler                           0x000263db   Thumb Code     0  arm_startup_nrf52840.o(.text)
    NFCT_IRQHandler                          0x000263db   Thumb Code     0  arm_startup_nrf52840.o(.text)
    PDM_IRQHandler                           0x000263db   Thumb Code     0  arm_startup_nrf52840.o(.text)
    PWM0_IRQHandler                          0x000263db   Thumb Code     0  arm_startup_nrf52840.o(.text)
    PWM1_IRQHandler                          0x000263db   Thumb Code     0  arm_startup_nrf52840.o(.text)
    PWM2_IRQHandler                          0x000263db   Thumb Code     0  arm_startup_nrf52840.o(.text)
    PWM3_IRQHandler                          0x000263db   Thumb Code     0  arm_startup_nrf52840.o(.text)
    QDEC_IRQHandler                          0x000263db   Thumb Code     0  arm_startup_nrf52840.o(.text)
    QSPI_IRQHandler                          0x000263db   Thumb Code     0  arm_startup_nrf52840.o(.text)
    RADIO_IRQHandler                         0x000263db   Thumb Code     0  arm_startup_nrf52840.o(.text)
    RNG_IRQHandler                           0x000263db   Thumb Code     0  arm_startup_nrf52840.o(.text)
    RTC0_IRQHandler                          0x000263db   Thumb Code     0  arm_startup_nrf52840.o(.text)
    RTC2_IRQHandler                          0x000263db   Thumb Code     0  arm_startup_nrf52840.o(.text)
    SAADC_IRQHandler                         0x000263db   Thumb Code     0  arm_startup_nrf52840.o(.text)
    SPIM0_SPIS0_TWIM0_TWIS0_SPI0_TWI0_IRQHandler 0x000263db   Thumb Code     0  arm_startup_nrf52840.o(.text)
    SPIM1_SPIS1_TWIM1_TWIS1_SPI1_TWI1_IRQHandler 0x000263db   Thumb Code     0  arm_startup_nrf52840.o(.text)
    SPIM2_SPIS2_SPI2_IRQHandler              0x000263db   Thumb Code     0  arm_startup_nrf52840.o(.text)
    SPIM3_IRQHandler                         0x000263db   Thumb Code     0  arm_startup_nrf52840.o(.text)
    SWI1_EGU1_IRQHandler                     0x000263db   Thumb Code     0  arm_startup_nrf52840.o(.text)
    SWI3_EGU3_IRQHandler                     0x000263db   Thumb Code     0  arm_startup_nrf52840.o(.text)
    SWI4_EGU4_IRQHandler                     0x000263db   Thumb Code     0  arm_startup_nrf52840.o(.text)
    SWI5_EGU5_IRQHandler                     0x000263db   Thumb Code     0  arm_startup_nrf52840.o(.text)
    TEMP_IRQHandler                          0x000263db   Thumb Code     0  arm_startup_nrf52840.o(.text)
    TIMER0_IRQHandler                        0x000263db   Thumb Code     0  arm_startup_nrf52840.o(.text)
    TIMER1_IRQHandler                        0x000263db   Thumb Code     0  arm_startup_nrf52840.o(.text)
    TIMER2_IRQHandler                        0x000263db   Thumb Code     0  arm_startup_nrf52840.o(.text)
    TIMER3_IRQHandler                        0x000263db   Thumb Code     0  arm_startup_nrf52840.o(.text)
    TIMER4_IRQHandler                        0x000263db   Thumb Code     0  arm_startup_nrf52840.o(.text)
    UARTE1_IRQHandler                        0x000263db   Thumb Code     0  arm_startup_nrf52840.o(.text)
    USBD_IRQHandler                          0x000263db   Thumb Code     0  arm_startup_nrf52840.o(.text)
    WDT_IRQHandler                           0x000263db   Thumb Code     0  arm_startup_nrf52840.o(.text)
    __aeabi_uldivmod                         0x000263e5   Thumb Code    98  uldiv.o(.text)
    __aeabi_llsl                             0x00026447   Thumb Code    30  llshl.o(.text)
    _ll_shift_l                              0x00026447   Thumb Code     0  llshl.o(.text)
    __aeabi_memcpy                           0x00026465   Thumb Code    36  memcpya.o(.text)
    __aeabi_memcpy4                          0x00026465   Thumb Code     0  memcpya.o(.text)
    __aeabi_memcpy8                          0x00026465   Thumb Code     0  memcpya.o(.text)
    __aeabi_memset                           0x00026489   Thumb Code    14  memseta.o(.text)
    __aeabi_memset4                          0x00026489   Thumb Code     0  memseta.o(.text)
    __aeabi_memset8                          0x00026489   Thumb Code     0  memseta.o(.text)
    __aeabi_memclr                           0x00026497   Thumb Code     4  memseta.o(.text)
    __aeabi_memclr4                          0x00026497   Thumb Code     0  memseta.o(.text)
    __aeabi_memclr8                          0x00026497   Thumb Code     0  memseta.o(.text)
    _memset$wrapper                          0x0002649b   Thumb Code    18  memseta.o(.text)
    memcmp                                   0x000264ad   Thumb Code    26  memcmp.o(.text)
    __aeabi_llsr                             0x000264c7   Thumb Code    32  llushr.o(.text)
    _ll_ushift_r                             0x000264c7   Thumb Code     0  llushr.o(.text)
    __scatterload                            0x000264e9   Thumb Code    28  init.o(.text)
    __scatterload_rt2                        0x000264e9   Thumb Code     0  init.o(.text)
    __decompress                             0x0002650d   Thumb Code     0  __dczerorl2.o(.text)
    __decompress1                            0x0002650d   Thumb Code    86  __dczerorl2.o(.text)
    GPIOTE_IRQHandler                        0x00026565   Thumb Code   428  nrfx_gpiote.o(i.GPIOTE_IRQHandler)
    POWER_CLOCK_IRQHandler                   0x0002677d   Thumb Code    82  nrfx_clock.o(i.POWER_CLOCK_IRQHandler)
    RTC1_IRQHandler                          0x000267d5   Thumb Code    32  app_timer.o(i.RTC1_IRQHandler)
    SWI0_EGU0_IRQHandler                     0x000267f9   Thumb Code     4  app_timer.o(i.SWI0_EGU0_IRQHandler)
    SWI2_EGU2_IRQHandler                     0x000267fd   Thumb Code     4  nrf_sdh.o(i.SWI2_EGU2_IRQHandler)
    SystemInit                               0x00026801   Thumb Code   416  system_nrf52840.o(i.SystemInit)
    UARTE0_UART0_IRQHandler                  0x000269dd   Thumb Code     6  nrfx_prs.o(i.UARTE0_UART0_IRQHandler)
    __0sprintf$8                             0x000269e9   Thumb Code    34  printf8.o(i.__0sprintf$8)
    __1sprintf$8                             0x000269e9   Thumb Code     0  printf8.o(i.__0sprintf$8)
    __2sprintf                               0x000269e9   Thumb Code     0  printf8.o(i.__0sprintf$8)
    __scatterload_copy                       0x00026a11   Thumb Code    14  handlers.o(i.__scatterload_copy)
    __scatterload_null                       0x00026a1f   Thumb Code     2  handlers.o(i.__scatterload_null)
    __scatterload_zeroinit                   0x00026a21   Thumb Code    14  handlers.o(i.__scatterload_zeroinit)
    app_button_init                          0x00026f11   Thumb Code   102  app_button.o(i.app_button_init)
    app_error_fault_handler                  0x00026f89   Thumb Code    40  app_error_weak.o(i.app_error_fault_handler)
    app_error_handler_bare                   0x00026fb9   Thumb Code    22  app_error.o(i.app_error_handler_bare)
    app_timer_create                         0x00026fd1   Thumb Code    36  app_timer.o(i.app_timer_create)
    app_timer_init                           0x00026ff9   Thumb Code    70  app_timer.o(i.app_timer_init)
    app_timer_start                          0x0002704d   Thumb Code   128  app_timer.o(i.app_timer_start)
    app_timer_stop                           0x000270d5   Thumb Code    26  app_timer.o(i.app_timer_stop)
    app_util_critical_region_enter           0x000270f5   Thumb Code    64  app_util_platform.o(i.app_util_critical_region_enter)
    app_util_critical_region_exit            0x0002713d   Thumb Code    46  app_util_platform.o(i.app_util_critical_region_exit)
    ble_db_discovery_evt_register            0x00027171   Thumb Code    56  ble_db_discovery.o(i.ble_db_discovery_evt_register)
    ble_db_discovery_init                    0x000271b1   Thumb Code    24  ble_db_discovery.o(i.ble_db_discovery_init)
    ble_db_discovery_on_ble_evt              0x000271cd   Thumb Code   138  ble_db_discovery.o(i.ble_db_discovery_on_ble_evt)
    ble_lbs_c_init                           0x00027439   Thumb Code    80  ble_lbs_c.o(i.ble_lbs_c_init)
    ble_lbs_c_on_ble_evt                     0x0002748d   Thumb Code   116  ble_lbs_c.o(i.ble_lbs_c_on_ble_evt)
    ble_lbs_led_status_send                  0x00027501   Thumb Code    80  ble_lbs_c.o(i.ble_lbs_led_status_send)
    ble_lbs_on_db_disc_evt                   0x00027559   Thumb Code   140  ble_lbs_c.o(i.ble_lbs_on_db_disc_evt)
    bsp_board_init                           0x000275e5   Thumb Code    80  boards.o(i.bsp_board_init)
    bsp_board_led_off                        0x00027639   Thumb Code    10  boards.o(i.bsp_board_led_off)
    bsp_board_leds_off                       0x00027649   Thumb Code    18  boards.o(i.bsp_board_leds_off)
    bsp_event_to_button_action_assign        0x0002765d   Thumb Code    64  bsp.o(i.bsp_event_to_button_action_assign)
    conn_handle_list_get                     0x00027875   Thumb Code    62  ble_conn_state.o(i.conn_handle_list_get)
    main                                     0x00027d9d   Thumb Code   198  main.o(i.main)
    nrf_atfifo_item_free                     0x00027e75   Thumb Code    22  nrf_atfifo.o(i.nrf_atfifo_item_free)
    nrf_atfifo_item_get                      0x00027e8b   Thumb Code    22  nrf_atfifo.o(i.nrf_atfifo_item_get)
    nrf_atflags_clear                        0x00027ea1   Thumb Code    22  nrf_atflags.o(i.nrf_atflags_clear)
    nrf_atflags_get                          0x00027eb7   Thumb Code    22  nrf_atflags.o(i.nrf_atflags_get)
    nrf_atflags_set                          0x00027ecd   Thumb Code    20  nrf_atflags.o(i.nrf_atflags_set)
    nrf_atomic_u32_and                       0x00027ee1   Thumb Code    12  nrf_atomic.o(i.nrf_atomic_u32_and)
    nrf_atomic_u32_or                        0x00027eed   Thumb Code    12  nrf_atomic.o(i.nrf_atomic_u32_or)
    nrf_ble_gatt_init                        0x00027f1d   Thumb Code    34  nrf_ble_gatt.o(i.nrf_ble_gatt_init)
    nrf_ble_gatt_on_ble_evt                  0x00027f41   Thumb Code   366  nrf_ble_gatt.o(i.nrf_ble_gatt_on_ble_evt)
    nrf_drv_clock_init                       0x000280d5   Thumb Code    48  nrf_drv_clock.o(i.nrf_drv_clock_init)
    nrf_drv_clock_lfclk_release              0x0002810d   Thumb Code    42  nrf_drv_clock.o(i.nrf_drv_clock_lfclk_release)
    nrf_fstorage_sdh_req_handler             0x0002813d   Thumb Code    18  nrf_fstorage_sd.o(i.nrf_fstorage_sdh_req_handler)
    nrf_fstorage_sdh_state_handler           0x00028155   Thumb Code    28  nrf_fstorage_sd.o(i.nrf_fstorage_sdh_state_handler)
    nrf_fstorage_sys_evt_handler             0x00028175   Thumb Code   154  nrf_fstorage_sd.o(i.nrf_fstorage_sys_evt_handler)
    nrf_pwr_mgmt_init                        0x00028371   Thumb Code    28  nrf_pwr_mgmt.o(i.nrf_pwr_mgmt_init)
    nrf_pwr_mgmt_run                         0x00028399   Thumb Code    64  nrf_pwr_mgmt.o(i.nrf_pwr_mgmt_run)
    nrf_sdh_ble_app_ram_start_get            0x000283dd   Thumb Code    16  nrf_sdh_ble.o(i.nrf_sdh_ble_app_ram_start_get)
    nrf_sdh_ble_default_cfg_set              0x000283f1   Thumb Code   132  nrf_sdh_ble.o(i.nrf_sdh_ble_default_cfg_set)
    nrf_sdh_ble_enable                       0x00028475   Thumb Code    14  nrf_sdh_ble.o(i.nrf_sdh_ble_enable)
    nrf_sdh_disable_request                  0x000284e5   Thumb Code    80  nrf_sdh.o(i.nrf_sdh_disable_request)
    nrf_sdh_enable_request                   0x00028539   Thumb Code   102  nrf_sdh.o(i.nrf_sdh_enable_request)
    nrf_sdh_evts_poll                        0x000285ad   Thumb Code    32  nrf_sdh.o(i.nrf_sdh_evts_poll)
    nrf_sdh_is_enabled                       0x000285d1   Thumb Code     6  nrf_sdh.o(i.nrf_sdh_is_enabled)
    nrf_sdh_request_continue                 0x000285dd   Thumb Code    22  nrf_sdh.o(i.nrf_sdh_request_continue)
    nrf_section_iter_init                    0x00028635   Thumb Code    10  nrf_section_iter.o(i.nrf_section_iter_init)
    nrf_section_iter_next                    0x00028663   Thumb Code    32  nrf_section_iter.o(i.nrf_section_iter_next)
    nrfx_clock_enable                        0x00028685   Thumb Code    36  nrfx_clock.o(i.nrfx_clock_enable)
    nrfx_clock_init                          0x000286b1   Thumb Code    26  nrfx_clock.o(i.nrfx_clock_init)
    nrfx_clock_lfclk_stop                    0x000286d1   Thumb Code    20  nrfx_clock.o(i.nrfx_clock_lfclk_stop)
    nrfx_gpiote_in_init                      0x000286fd   Thumb Code   200  nrfx_gpiote.o(i.nrfx_gpiote_in_init)
    nrfx_gpiote_in_is_set                    0x000287d1   Thumb Code    14  nrfx_gpiote.o(i.nrfx_gpiote_in_is_set)
    nrfx_gpiote_init                         0x000287e1   Thumb Code   104  nrfx_gpiote.o(i.nrfx_gpiote_init)
    nrfx_gpiote_is_init                      0x00028855   Thumb Code    14  nrfx_gpiote.o(i.nrfx_gpiote_is_init)
    m_ram_start                              0x00029404   Data           4  nrf_sdh_ble.o(.constdata)
    Region$$Table$$Base                      0x00029430   Number         0  anon$$obj.o(Region$$Table)
    Region$$Table$$Limit                     0x00029450   Number         0  anon$$obj.o(Region$$Table)
    sdh_ble_observers0$$Base                 0x00029450   Number         0  ble_conn_state.o(sdh_ble_observers0)
    sdh_ble_observers0$$Limit                0x00029458   Number         0  ble_conn_state.o(sdh_ble_observers0)
    sdh_ble_observers1$$Base                 0x00029458   Number         0  main.o(sdh_ble_observers1)
    sdh_ble_observers1$$Limit                0x00029470   Number         0  bsp_btn_ble.o(sdh_ble_observers1)
    sdh_ble_observers2$$Base                 0x00029470   Number         0  main.o(sdh_ble_observers2)
    sdh_ble_observers2$$Limit                0x00029478   Number         0  main.o(sdh_ble_observers2)
    sdh_ble_observers3$$Base                 0x00029478   Number         0  main.o(sdh_ble_observers3)
    m_req_obs                                0x00029480   Data           8  nrf_fstorage_sd.o(sdh_req_observers0)
    sdh_ble_observers3$$Limit                0x00029480   Number         0  main.o(sdh_ble_observers3)
    sdh_req_observers0$$Base                 0x00029480   Number         0  nrf_fstorage_sd.o(sdh_req_observers0)
    sdh_req_observers0$$Limit                0x00029488   Number         0  nrf_fstorage_sd.o(sdh_req_observers0)
    sdh_soc_observers0$$Base                 0x00029488   Number         0  nrf_drv_clock.o(sdh_soc_observers0)
    sdh_soc_observers0$$Limit                0x00029498   Number         0  nrf_fstorage_sd.o(sdh_soc_observers0)
    sdh_stack_observers0$$Base               0x00029498   Number         0  nrf_sdh_ble.o(sdh_stack_observers0)
    sdh_stack_observers0$$Limit              0x000294a8   Number         0  nrf_sdh_soc.o(sdh_stack_observers0)
    sdh_state_observers0$$Base               0x000294a8   Number         0  nrf_drv_clock.o(sdh_state_observers0)
    sdh_state_observers0$$Limit              0x000294b8   Number         0  nrf_fstorage_sd.o(sdh_state_observers0)
    Image$$RW_IRAM1$$Base                    0x20001d70   Number         0  anon$$obj.o ABSOLUTE
    SystemCoreClock                          0x200020e8   Data           4  system_nrf52840.o(.data)
    nrf_nvic_state                           0x200027a4   Data          12  app_util_platform.o(.bss)
    __initial_sp                             0x20004870   Data           0  arm_startup_nrf52840.o(STACK)



==============================================================================

Memory Map of the image

  Image Entry point : 0x00026201

  Load Region LR_IROM1 (Base: 0x00026000, Size: 0x00003834, Max: 0x000da000, ABSOLUTE, COMPRESSED[0x000034e0])

    Execution Region ER_IROM1 (Exec base: 0x00026000, Load base: 0x00026000, Size: 0x000034b8, Max: 0x000da000, ABSOLUTE)

    Exec Addr    Load Addr    Size         Type   Attr      Idx    E Section Name        Object

    0x00026000   0x00026000   0x00000200   Data   RO         4417    RESET               arm_startup_nrf52840.o
    0x00026200   0x00026200   0x00000000   Code   RO         4458  * .ARM.Collect$$$$00000000  mc_w.l(entry.o)
    0x00026200   0x00026200   0x00000004   Code   RO         4745    .ARM.Collect$$$$00000001  mc_w.l(entry2.o)
    0x00026204   0x00026204   0x00000004   Code   RO         4748    .ARM.Collect$$$$00000004  mc_w.l(entry5.o)
    0x00026208   0x00026208   0x00000000   Code   RO         4750    .ARM.Collect$$$$00000008  mc_w.l(entry7b.o)
    0x00026208   0x00026208   0x00000000   Code   RO         4752    .ARM.Collect$$$$0000000A  mc_w.l(entry8b.o)
    0x00026208   0x00026208   0x00000008   Code   RO         4753    .ARM.Collect$$$$0000000B  mc_w.l(entry9a.o)
    0x00026210   0x00026210   0x00000000   Code   RO         4755    .ARM.Collect$$$$0000000D  mc_w.l(entry10a.o)
    0x00026210   0x00026210   0x00000000   Code   RO         4757    .ARM.Collect$$$$0000000F  mc_w.l(entry11a.o)
    0x00026210   0x00026210   0x00000004   Code   RO         4746    .ARM.Collect$$$$00002712  mc_w.l(entry2.o)
    0x00026214   0x00026214   0x000000c8   Code   RO         2942    .emb_text           nrf_atfifo.o
    0x000262dc   0x000262dc   0x000000e2   Code   RO         3081    .emb_text           nrf_atomic.o
    0x000263be   0x000263be   0x00000002   PAD
    0x000263c0   0x000263c0   0x00000024   Code   RO         4418    .text               arm_startup_nrf52840.o
    0x000263e4   0x000263e4   0x00000062   Code   RO         4466    .text               mc_w.l(uldiv.o)
    0x00026446   0x00026446   0x0000001e   Code   RO         4468    .text               mc_w.l(llshl.o)
    0x00026464   0x00026464   0x00000024   Code   RO         4470    .text               mc_w.l(memcpya.o)
    0x00026488   0x00026488   0x00000024   Code   RO         4472    .text               mc_w.l(memseta.o)
    0x000264ac   0x000264ac   0x0000001a   Code   RO         4478    .text               mc_w.l(memcmp.o)
    0x000264c6   0x000264c6   0x00000020   Code   RO         4762    .text               mc_w.l(llushr.o)
    0x000264e6   0x000264e6   0x00000002   PAD
    0x000264e8   0x000264e8   0x00000024   Code   RO         4776    .text               mc_w.l(init.o)
    0x0002650c   0x0002650c   0x00000056   Code   RO         4790    .text               mc_w.l(__dczerorl2.o)
    0x00026562   0x00026562   0x00000002   PAD
    0x00026564   0x00026564   0x000001b4   Code   RO         1720    i.GPIOTE_IRQHandler  nrfx_gpiote.o
    0x00026718   0x00026718   0x00000016   Code   RO         2656    i.NVIC_ClearPendingIRQ  app_timer.o
    0x0002672e   0x0002672e   0x00000016   Code   RO         2657    i.NVIC_EnableIRQ    app_timer.o
    0x00026744   0x00026744   0x00000016   Code   RO         2658    i.NVIC_SetPendingIRQ  app_timer.o
    0x0002675a   0x0002675a   0x00000020   Code   RO         2659    i.NVIC_SetPriority  app_timer.o
    0x0002677a   0x0002677a   0x00000002   PAD
    0x0002677c   0x0002677c   0x00000058   Code   RO         1588    i.POWER_CLOCK_IRQHandler  nrfx_clock.o
    0x000267d4   0x000267d4   0x00000024   Code   RO         2660    i.RTC1_IRQHandler   app_timer.o
    0x000267f8   0x000267f8   0x00000004   Code   RO         2661    i.SWI0_EGU0_IRQHandler  app_timer.o
    0x000267fc   0x000267fc   0x00000004   Code   RO         4217    i.SWI2_EGU2_IRQHandler  nrf_sdh.o
    0x00026800   0x00026800   0x000001dc   Code   RO         4426    i.SystemInit        system_nrf52840.o
    0x000269dc   0x000269dc   0x0000000c   Code   RO         2039    i.UARTE0_UART0_IRQHandler  nrfx_prs.o
    0x000269e8   0x000269e8   0x00000028   Code   RO         4693    i.__0sprintf$8      mc_w.l(printf8.o)
    0x00026a10   0x00026a10   0x0000000e   Code   RO         4784    i.__scatterload_copy  mc_w.l(handlers.o)
    0x00026a1e   0x00026a1e   0x00000002   Code   RO         4785    i.__scatterload_null  mc_w.l(handlers.o)
    0x00026a20   0x00026a20   0x0000000e   Code   RO         4786    i.__scatterload_zeroinit  mc_w.l(handlers.o)
    0x00026a2e   0x00026a2e   0x00000002   PAD
    0x00026a30   0x00026a30   0x00000024   Code   RO         4218    i.__sd_nvic_app_accessible_irq  nrf_sdh.o
    0x00026a54   0x00026a54   0x00000410   Code   RO         4698    i._printf_core      mc_w.l(printf8.o)
    0x00026e64   0x00026e64   0x00000024   Code   RO         4699    i._printf_post_padding  mc_w.l(printf8.o)
    0x00026e88   0x00026e88   0x0000002e   Code   RO         4700    i._printf_pre_padding  mc_w.l(printf8.o)
    0x00026eb6   0x00026eb6   0x0000000a   Code   RO         4702    i._sputc            mc_w.l(printf8.o)
    0x00026ec0   0x00026ec0   0x00000036   Code   RO          626    i.advertising_buttons_configure  bsp_btn_ble.o
    0x00026ef6   0x00026ef6   0x00000002   PAD
    0x00026ef8   0x00026ef8   0x00000018   Code   RO            4    i.advertising_start  main.o
    0x00026f10   0x00026f10   0x00000078   Code   RO         2452    i.app_button_init   app_button.o
    0x00026f88   0x00026f88   0x00000030   Code   RO         2571    i.app_error_fault_handler  app_error_weak.o
    0x00026fb8   0x00026fb8   0x00000016   Code   RO         2515    i.app_error_handler_bare  app_error.o
    0x00026fce   0x00026fce   0x00000002   PAD
    0x00026fd0   0x00026fd0   0x00000028   Code   RO         2664    i.app_timer_create  app_timer.o
    0x00026ff8   0x00026ff8   0x00000054   Code   RO         2665    i.app_timer_init    app_timer.o
    0x0002704c   0x0002704c   0x00000088   Code   RO         2668    i.app_timer_start   app_timer.o
    0x000270d4   0x000270d4   0x00000020   Code   RO         2669    i.app_timer_stop    app_timer.o
    0x000270f4   0x000270f4   0x00000048   Code   RO         2829    i.app_util_critical_region_enter  app_util_platform.o
    0x0002713c   0x0002713c   0x00000034   Code   RO         2830    i.app_util_critical_region_exit  app_util_platform.o
    0x00027170   0x00027170   0x00000040   Code   RO         1055    i.ble_db_discovery_evt_register  ble_db_discovery.o
    0x000271b0   0x000271b0   0x0000001c   Code   RO         1056    i.ble_db_discovery_init  ble_db_discovery.o
    0x000271cc   0x000271cc   0x00000090   Code   RO         1057    i.ble_db_discovery_on_ble_evt  ble_db_discovery.o
    0x0002725c   0x0002725c   0x00000068   Code   RO            6    i.ble_evt_handler   main.o
    0x000272c4   0x000272c4   0x00000070   Code   RO          627    i.ble_evt_handler   bsp_btn_ble.o
    0x00027334   0x00027334   0x00000104   Code   RO          901    i.ble_evt_handler   ble_conn_state.o
    0x00027438   0x00027438   0x00000054   Code   RO         1325    i.ble_lbs_c_init    ble_lbs_c.o
    0x0002748c   0x0002748c   0x00000074   Code   RO         1326    i.ble_lbs_c_on_ble_evt  ble_lbs_c.o
    0x00027500   0x00027500   0x00000058   Code   RO         1327    i.ble_lbs_led_status_send  ble_lbs_c.o
    0x00027558   0x00027558   0x0000008c   Code   RO         1328    i.ble_lbs_on_db_disc_evt  ble_lbs_c.o
    0x000275e4   0x000275e4   0x00000054   Code   RO          373    i.bsp_board_init    boards.o
    0x00027638   0x00027638   0x00000010   Code   RO          376    i.bsp_board_led_off  boards.o
    0x00027648   0x00027648   0x00000012   Code   RO          379    i.bsp_board_leds_off  boards.o
    0x0002765a   0x0002765a   0x00000002   PAD
    0x0002765c   0x0002765c   0x00000044   Code   RO          514    i.bsp_event_to_button_action_assign  bsp.o
    0x000276a0   0x000276a0   0x0000002c   Code   RO            7    i.button_event_handler  main.o
    0x000276cc   0x000276cc   0x0000001c   Code   RO         1721    i.channel_free      nrfx_gpiote.o
    0x000276e8   0x000276e8   0x00000048   Code   RO         1722    i.channel_port_alloc  nrfx_gpiote.o
    0x00027730   0x00027730   0x00000010   Code   RO         1723    i.channel_port_get  nrfx_gpiote.o
    0x00027740   0x00027740   0x00000042   Code   RO         1059    i.characteristics_discover  ble_db_discovery.o
    0x00027782   0x00027782   0x00000002   PAD
    0x00027784   0x00027784   0x00000028   Code   RO         1390    i.clock_clk_started_notify  nrf_drv_clock.o
    0x000277ac   0x000277ac   0x0000001c   Code   RO         1391    i.clock_irq_handler  nrf_drv_clock.o
    0x000277c8   0x000277c8   0x000000ac   Code   RO         2671    i.compare_reg_update  app_timer.o
    0x00027874   0x00027874   0x0000003e   Code   RO          902    i.conn_handle_list_get  ble_conn_state.o
    0x000278b2   0x000278b2   0x0000001e   Code   RO         1233    i.data_length_update  nrf_ble_gatt.o
    0x000278d0   0x000278d0   0x0000000c   Code   RO            8    i.db_disc_handler   main.o
    0x000278dc   0x000278dc   0x0000008c   Code   RO         1060    i.descriptors_discover  ble_db_discovery.o
    0x00027968   0x00027968   0x00000098   Code   RO         2454    i.detection_delay_timeout_handler  app_button.o
    0x00027a00   0x00027a00   0x00000090   Code   RO         1061    i.discovery_complete_evt_trigger  ble_db_discovery.o
    0x00027a90   0x00027a90   0x0000003c   Code   RO         1062    i.discovery_error_evt_trigger  ble_db_discovery.o
    0x00027acc   0x00027acc   0x0000005c   Code   RO         1063    i.discovery_start   ble_db_discovery.o
    0x00027b28   0x00027b28   0x00000040   Code   RO         2672    i.elapsed_ticks_acquire  app_timer.o
    0x00027b68   0x00027b68   0x00000054   Code   RO         3420    i.event_send        nrf_fstorage_sd.o
    0x00027bbc   0x00027bbc   0x00000084   Code   RO         2455    i.gpiote_event_handler  app_button.o
    0x00027c40   0x00027c40   0x0000004c   Code   RO         1064    i.is_desc_discovery_reqd  ble_db_discovery.o
    0x00027c8c   0x00027c8c   0x00000002   Code   RO            9    i.lbs_c_evt_handler  main.o
    0x00027c8e   0x00027c8e   0x00000014   Code   RO         1234    i.link_init         nrf_ble_gatt.o
    0x00027ca2   0x00027ca2   0x00000002   PAD
    0x00027ca4   0x00027ca4   0x000000f8   Code   RO         2673    i.list_insertions_handler  app_timer.o
    0x00027d9c   0x00027d9c   0x000000d8   Code   RO           10    i.main              main.o
    0x00027e74   0x00027e74   0x00000016   Code   RO         2948    i.nrf_atfifo_item_free  nrf_atfifo.o
    0x00027e8a   0x00027e8a   0x00000016   Code   RO         2949    i.nrf_atfifo_item_get  nrf_atfifo.o
    0x00027ea0   0x00027ea0   0x00000016   Code   RO         3015    i.nrf_atflags_clear  nrf_atflags.o
    0x00027eb6   0x00027eb6   0x00000016   Code   RO         3020    i.nrf_atflags_get   nrf_atflags.o
    0x00027ecc   0x00027ecc   0x00000014   Code   RO         3022    i.nrf_atflags_set   nrf_atflags.o
    0x00027ee0   0x00027ee0   0x0000000c   Code   RO         3087    i.nrf_atomic_u32_and  nrf_atomic.o
    0x00027eec   0x00027eec   0x0000000c   Code   RO         3096    i.nrf_atomic_u32_or  nrf_atomic.o
    0x00027ef8   0x00027ef8   0x00000010   Code   RO         1724    i.nrf_bitmask_bit_is_set  nrfx_gpiote.o
    0x00027f08   0x00027f08   0x00000014   Code   RO         1725    i.nrf_bitmask_bit_set  nrfx_gpiote.o
    0x00027f1c   0x00027f1c   0x00000022   Code   RO         1240    i.nrf_ble_gatt_init  nrf_ble_gatt.o
    0x00027f3e   0x00027f3e   0x00000002   PAD
    0x00027f40   0x00027f40   0x00000174   Code   RO         1241    i.nrf_ble_gatt_on_ble_evt  nrf_ble_gatt.o
    0x000280b4   0x000280b4   0x0000000e   Code   RO         1589    i.nrf_clock_event_check  nrfx_clock.o
    0x000280c2   0x000280c2   0x00000010   Code   RO         1590    i.nrf_clock_event_clear  nrfx_clock.o
    0x000280d2   0x000280d2   0x00000002   PAD
    0x000280d4   0x000280d4   0x00000038   Code   RO         1398    i.nrf_drv_clock_init  nrf_drv_clock.o
    0x0002810c   0x0002810c   0x00000030   Code   RO         1402    i.nrf_drv_clock_lfclk_release  nrf_drv_clock.o
    0x0002813c   0x0002813c   0x00000018   Code   RO         3423    i.nrf_fstorage_sdh_req_handler  nrf_fstorage_sd.o
    0x00028154   0x00028154   0x00000020   Code   RO         3424    i.nrf_fstorage_sdh_state_handler  nrf_fstorage_sd.o
    0x00028174   0x00028174   0x000000a4   Code   RO         3425    i.nrf_fstorage_sys_evt_handler  nrf_fstorage_sd.o
    0x00028218   0x00028218   0x00000032   Code   RO          383    i.nrf_gpio_cfg      boards.o
    0x0002824a   0x0002824a   0x00000032   Code   RO         1726    i.nrf_gpio_cfg      nrfx_gpiote.o
    0x0002827c   0x0002827c   0x00000030   Code   RO         1728    i.nrf_gpio_cfg_sense_set  nrfx_gpiote.o
    0x000282ac   0x000282ac   0x0000001c   Code   RO          384    i.nrf_gpio_pin_port_decode  boards.o
    0x000282c8   0x000282c8   0x0000001c   Code   RO         1730    i.nrf_gpio_pin_port_decode  nrfx_gpiote.o
    0x000282e4   0x000282e4   0x00000016   Code   RO         1731    i.nrf_gpio_pin_read  nrfx_gpiote.o
    0x000282fa   0x000282fa   0x00000026   Code   RO          385    i.nrf_gpio_pin_write  boards.o
    0x00028320   0x00028320   0x0000002c   Code   RO         1733    i.nrf_gpio_ports_read  nrfx_gpiote.o
    0x0002834c   0x0002834c   0x00000014   Code   RO         1734    i.nrf_gpiote_event_clear  nrfx_gpiote.o
    0x00028360   0x00028360   0x00000010   Code   RO         1735    i.nrf_gpiote_event_is_set  nrfx_gpiote.o
    0x00028370   0x00028370   0x00000028   Code   RO         3610    i.nrf_pwr_mgmt_init  nrf_pwr_mgmt.o
    0x00028398   0x00028398   0x00000044   Code   RO         3611    i.nrf_pwr_mgmt_run  nrf_pwr_mgmt.o
    0x000283dc   0x000283dc   0x00000014   Code   RO         4335    i.nrf_sdh_ble_app_ram_start_get  nrf_sdh_ble.o
    0x000283f0   0x000283f0   0x00000084   Code   RO         4336    i.nrf_sdh_ble_default_cfg_set  nrf_sdh_ble.o
    0x00028474   0x00028474   0x00000014   Code   RO         4337    i.nrf_sdh_ble_enable  nrf_sdh_ble.o
    0x00028488   0x00028488   0x0000005c   Code   RO         4338    i.nrf_sdh_ble_evts_poll  nrf_sdh_ble.o
    0x000284e4   0x000284e4   0x00000054   Code   RO         4219    i.nrf_sdh_disable_request  nrf_sdh.o
    0x00028538   0x00028538   0x00000074   Code   RO         4220    i.nrf_sdh_enable_request  nrf_sdh.o
    0x000285ac   0x000285ac   0x00000024   Code   RO         4221    i.nrf_sdh_evts_poll  nrf_sdh.o
    0x000285d0   0x000285d0   0x0000000c   Code   RO         4222    i.nrf_sdh_is_enabled  nrf_sdh.o
    0x000285dc   0x000285dc   0x0000001c   Code   RO         4224    i.nrf_sdh_request_continue  nrf_sdh.o
    0x000285f8   0x000285f8   0x0000003c   Code   RO         4386    i.nrf_sdh_soc_evts_poll  nrf_sdh_soc.o
    0x00028634   0x00028634   0x0000000a   Code   RO         3679    i.nrf_section_iter_init  nrf_section_iter.o
    0x0002863e   0x0002863e   0x00000024   Code   RO         3680    i.nrf_section_iter_item_set  nrf_section_iter.o
    0x00028662   0x00028662   0x00000020   Code   RO         3681    i.nrf_section_iter_next  nrf_section_iter.o
    0x00028682   0x00028682   0x00000002   PAD
    0x00028684   0x00028684   0x0000002c   Code   RO         1595    i.nrfx_clock_enable  nrfx_clock.o
    0x000286b0   0x000286b0   0x00000020   Code   RO         1598    i.nrfx_clock_init   nrfx_clock.o
    0x000286d0   0x000286d0   0x0000001c   Code   RO         1601    i.nrfx_clock_lfclk_stop  nrfx_clock.o
    0x000286ec   0x000286ec   0x00000010   Code   RO         2674    i.nrfx_coredep_delay_us  app_timer.o
    0x000286fc   0x000286fc   0x000000d4   Code   RO         1741    i.nrfx_gpiote_in_init  nrfx_gpiote.o
    0x000287d0   0x000287d0   0x0000000e   Code   RO         1742    i.nrfx_gpiote_in_is_set  nrfx_gpiote.o
    0x000287de   0x000287de   0x00000002   PAD
    0x000287e0   0x000287e0   0x00000074   Code   RO         1744    i.nrfx_gpiote_init  nrfx_gpiote.o
    0x00028854   0x00028854   0x00000014   Code   RO         1745    i.nrfx_gpiote_is_init  nrfx_gpiote.o
    0x00028868   0x00028868   0x00000094   Code   RO           11    i.on_adv_report     main.o
    0x000288fc   0x000288fc   0x00000114   Code   RO         1065    i.on_characteristic_discovery_rsp  ble_db_discovery.o
    0x00028a10   0x00028a10   0x000000f0   Code   RO         1066    i.on_descriptor_discovery_rsp  ble_db_discovery.o
    0x00028b00   0x00028b00   0x0000006c   Code   RO         1067    i.on_primary_srv_discovery_rsp  ble_db_discovery.o
    0x00028b6c   0x00028b6c   0x0000007c   Code   RO         1068    i.on_srv_disc_completion  ble_db_discovery.o
    0x00028be8   0x00028be8   0x00000074   Code   RO           12    i.ping_advertising_init  main.o
    0x00028c5c   0x00028c5c   0x00000014   Code   RO         3426    i.queue_free        nrf_fstorage_sd.o
    0x00028c70   0x00028c70   0x000000a0   Code   RO         3427    i.queue_process     nrf_fstorage_sd.o
    0x00028d10   0x00028d10   0x00000038   Code   RO         1069    i.registered_handler_get  ble_db_discovery.o
    0x00028d48   0x00028d48   0x000000e4   Code   RO           13    i.report_advertising_init  main.o
    0x00028e2c   0x00028e2c   0x0000003c   Code   RO         2675    i.rtc1_stop         app_timer.o
    0x00028e68   0x00028e68   0x00000050   Code   RO         1405    i.sd_state_evt_handler  nrf_drv_clock.o
    0x00028eb8   0x00028eb8   0x00000030   Code   RO         4227    i.sdh_request_observer_notify  nrf_sdh.o
    0x00028ee8   0x00028ee8   0x0000002c   Code   RO         4228    i.sdh_state_observer_notify  nrf_sdh.o
    0x00028f14   0x00028f14   0x00000018   Code   RO         1406    i.soc_evt_handler   nrf_drv_clock.o
    0x00028f2c   0x00028f2c   0x00000038   Code   RO         4229    i.softdevice_evt_irq_disable  nrf_sdh.o
    0x00028f64   0x00028f64   0x00000058   Code   RO         4230    i.softdevices_evt_irq_enable  nrf_sdh.o
    0x00028fbc   0x00028fbc   0x00000080   Code   RO         2676    i.timer_list_handler  app_timer.o
    0x0002903c   0x0002903c   0x0000003c   Code   RO         2677    i.timer_list_insert  app_timer.o
    0x00029078   0x00029078   0x00000060   Code   RO         2678    i.timer_list_remove  app_timer.o
    0x000290d8   0x000290d8   0x00000048   Code   RO         2679    i.timer_stop_op_schedule  app_timer.o
    0x00029120   0x00029120   0x00000074   Code   RO         2680    i.timer_timeouts_check  app_timer.o
    0x00029194   0x00029194   0x00000048   Code   RO         1329    i.tx_buffer_process  ble_lbs_c.o
    0x000291dc   0x000291dc   0x00000070   Code   RO           14    i.update_device_list  main.o
    0x0002924c   0x0002924c   0x00000030   Code   RO         2681    i.user_op_alloc     app_timer.o
    0x0002927c   0x0002927c   0x0000000e   Data   RO           18    .constdata          main.o
    0x0002928a   0x0002928a   0x00000008   Data   RO          386    .constdata          boards.o
    0x00029292   0x00029292   0x00000002   PAD
    0x00029294   0x00029294   0x0000007c   Data   RO         1071    .constdata          ble_db_discovery.o
    0x00029310   0x00029310   0x00000016   Data   RO         1242    .constdata          nrf_ble_gatt.o
    0x00029326   0x00029326   0x00000002   PAD
    0x00029328   0x00029328   0x00000010   Data   RO         1331    .constdata          ble_lbs_c.o
    0x00029338   0x00029338   0x00000008   Data   RO         1764    .constdata          nrfx_gpiote.o
    0x00029340   0x00029340   0x00000008   Data   RO         2457    .constdata          app_button.o
    0x00029348   0x00029348   0x00000008   PAD
    0x00029350   0x00029350   0x00000006   Data   RO         2683    .constdata          app_timer.o
    0x00029356   0x00029356   0x00000002   PAD
    0x00029358   0x00029358   0x00000010   Data   RO         3436    .constdata          nrf_fstorage_sd.o
    0x00029368   0x00029368   0x00000018   Data   RO         3615    .constdata          nrf_pwr_mgmt.o
    0x00029380   0x00029380   0x0000000c   Data   RO         3616    .constdata          nrf_pwr_mgmt.o
    0x0002938c   0x0002938c   0x00000010   Data   RO         4231    .constdata          nrf_sdh.o
    0x0002939c   0x0002939c   0x00000028   Data   RO         4232    .constdata          nrf_sdh.o
    0x000293c4   0x000293c4   0x00000010   Data   RO         4233    .constdata          nrf_sdh.o
    0x000293d4   0x000293d4   0x00000010   Data   RO         4234    .constdata          nrf_sdh.o
    0x000293e4   0x000293e4   0x00000020   Data   RO         4339    .constdata          nrf_sdh_ble.o
    0x00029404   0x00029404   0x00000010   Data   RO         4340    .constdata          nrf_sdh_ble.o
    0x00029414   0x00029414   0x00000010   Data   RO         4387    .constdata          nrf_sdh_soc.o
    0x00029424   0x00029424   0x0000000c   Data   RO         4388    .constdata          nrf_sdh_soc.o
    0x00029430   0x00029430   0x00000020   Data   RO         4782    Region$$Table       anon$$obj.o
    0x00029450   0x00029450   0x00000008   Data   RO          906    sdh_ble_observers0  ble_conn_state.o
    0x00029458   0x00029458   0x00000010   Data   RO           21    sdh_ble_observers1  main.o
    0x00029468   0x00029468   0x00000008   Data   RO          631    sdh_ble_observers1  bsp_btn_ble.o
    0x00029470   0x00029470   0x00000008   Data   RO           22    sdh_ble_observers2  main.o
    0x00029478   0x00029478   0x00000008   Data   RO           23    sdh_ble_observers3  main.o
    0x00029480   0x00029480   0x00000008   Data   RO         3439    sdh_req_observers0  nrf_fstorage_sd.o
    0x00029488   0x00029488   0x00000008   Data   RO         1412    sdh_soc_observers0  nrf_drv_clock.o
    0x00029490   0x00029490   0x00000008   Data   RO         3440    sdh_soc_observers0  nrf_fstorage_sd.o
    0x00029498   0x00029498   0x00000008   Data   RO         4342    sdh_stack_observers0  nrf_sdh_ble.o
    0x000294a0   0x000294a0   0x00000008   Data   RO         4389    sdh_stack_observers0  nrf_sdh_soc.o
    0x000294a8   0x000294a8   0x00000008   Data   RO         1413    sdh_state_observers0  nrf_drv_clock.o
    0x000294b0   0x000294b0   0x00000008   Data   RO         3441    sdh_state_observers0  nrf_fstorage_sd.o


    Execution Region RW_IRAM1 (Exec base: 0x20001d70, Load base: 0x000294b8, Size: 0x00002b00, Max: 0x0003e290, ABSOLUTE, COMPRESSED[0x00000028])

    Exec Addr    Load Addr    Size         Type   Attr      Idx    E Section Name        Object

    0x20001d70   COMPRESSED   0x000002cc   Data   RW           19    .data               main.o
    0x2000203c   COMPRESSED   0x00000034   Data   RW           20    .data               main.o
    0x20002070   COMPRESSED   0x00000008   Data   RW          630    .data               bsp_btn_ble.o
    0x20002078   COMPRESSED   0x00000010   Data   RW         1072    .data               ble_db_discovery.o
    0x20002088   COMPRESSED   0x00000008   Data   RW         1332    .data               ble_lbs_c.o
    0x20002090   COMPRESSED   0x00000008   Data   RW         1605    .data               nrfx_clock.o
    0x20002098   COMPRESSED   0x00000008   Data   RW         2044    .data               nrfx_prs.o
    0x200020a0   COMPRESSED   0x00000020   Data   RW         2458    .data               app_button.o
    0x200020c0   COMPRESSED   0x00000014   Data   RW         2684    .data               app_timer.o
    0x200020d4   COMPRESSED   0x00000008   Data   RW         3438    .data               nrf_fstorage_sd.o
    0x200020dc   COMPRESSED   0x00000008   Data   RW         3617    .data               nrf_pwr_mgmt.o
    0x200020e4   COMPRESSED   0x00000003   Data   RW         4235    .data               nrf_sdh.o
    0x200020e7   COMPRESSED   0x00000001   Data   RW         4341    .data               nrf_sdh_ble.o
    0x200020e8   COMPRESSED   0x00000004   Data   RW         4427    .data               system_nrf52840.o
    0x200020ec        -       0x00000090   Zero   RW           15    .bss                main.o
    0x2000217c        -       0x0000001f   Zero   RW           16    .bss                main.o
    0x2000219b        -       0x0000001f   Zero   RW           17    .bss                main.o
    0x200021ba        -       0x0000000c   Zero   RW          526    .bss                bsp.o
    0x200021c6   COMPRESSED   0x00000002   PAD
    0x200021c8        -       0x00000078   Zero   RW          905    .bss                ble_conn_state.o
    0x20002240        -       0x00000318   Zero   RW         1070    .bss                ble_db_discovery.o
    0x20002558        -       0x000000a0   Zero   RW         1330    .bss                ble_lbs_c.o
    0x200025f8        -       0x00000014   Zero   RW         1407    .bss                nrf_drv_clock.o
    0x2000260c        -       0x0000006c   Zero   RW         1763    .bss                nrfx_gpiote.o
    0x20002678        -       0x00000020   Zero   RW         2456    .bss                app_button.o
    0x20002698        -       0x0000010c   Zero   RW         2682    .bss                app_timer.o
    0x200027a4        -       0x0000000c   Zero   RW         2835    .bss                app_util_platform.o
    0x200027b0        -       0x00000010   Zero   RW         3434    .bss                nrf_fstorage_sd.o
    0x200027c0        -       0x000000a0   Zero   RW         3435    .bss                nrf_fstorage_sd.o
    0x20002860        -       0x0000000c   Zero   RW         3614    .bss                nrf_pwr_mgmt.o
    0x2000286c   COMPRESSED   0x00000004   PAD
    0x20002870        -       0x00002000   Zero   RW         4415    STACK               arm_startup_nrf52840.o


==============================================================================

Image component sizes


      Code (inc. data)   RO Data    RW Data    ZI Data      Debug   Object Name

       404         32          8         32         32      12498   app_button.o
        22          0          0          0          0       2481   app_error.o
        48          8          0          0          0      30553   app_error_weak.o
      1510        118          6         20        268      48803   app_timer.o
       124         14          0          0         12       9526   app_util_platform.o
        36          8        512          0       8192        948   arm_startup_nrf52840.o
         0          0          0          0          0        392   ble_advdata.o
         0          0          0          0          0       1692   ble_advertising.o
       322          6          8          0        120       7841   ble_conn_state.o
      1618         72        124         16        792      18146   ble_db_discovery.o
       500         22         16          8        160       6751   ble_lbs_c.o
       234         16          8          0          0      45349   boards.o
        68          4          0          0         12       6852   bsp.o
       166          6          8          8          0       3292   bsp_btn_ble.o
      1006        102         46        768        206     117659   main.o
       244          0          0          0          0       5717   nrf_atfifo.o
        64          0          0          0          0       3020   nrf_atflags.o
       250          0          0          0          0       3752   nrf_atomic.o
       456          6         22          0          0      34362   nrf_ble_gatt.o
       276         34         16          0         20      37654   nrf_drv_clock.o
       484         42         40          8        176       9623   nrf_fstorage_sd.o
       108         16         36          8         12      36321   nrf_pwr_mgmt.o
       552         60         88          3          0      41716   nrf_sdh.o
       264         20         56          1          0       5639   nrf_sdh_ble.o
        60          4         36          0          0       2408   nrf_sdh_soc.o
        78          0          0          0          0       2836   nrf_section_iter.o
       222         28          0          8          0      39796   nrfx_clock.o
      1178         76          8          0        108      57266   nrfx_gpiote.o
        12          6          0          8          0       2082   nrfx_prs.o
       476         60          0          4          0       2391   system_nrf52840.o

    ----------------------------------------------------------------------
     10804        760       1084        892      10116     597366   Object Totals
         0          0         32          0          0          0   (incl. Generated)
        22          0         14          0          6          0   (incl. Padding)

    ----------------------------------------------------------------------

      Code (inc. data)   RO Data    RW Data    ZI Data      Debug   Library Member Name

        86          0          0          0          0          0   __dczerorl2.o
         0          0          0          0          0          0   entry.o
         0          0          0          0          0          0   entry10a.o
         0          0          0          0          0          0   entry11a.o
         8          4          0          0          0          0   entry2.o
         4          0          0          0          0          0   entry5.o
         0          0          0          0          0          0   entry7b.o
         0          0          0          0          0          0   entry8b.o
         8          4          0          0          0          0   entry9a.o
        30          0          0          0          0          0   handlers.o
        36          8          0          0          0         68   init.o
        30          0          0          0          0         68   llshl.o
        32          0          0          0          0         68   llushr.o
        26          0          0          0          0         80   memcmp.o
        36          0          0          0          0         68   memcpya.o
        36          0          0          0          0        108   memseta.o
      1172         50          0          0          0        420   printf8.o
        98          0          0          0          0         92   uldiv.o

    ----------------------------------------------------------------------
      1608         66          0          0          0        972   Library Totals
         6          0          0          0          0          0   (incl. Padding)

    ----------------------------------------------------------------------

      Code (inc. data)   RO Data    RW Data    ZI Data      Debug   Library Name

      1602         66          0          0          0        972   mc_w.l

    ----------------------------------------------------------------------
      1608         66          0          0          0        972   Library Totals

    ----------------------------------------------------------------------

==============================================================================


      Code (inc. data)   RO Data    RW Data    ZI Data      Debug   

     12412        826       1084        892      10116     584754   Grand Totals
     12412        826       1084         40      10116     584754   ELF Image Totals (compressed)
     12412        826       1084         40          0          0   ROM Totals

==============================================================================

    Total RO  Size (Code + RO Data)                13496 (  13.18kB)
    Total RW  Size (RW Data + ZI Data)             11008 (  10.75kB)
    Total ROM Size (Code + RO Data + RW Data)      13536 (  13.22kB)

==============================================================================

